[INTERACTOR → SOLUTION] 3
[INTERACTOR → SOLUTION] 88
[INTERACTOR → SOLUTION] 2 5 25 26 14 17 27 28
[INTERACTOR → SOLUTION] 0 5 38 39 29 26 25 40
[INTERACTOR → SOLUTION] 0 5 47 48 41 39 38 49
[INTERACTOR → SOLUTION] 4 5 14 15 0 5 16 17
[INTERACTOR → SOLUTION] 2 5 29 30 18 15 14 26
[INTERACTOR → SOLUTION] 0 5 41 42 31 30 29 39
[INTERACTOR → SOLUTION] 4 5 50 51 43 42 41 48
[INTERACTOR → SOLUTION] 2 5 0 1 2 3 4 5
[INTERACTOR → SOLUTION] 3 5 18 19 6 1 0 15
[INTERACTOR → SOLUTION] 1 5 31 32 20 19 18 30
[INTERACTOR → SOLUTION] 1 5 43 44 33 32 31 42
[INTERACTOR → SOLUTION] 3 5 52 53 45 44 43 51
[INTERACTOR → SOLUTION] 5 0 6 7 8 9 2 1
[INTERACTOR → SOLUTION] 0 5 20 21 10 7 6 19
[INTERACTOR → SOLUTION] 2 5 33 34 22 21 20 32
[INTERACTOR → SOLUTION] 4 5 45 46 35 34 33 44
[INTERACTOR → SOLUTION] 1 5 10 11 12 13 8 7
[INTERACTOR → SOLUTION] 3 5 22 23 24 11 10 21
[INTERACTOR → SOLUTION] 1 5 35 36 37 23 22 34
[INTERACTOR → SOLUTION] C0 2 25 28
[INTERACTOR → SOLUTION] C1 2 45 46
[INTERACTOR → SOLUTION] C2 2 16 17
[INTERACTOR → SOLUTION] C3 2 23 24
[INTERACTOR → SOLUTION] C4 2 2 3
[INTERACTOR → SOLUTION] C31 8 35 36 11 12 50 51 4 5
[SOLUTION → INTERACTOR] START
[SOLUTION → INTERACTOR] BUILD_DC 10
[SOLUTION → INTERACTOR] BUILD_DC 18
[SOLUTION → INTERACTOR] BUILD_CABLE 10 21
[SOLUTION → INTERACTOR] BUILD_CABLE 18 15
[INTERACTOR → SOLUTION] 8
[INTERACTOR → SOLUTION] 0 0 0 0 0
[SOLUTION → INTERACTOR] 0
[INTERACTOR → SOLUTION] 4
[INTERACTOR → SOLUTION] 0 0 0 0 0
[SOLUTION → INTERACTOR] 0
[INTERACTOR → SOLUTION] 5
[INTERACTOR → SOLUTION] 1 2 1 2 0
[SOLUTION → INTERACTOR] 1
[SOLUTION → INTERACTOR] BUILD_CABLE 15 0
[INTERACTOR → SOLUTION] 8
[INTERACTOR → SOLUTION] 0 1 1 2 0
[SOLUTION → INTERACTOR] 0
[INTERACTOR → SOLUTION] 6
[INTERACTOR → SOLUTION] 0 1 1 2 0
[SOLUTION → INTERACTOR] 0
[INTERACTOR → SOLUTION] 12
[INTERACTOR → SOLUTION] 0 1 1 2 0
[SOLUTION → INTERACTOR] 0
[INTERACTOR → SOLUTION] 8
[INTERACTOR → SOLUTION] 0 1 1 2 0
[SOLUTION → INTERACTOR] 0
[INTERACTOR → SOLUTION] 9
[INTERACTOR → SOLUTION] 0 1 1 2 0
[SOLUTION → INTERACTOR] 0
[INTERACTOR → SOLUTION] 6
[INTERACTOR → SOLUTION] 0 1 1 2 0
[SOLUTION → INTERACTOR] 0
[INTERACTOR → SOLUTION] 6
[INTERACTOR → SOLUTION] 0 1 1 2 0
[SOLUTION → INTERACTOR] 0
[INTERACTOR → SOLUTION] 7
[INTERACTOR → SOLUTION] 0 1 1 2 0
[SOLUTION → INTERACTOR] 0
[INTERACTOR → SOLUTION] 6
[INTERACTOR → SOLUTION] 0 1 1 2 0
[SOLUTION → INTERACTOR] 0
[INTERACTOR → SOLUTION] 5
[INTERACTOR → SOLUTION] 1 3 2 4 0
[SOLUTION → INTERACTOR] 1
[SOLUTION → INTERACTOR] BUILD_DC 0
[INTERACTOR → SOLUTION] 6
[INTERACTOR → SOLUTION] 0 2 1 3 0
[SOLUTION → INTERACTOR] 0
[INTERACTOR → SOLUTION] 10
[INTERACTOR → SOLUTION] 0 2 1 3 0
[SOLUTION → INTERACTOR] 0
[INTERACTOR → SOLUTION] 8
[INTERACTOR → SOLUTION] 0 2 1 3 0
[SOLUTION → INTERACTOR] 0
[INTERACTOR → SOLUTION] 3
[INTERACTOR → SOLUTION] 0 2 1 3 0
[SOLUTION → INTERACTOR] 0
[INTERACTOR → SOLUTION] 2
[INTERACTOR → SOLUTION] 0 2 1 3 0
[SOLUTION → INTERACTOR] 0
[INTERACTOR → SOLUTION] 9
[INTERACTOR → SOLUTION] 0 2 1 3 0
[SOLUTION → INTERACTOR] 0
[INTERACTOR → SOLUTION] 5
[INTERACTOR → SOLUTION] 1 4 3 6 1
[SOLUTION → INTERACTOR] 1
[SOLUTION → INTERACTOR] BUILD_CABLE 15 14
[INTERACTOR → SOLUTION] 6
[INTERACTOR → SOLUTION] 0 3 3 6 1
[SOLUTION → INTERACTOR] 0
[INTERACTOR → SOLUTION] 2
[INTERACTOR → SOLUTION] 0 3 3 6 1
[SOLUTION → INTERACTOR] 0
[INTERACTOR → SOLUTION] 4
[INTERACTOR → SOLUTION] 0 3 3 6 1
[SOLUTION → INTERACTOR] 0
[INTERACTOR → SOLUTION] 10
[INTERACTOR → SOLUTION] 0 3 3 6 1
[SOLUTION → INTERACTOR] 0
[INTERACTOR → SOLUTION] 7
[INTERACTOR → SOLUTION] 0 3 3 6 1
[SOLUTION → INTERACTOR] 0
[INTERACTOR → SOLUTION] 11
[INTERACTOR → SOLUTION] 0 3 3 6 1
[SOLUTION → INTERACTOR] 0
[INTERACTOR → SOLUTION] 5
[INTERACTOR → SOLUTION] 1 5 5 9 2
[SOLUTION → INTERACTOR] 1
[SOLUTION → INTERACTOR] BUILD_DC 14
[INTERACTOR → SOLUTION] 10
[INTERACTOR → SOLUTION] 0 4 4 8 2
[SOLUTION → INTERACTOR] 0
[INTERACTOR → SOLUTION] 11
[INTERACTOR → SOLUTION] 0 4 4 8 2
[SOLUTION → INTERACTOR] 0
[INTERACTOR → SOLUTION] 8
[INTERACTOR → SOLUTION] 0 4 4 8 2
[SOLUTION → INTERACTOR] 0
[INTERACTOR → SOLUTION] 3
[INTERACTOR → SOLUTION] 0 4 4 8 2
[SOLUTION → INTERACTOR] 0
[INTERACTOR → SOLUTION] 9
[INTERACTOR → SOLUTION] 0 4 4 8 2
[SOLUTION → INTERACTOR] 0
[INTERACTOR → SOLUTION] 6
[INTERACTOR → SOLUTION] 0 4 4 8 2
[SOLUTION → INTERACTOR] 0
[INTERACTOR → SOLUTION] 9
[INTERACTOR → SOLUTION] 0 4 4 8 2
[SOLUTION → INTERACTOR] 0
[INTERACTOR → SOLUTION] 6
[INTERACTOR → SOLUTION] 0 4 4 8 2
[SOLUTION → INTERACTOR] 0
[INTERACTOR → SOLUTION] 3
[INTERACTOR → SOLUTION] 0 4 4 8 2
[SOLUTION → INTERACTOR] 0
[INTERACTOR → SOLUTION] 7
[INTERACTOR → SOLUTION] 0 4 4 8 2
[SOLUTION → INTERACTOR] 0
[INTERACTOR → SOLUTION] 6
[INTERACTOR → SOLUTION] 0 4 4 8 2
[SOLUTION → INTERACTOR] 0
[INTERACTOR → SOLUTION] 10
[INTERACTOR → SOLUTION] 0 4 4 8 2
[SOLUTION → INTERACTOR] 0
[INTERACTOR → SOLUTION] 7
[INTERACTOR → SOLUTION] 0 4 4 8 2
[SOLUTION → INTERACTOR] 0
[INTERACTOR → SOLUTION] 4
[INTERACTOR → SOLUTION] 0 4 4 8 2
[SOLUTION → INTERACTOR] 0
[INTERACTOR → SOLUTION] 8
[INTERACTOR → SOLUTION] 0 4 4 8 2
[SOLUTION → INTERACTOR] 0
[INTERACTOR → SOLUTION] 5
[INTERACTOR → SOLUTION] 1 6 8 11 4
[SOLUTION → INTERACTOR] 4
[SOLUTION → INTERACTOR] UPGRADE_DC 10
[SOLUTION → INTERACTOR] BUILD_CABLE 21 20
[SOLUTION → INTERACTOR] CONVERT 2 0
[SOLUTION → INTERACTOR] BUILD_DC 20
[INTERACTOR → SOLUTION] 10
[INTERACTOR → SOLUTION] 0 4 3 8 1
[SOLUTION → INTERACTOR] 0
[INTERACTOR → SOLUTION] 9
[INTERACTOR → SOLUTION] 0 4 3 8 1
[SOLUTION → INTERACTOR] 0
[INTERACTOR → SOLUTION] 8
[INTERACTOR → SOLUTION] 0 4 3 8 1
[SOLUTION → INTERACTOR] 0
[INTERACTOR → SOLUTION] 5
[INTERACTOR → SOLUTION] 3 8 8 12 3
[SOLUTION → INTERACTOR] 6
[SOLUTION → INTERACTOR] UPGRADE_DC 18
[SOLUTION → INTERACTOR] BUILD_CABLE 21 22
[SOLUTION → INTERACTOR] BUILD_DC 22
[SOLUTION → INTERACTOR] BUILD_CABLE 22 34
[SOLUTION → INTERACTOR] CONVERT 2 0
[SOLUTION → INTERACTOR] BUILD_CABLE 34 35
[INTERACTOR → SOLUTION] 2
[INTERACTOR → SOLUTION] 0 4 3 9 0
[SOLUTION → INTERACTOR] 0
[INTERACTOR → SOLUTION] 8
[INTERACTOR → SOLUTION] 0 4 3 9 0
[SOLUTION → INTERACTOR] 0
[INTERACTOR → SOLUTION] 4
[INTERACTOR → SOLUTION] 0 4 3 9 0
[SOLUTION → INTERACTOR] 0
[INTERACTOR → SOLUTION] 4
[INTERACTOR → SOLUTION] 0 4 3 9 0
[SOLUTION → INTERACTOR] 0
[INTERACTOR → SOLUTION] 7
[INTERACTOR → SOLUTION] 0 4 3 9 0
[SOLUTION → INTERACTOR] 0
[INTERACTOR → SOLUTION] 8
[INTERACTOR → SOLUTION] 0 4 3 9 0
[SOLUTION → INTERACTOR] 0
[INTERACTOR → SOLUTION] 7
[INTERACTOR → SOLUTION] 0 4 3 9 0
[SOLUTION → INTERACTOR] 0
[INTERACTOR → SOLUTION] 8
[INTERACTOR → SOLUTION] 0 4 3 9 0
[SOLUTION → INTERACTOR] 0
[INTERACTOR → SOLUTION] 8
[INTERACTOR → SOLUTION] 0 4 3 9 0
[SOLUTION → INTERACTOR] 0
[INTERACTOR → SOLUTION] 8
[INTERACTOR → SOLUTION] 0 4 3 9 0
[SOLUTION → INTERACTOR] 0
[INTERACTOR → SOLUTION] 4
[INTERACTOR → SOLUTION] 0 4 3 9 0
[SOLUTION → INTERACTOR] 0
[INTERACTOR → SOLUTION] 11
[INTERACTOR → SOLUTION] 0 4 3 9 0
[SOLUTION → INTERACTOR] 0
[INTERACTOR → SOLUTION] 10
[INTERACTOR → SOLUTION] 0 4 3 9 0
[SOLUTION → INTERACTOR] 0
[INTERACTOR → SOLUTION] 8
[INTERACTOR → SOLUTION] 0 4 3 9 0
[SOLUTION → INTERACTOR] 0
[INTERACTOR → SOLUTION] 6
[INTERACTOR → SOLUTION] 0 4 3 9 0
[SOLUTION → INTERACTOR] 0
[INTERACTOR → SOLUTION] 8
[INTERACTOR → SOLUTION] 0 4 3 9 0
[SOLUTION → INTERACTOR] 0
[INTERACTOR → SOLUTION] 12
[INTERACTOR → SOLUTION] 0 4 3 9 0
[SOLUTION → INTERACTOR] 0
[INTERACTOR → SOLUTION] 4
[INTERACTOR → SOLUTION] 0 4 3 9 0
[SOLUTION → INTERACTOR] 0
[INTERACTOR → SOLUTION] 5
[INTERACTOR → SOLUTION] 3 10 10 15 2
[SOLUTION → INTERACTOR] 7
[SOLUTION → INTERACTOR] BUILD_DC 35
[SOLUTION → INTERACTOR] BUILD_CABLE 34 33
[SOLUTION → INTERACTOR] BUILD_DC 33
[SOLUTION → INTERACTOR] CONVERT 1 0
[SOLUTION → INTERACTOR] BUILD_CABLE 0 5
[SOLUTION → INTERACTOR] CONVERT 2 0
[SOLUTION → INTERACTOR] BUILD_CABLE 5 4
[INTERACTOR → SOLUTION] 6
[INTERACTOR → SOLUTION] 0 2 5 13 2
[SOLUTION → INTERACTOR] 0
[INTERACTOR → SOLUTION] 6
[INTERACTOR → SOLUTION] 0 2 5 13 2
[SOLUTION → INTERACTOR] 0
[INTERACTOR → SOLUTION] 2
[INTERACTOR → SOLUTION] 0 2 5 13 2
[SOLUTION → INTERACTOR] 0
[INTERACTOR → SOLUTION] 7
[INTERACTOR → SOLUTION] 0 2 5 13 2
[SOLUTION → INTERACTOR] 0
[INTERACTOR → SOLUTION] 6
[INTERACTOR → SOLUTION] 0 2 5 13 2
[SOLUTION → INTERACTOR] 0
[INTERACTOR → SOLUTION] 5
[INTERACTOR → SOLUTION] 3 10 13 19 6
[SOLUTION → INTERACTOR] 11
[SOLUTION → INTERACTOR] BUILD_DC 4
[SOLUTION → INTERACTOR] UPGRADE_DC 0
[SOLUTION → INTERACTOR] UPGRADE_DC 14
[SOLUTION → INTERACTOR] BUILD_CABLE 10 11
[SOLUTION → INTERACTOR] BUILD_CABLE 11 12
[SOLUTION → INTERACTOR] CONVERT 1 0
[SOLUTION → INTERACTOR] BUILD_DC 12
[SOLUTION → INTERACTOR] CONVERT 2 0
[SOLUTION → INTERACTOR] BUILD_CABLE 14 26
[SOLUTION → INTERACTOR] CONVERT 2 0
[SOLUTION → INTERACTOR] BUILD_CABLE 26 29
[INTERACTOR → SOLUTION] 4
[INTERACTOR → SOLUTION] 0 1 5 13 0
[SOLUTION → INTERACTOR] 0
[INTERACTOR → SOLUTION] 5
[INTERACTOR → SOLUTION] 3 10 17 20 6
[SOLUTION → INTERACTOR] 12
[SOLUTION → INTERACTOR] BUILD_DC 29
[SOLUTION → INTERACTOR] UPGRADE_DC 20
[SOLUTION → INTERACTOR] CONVERT 2 4
[SOLUTION → INTERACTOR] UPGRADE_DC 22
[SOLUTION → INTERACTOR] BUILD_CABLE 26 25
[SOLUTION → INTERACTOR] BUILD_DC 25
[SOLUTION → INTERACTOR] CONVERT 1 0
[SOLUTION → INTERACTOR] BUILD_CABLE 18 30
[SOLUTION → INTERACTOR] CONVERT 2 0
[SOLUTION → INTERACTOR] BUILD_CABLE 30 31
[SOLUTION → INTERACTOR] CONVERT 2 0
[SOLUTION → INTERACTOR] BUILD_DC 31
[INTERACTOR → SOLUTION] 11
[INTERACTOR → SOLUTION] 0 1 5 13 1
[SOLUTION → INTERACTOR] 0
[INTERACTOR → SOLUTION] 4
[INTERACTOR → SOLUTION] 0 1 5 13 1
[SOLUTION → INTERACTOR] 0
[INTERACTOR → SOLUTION] 6
[INTERACTOR → SOLUTION] 0 1 5 13 1
[SOLUTION → INTERACTOR] 0
[INTERACTOR → SOLUTION] 11
[INTERACTOR → SOLUTION] 0 1 5 13 1
[SOLUTION → INTERACTOR] 0
[INTERACTOR → SOLUTION] 9
[INTERACTOR → SOLUTION] 0 1 5 13 1
[SOLUTION → INTERACTOR] 0
[INTERACTOR → SOLUTION] 12
[INTERACTOR → SOLUTION] 0 1 5 13 1
[SOLUTION → INTERACTOR] 0
[INTERACTOR → SOLUTION] 6
[INTERACTOR → SOLUTION] 0 1 5 13 1
[SOLUTION → INTERACTOR] 0
[INTERACTOR → SOLUTION] 8
[INTERACTOR → SOLUTION] 0 1 5 13 1
[SOLUTION → INTERACTOR] 0
[INTERACTOR → SOLUTION] 7
[INTERACTOR → SOLUTION] 0 1 5 13 1
[SOLUTION → INTERACTOR] 0
[INTERACTOR → SOLUTION] 7
[INTERACTOR → SOLUTION] 0 1 5 13 1
[SOLUTION → INTERACTOR] 0
[INTERACTOR → SOLUTION] 9
[INTERACTOR → SOLUTION] 0 1 5 13 1
[SOLUTION → INTERACTOR] 0
[INTERACTOR → SOLUTION] 7
[INTERACTOR → SOLUTION] 0 1 5 13 1
[SOLUTION → INTERACTOR] 0
[INTERACTOR → SOLUTION] 7
[INTERACTOR → SOLUTION] 0 1 5 13 1
[SOLUTION → INTERACTOR] 0
[INTERACTOR → SOLUTION] 11
[INTERACTOR → SOLUTION] 0 1 5 13 1
[SOLUTION → INTERACTOR] 0
[INTERACTOR → SOLUTION] 84
[INTERACTOR → SOLUTION] 5 0 25 26 14 17 27 28
[INTERACTOR → SOLUTION] 2 6 38 39 29 26 25 40
[INTERACTOR → SOLUTION] 4 6 47 48 41 39 38 49
[INTERACTOR → SOLUTION] 1 6 14 15 0 5 16 17
[INTERACTOR → SOLUTION] 1 6 29 30 18 15 14 26
[INTERACTOR → SOLUTION] 3 6 41 42 31 30 29 39
[INTERACTOR → SOLUTION] 4 6 50 51 43 42 41 48
[INTERACTOR → SOLUTION] 2 6 0 1 2 3 4 5
[INTERACTOR → SOLUTION] 3 6 18 19 6 1 0 15
[INTERACTOR → SOLUTION] 3 6 31 32 20 19 18 30
[INTERACTOR → SOLUTION] 0 6 43 44 33 32 31 42
[INTERACTOR → SOLUTION] 4 6 52 53 45 44 43 51
[INTERACTOR → SOLUTION] 4 6 6 7 8 9 2 1
[INTERACTOR → SOLUTION] 2 6 20 21 10 7 6 19
[INTERACTOR → SOLUTION] 0 6 33 34 22 21 20 32
[INTERACTOR → SOLUTION] 0 6 45 46 35 34 33 44
[INTERACTOR → SOLUTION] 3 6 10 11 12 13 8 7
[INTERACTOR → SOLUTION] 0 6 22 23 24 11 10 21
[INTERACTOR → SOLUTION] 1 6 35 36 37 23 22 34
[INTERACTOR → SOLUTION] C0 2 38 49
[INTERACTOR → SOLUTION] C1 2 35 36
[INTERACTOR → SOLUTION] C2 2 50 51
[INTERACTOR → SOLUTION] C3 2 27 28
[INTERACTOR → SOLUTION] C4 2 11 12
[INTERACTOR → SOLUTION] C31 8 5 16 47 48 25 40 3 4
[SOLUTION → INTERACTOR] START
[SOLUTION → INTERACTOR] BUILD_DC 0
[SOLUTION → INTERACTOR] BUILD_DC 10
[SOLUTION → INTERACTOR] BUILD_CABLE 0 1
[SOLUTION → INTERACTOR] BUILD_CABLE 10 7
[INTERACTOR → SOLUTION] 6
[INTERACTOR → SOLUTION] 1 1 2 2 0
[SOLUTION → INTERACTOR] 1
[SOLUTION → INTERACTOR] BUILD_CABLE 1 6
[INTERACTOR → SOLUTION] 3
[INTERACTOR → SOLUTION] 0 0 2 2 0
[SOLUTION → INTERACTOR] 0
[INTERACTOR → SOLUTION] 10
[INTERACTOR → SOLUTION] 0 0 2 2 0
[SOLUTION → INTERACTOR] 0
[INTERACTOR → SOLUTION] 7
[INTERACTOR → SOLUTION] 0 0 2 2 0
[SOLUTION → INTERACTOR] 0
[INTERACTOR → SOLUTION] 7
[INTERACTOR → SOLUTION] 0 0 2 2 0
[SOLUTION → INTERACTOR] 0
[INTERACTOR → SOLUTION] 5
[INTERACTOR → SOLUTION] 0 0 2 2 0
[SOLUTION → INTERACTOR] 0
[INTERACTOR → SOLUTION] 3
[INTERACTOR → SOLUTION] 0 0 2 2 0
[SOLUTION → INTERACTOR] 0
[INTERACTOR → SOLUTION] 3
[INTERACTOR → SOLUTION] 0 0 2 2 0
[SOLUTION → INTERACTOR] 0
[INTERACTOR → SOLUTION] 5
[INTERACTOR → SOLUTION] 0 0 2 2 0
[SOLUTION → INTERACTOR] 0
[INTERACTOR → SOLUTION] 8
[INTERACTOR → SOLUTION] 0 0 2 2 0
[SOLUTION → INTERACTOR] 0
[INTERACTOR → SOLUTION] 7
[INTERACTOR → SOLUTION] 0 0 2 2 0
[SOLUTION → INTERACTOR] 0
[INTERACTOR → SOLUTION] 5
[INTERACTOR → SOLUTION] 0 0 2 2 0
[SOLUTION → INTERACTOR] 0
[INTERACTOR → SOLUTION] 5
[INTERACTOR → SOLUTION] 0 0 2 2 0
[SOLUTION → INTERACTOR] 0
[INTERACTOR → SOLUTION] 7
[INTERACTOR → SOLUTION] 0 0 2 2 0
[SOLUTION → INTERACTOR] 0
[INTERACTOR → SOLUTION] 3
[INTERACTOR → SOLUTION] 0 0 2 2 0
[SOLUTION → INTERACTOR] 0
[INTERACTOR → SOLUTION] 7
[INTERACTOR → SOLUTION] 0 0 2 2 0
[SOLUTION → INTERACTOR] 0
[INTERACTOR → SOLUTION] 6
[INTERACTOR → SOLUTION] 1 1 4 4 0
[SOLUTION → INTERACTOR] 1
[SOLUTION → INTERACTOR] BUILD_DC 6
[INTERACTOR → SOLUTION] 6
[INTERACTOR → SOLUTION] 1 1 6 6 1
[SOLUTION → INTERACTOR] 1
[SOLUTION → INTERACTOR] BUILD_CABLE 1 2
[INTERACTOR → SOLUTION] 9
[INTERACTOR → SOLUTION] 0 0 6 6 1
[SOLUTION → INTERACTOR] 0
[INTERACTOR → SOLUTION] 3
[INTERACTOR → SOLUTION] 0 0 6 6 1
[SOLUTION → INTERACTOR] 0
[INTERACTOR → SOLUTION] 6
[INTERACTOR → SOLUTION] 1 1 9 9 2
[SOLUTION → INTERACTOR] 2
[SOLUTION → INTERACTOR] BUILD_DC 2
[SOLUTION → INTERACTOR] CONVERT 2 0
[INTERACTOR → SOLUTION] 9
[INTERACTOR → SOLUTION] 1 0 4 8 2
[SOLUTION → INTERACTOR] 0
[INTERACTOR → SOLUTION] 3
[INTERACTOR → SOLUTION] 1 0 4 8 2
[SOLUTION → INTERACTOR] 0
[INTERACTOR → SOLUTION] 8
[INTERACTOR → SOLUTION] 1 0 4 8 2
[SOLUTION → INTERACTOR] 0
[INTERACTOR → SOLUTION] 10
[INTERACTOR → SOLUTION] 1 0 4 8 2
[SOLUTION → INTERACTOR] 0
[INTERACTOR → SOLUTION] 4
[INTERACTOR → SOLUTION] 1 0 4 8 2
[SOLUTION → INTERACTOR] 0
[INTERACTOR → SOLUTION] 7
[INTERACTOR → SOLUTION] 1 0 4 8 2
[SOLUTION → INTERACTOR] 0
[INTERACTOR → SOLUTION] 11
[INTERACTOR → SOLUTION] 1 0 4 8 2
[SOLUTION → INTERACTOR] 0
[INTERACTOR → SOLUTION] 9
[INTERACTOR → SOLUTION] 1 0 4 8 2
[SOLUTION → INTERACTOR] 0
[INTERACTOR → SOLUTION] 7
[INTERACTOR → SOLUTION] 1 0 4 8 2
[SOLUTION → INTERACTOR] 0
[INTERACTOR → SOLUTION] 6
[INTERACTOR → SOLUTION] 2 1 8 11 4
[SOLUTION → INTERACTOR] 4
[SOLUTION → INTERACTOR] UPGRADE_DC 0
[SOLUTION → INTERACTOR] BUILD_CABLE 7 8
[SOLUTION → INTERACTOR] CONVERT 2 1
[SOLUTION → INTERACTOR] BUILD_DC 8
[INTERACTOR → SOLUTION] 8
[INTERACTOR → SOLUTION] 0 0 3 8 1
[SOLUTION → INTERACTOR] 0
[INTERACTOR → SOLUTION] 4
[INTERACTOR → SOLUTION] 0 0 3 8 1
[SOLUTION → INTERACTOR] 0
[INTERACTOR → SOLUTION] 7
[INTERACTOR → SOLUTION] 0 0 3 8 1
[SOLUTION → INTERACTOR] 0
[INTERACTOR → SOLUTION] 9
[INTERACTOR → SOLUTION] 0 0 3 8 1
[SOLUTION → INTERACTOR] 0
[INTERACTOR → SOLUTION] 7
[INTERACTOR → SOLUTION] 0 0 3 8 1
[SOLUTION → INTERACTOR] 0
[INTERACTOR → SOLUTION] 3
[INTERACTOR → SOLUTION] 0 0 3 8 1
[SOLUTION → INTERACTOR] 0
[INTERACTOR → SOLUTION] 10
[INTERACTOR → SOLUTION] 0 0 3 8 1
[SOLUTION → INTERACTOR] 0
[INTERACTOR → SOLUTION] 7
[INTERACTOR → SOLUTION] 0 0 3 8 1
[SOLUTION → INTERACTOR] 0
[INTERACTOR → SOLUTION] 5
[INTERACTOR → SOLUTION] 0 0 3 8 1
[SOLUTION → INTERACTOR] 0
[INTERACTOR → SOLUTION] 4
[INTERACTOR → SOLUTION] 0 0 3 8 1
[SOLUTION → INTERACTOR] 0
[INTERACTOR → SOLUTION] 4
[INTERACTOR → SOLUTION] 0 0 3 8 1
[SOLUTION → INTERACTOR] 0
[INTERACTOR → SOLUTION] 6
[INTERACTOR → SOLUTION] 1 2 8 13 4
[SOLUTION → INTERACTOR] 4
[SOLUTION → INTERACTOR] UPGRADE_DC 10
[SOLUTION → INTERACTOR] BUILD_CABLE 0 5
[SOLUTION → INTERACTOR] CONVERT 2 0
[SOLUTION → INTERACTOR] BUILD_CABLE 5 4
[INTERACTOR → SOLUTION] 8
[INTERACTOR → SOLUTION] 0 0 4 11 1
[SOLUTION → INTERACTOR] 0
[INTERACTOR → SOLUTION] 3
[INTERACTOR → SOLUTION] 0 0 4 11 1
[SOLUTION → INTERACTOR] 0
[INTERACTOR → SOLUTION] 2
[INTERACTOR → SOLUTION] 0 0 4 11 1
[SOLUTION → INTERACTOR] 0
[INTERACTOR → SOLUTION] 9
[INTERACTOR → SOLUTION] 0 0 4 11 1
[SOLUTION → INTERACTOR] 0
[INTERACTOR → SOLUTION] 10
[INTERACTOR → SOLUTION] 0 0 4 11 1
[SOLUTION → INTERACTOR] 0
[INTERACTOR → SOLUTION] 9
[INTERACTOR → SOLUTION] 0 0 4 11 1
[SOLUTION → INTERACTOR] 0
[INTERACTOR → SOLUTION] 7
[INTERACTOR → SOLUTION] 0 0 4 11 1
[SOLUTION → INTERACTOR] 0
[INTERACTOR → SOLUTION] 11
[INTERACTOR → SOLUTION] 0 0 4 11 1
[SOLUTION → INTERACTOR] 0
[INTERACTOR → SOLUTION] 11
[INTERACTOR → SOLUTION] 0 0 4 11 1
[SOLUTION → INTERACTOR] 0
[INTERACTOR → SOLUTION] 9
[INTERACTOR → SOLUTION] 0 0 4 11 1
[SOLUTION → INTERACTOR] 0
[INTERACTOR → SOLUTION] 11
[INTERACTOR → SOLUTION] 0 0 4 11 1
[SOLUTION → INTERACTOR] 0
[INTERACTOR → SOLUTION] 8
[INTERACTOR → SOLUTION] 0 0 4 11 1
[SOLUTION → INTERACTOR] 0
[INTERACTOR → SOLUTION] 7
[INTERACTOR → SOLUTION] 0 0 4 11 1
[SOLUTION → INTERACTOR] 0
[INTERACTOR → SOLUTION] 5
[INTERACTOR → SOLUTION] 0 0 4 11 1
[SOLUTION → INTERACTOR] 0
[INTERACTOR → SOLUTION] 6
[INTERACTOR → SOLUTION] 2 2 10 17 4
[SOLUTION → INTERACTOR] 6
[SOLUTION → INTERACTOR] BUILD_DC 4
[SOLUTION → INTERACTOR] UPGRADE_DC 6
[SOLUTION → INTERACTOR] BUILD_CABLE 5 16
[SOLUTION → INTERACTOR] CONVERT 2 0
[SOLUTION → INTERACTOR] CONVERT 2 1
[SOLUTION → INTERACTOR] BUILD_DC 16
[INTERACTOR → SOLUTION] 12
[INTERACTOR → SOLUTION] 0 0 2 13 1
[SOLUTION → INTERACTOR] 0
[INTERACTOR → SOLUTION] 6
[INTERACTOR → SOLUTION] 2 3 10 20 5
[SOLUTION → INTERACTOR] 6
[SOLUTION → INTERACTOR] UPGRADE_DC 2
[SOLUTION → INTERACTOR] BUILD_CABLE 0 15
[SOLUTION → INTERACTOR] BUILD_CABLE 15 18
[SOLUTION → INTERACTOR] CONVERT 2 0
[SOLUTION → INTERACTOR] BUILD_DC 18
[SOLUTION → INTERACTOR] CONVERT 2 0
[INTERACTOR → SOLUTION] 6
[INTERACTOR → SOLUTION] 3 4 12 26 7
[SOLUTION → INTERACTOR] 8
[SOLUTION → INTERACTOR] UPGRADE_DC 18
[SOLUTION → INTERACTOR] UPGRADE_DC 8
[SOLUTION → INTERACTOR] BUILD_CABLE 15 14
[SOLUTION → INTERACTOR] BUILD_DC 14
[SOLUTION → INTERACTOR] BUILD_CABLE 6 19
[SOLUTION → INTERACTOR] CONVERT 2 0
[SOLUTION → INTERACTOR] BUILD_CABLE 19 20
[SOLUTION → INTERACTOR] CONVERT 2 0
[INTERACTOR → SOLUTION] 9
[INTERACTOR → SOLUTION] 1 0 5 21 1
[SOLUTION → INTERACTOR] 0
[INTERACTOR → SOLUTION] 6
[INTERACTOR → SOLUTION] 3 7 14 33 7
[SOLUTION → INTERACTOR] 11
[SOLUTION → INTERACTOR] BUILD_DC 20
[SOLUTION → INTERACTOR] UPGRADE_DC 20
[SOLUTION → INTERACTOR] UPGRADE_DC 14
[SOLUTION → INTERACTOR] BUILD_CABLE 10 21
[SOLUTION → INTERACTOR] BUILD_CABLE 21 22
[SOLUTION → INTERACTOR] CONVERT 2 0
[SOLUTION → INTERACTOR] BUILD_DC 22
[SOLUTION → INTERACTOR] CONVERT 2 0
[SOLUTION → INTERACTOR] BUILD_CABLE 14 26
[SOLUTION → INTERACTOR] CONVERT 2 0
[SOLUTION → INTERACTOR] BUILD_CABLE 26 25
[INTERACTOR → SOLUTION] 2
[INTERACTOR → SOLUTION] 0 1 3 27 1
[SOLUTION → INTERACTOR] 0
[INTERACTOR → SOLUTION] 2
[INTERACTOR → SOLUTION] 0 1 3 27 1
[SOLUTION → INTERACTOR] 0
[INTERACTOR → SOLUTION] 3
[INTERACTOR → SOLUTION] 0 1 3 27 1
[SOLUTION → INTERACTOR] 0
[INTERACTOR → SOLUTION] 6
[INTERACTOR → SOLUTION] 6 11 14 41 7
[SOLUTION → INTERACTOR] 12
[SOLUTION → INTERACTOR] BUILD_DC 25
[SOLUTION → INTERACTOR] UPGRADE_DC 22
[SOLUTION → INTERACTOR] UPGRADE_DC 4
[SOLUTION → INTERACTOR] BUILD_CABLE 26 29
[SOLUTION → INTERACTOR] BUILD_DC 29
[SOLUTION → INTERACTOR] BUILD_CABLE 18 30
[SOLUTION → INTERACTOR] BUILD_CABLE 30 31
[SOLUTION → INTERACTOR] BUILD_DC 31
[SOLUTION → INTERACTOR] CONVERT 2 0
[SOLUTION → INTERACTOR] BUILD_CABLE 20 32
[SOLUTION → INTERACTOR] CONVERT 2 0
[SOLUTION → INTERACTOR] BUILD_CABLE 32 33
[INTERACTOR → SOLUTION] 7
[INTERACTOR → SOLUTION] 0 3 5 34 1
[SOLUTION → INTERACTOR] 0
[INTERACTOR → SOLUTION] 7
[INTERACTOR → SOLUTION] 0 3 5 34 1
[SOLUTION → INTERACTOR] 0
[INTERACTOR → SOLUTION] 7
[INTERACTOR → SOLUTION] 0 3 5 34 1
[SOLUTION → INTERACTOR] 0
[INTERACTOR → SOLUTION] 9
[INTERACTOR → SOLUTION] 0 3 5 34 1
[SOLUTION → INTERACTOR] 0
[INTERACTOR → SOLUTION] 12
[INTERACTOR → SOLUTION] 0 3 5 34 1
[SOLUTION → INTERACTOR] 0
[INTERACTOR → SOLUTION] 6
[INTERACTOR → SOLUTION] 9 15 19 51 7
[SOLUTION → INTERACTOR] 20
[SOLUTION → INTERACTOR] BUILD_DC 33
[SOLUTION → INTERACTOR] UPGRADE_DC 29
[SOLUTION → INTERACTOR] CONVERT 2 4
[SOLUTION → INTERACTOR] UPGRADE_DC 31
[SOLUTION → INTERACTOR] CONVERT 2 4
[SOLUTION → INTERACTOR] UPGRADE_DC 33
[SOLUTION → INTERACTOR] BUILD_CABLE 29 39
[SOLUTION → INTERACTOR] BUILD_CABLE 39 41
[SOLUTION → INTERACTOR] BUILD_DC 41
[SOLUTION → INTERACTOR] BUILD_CABLE 39 38
[SOLUTION → INTERACTOR] BUILD_DC 38
[SOLUTION → INTERACTOR] BUILD_CABLE 31 42
[SOLUTION → INTERACTOR] BUILD_CABLE 42 43
[SOLUTION → INTERACTOR] BUILD_DC 43
[SOLUTION → INTERACTOR] CONVERT 1 0
[SOLUTION → INTERACTOR] BUILD_CABLE 38 49
[SOLUTION → INTERACTOR] CONVERT 2 0
[SOLUTION → INTERACTOR] BUILD_CABLE 49 47
[SOLUTION → INTERACTOR] CONVERT 2 0
[SOLUTION → INTERACTOR] BUILD_DC 47
[INTERACTOR → SOLUTION] 9
[INTERACTOR → SOLUTION] 0 0 2 40 0
[SOLUTION → INTERACTOR] 0
[INTERACTOR → SOLUTION] 10
[INTERACTOR → SOLUTION] 0 0 2 40 0
[SOLUTION → INTERACTOR] 0
[INTERACTOR → SOLUTION] 6
[INTERACTOR → SOLUTION] 17 13 18 61 12
[SOLUTION → INTERACTOR] 9
[SOLUTION → INTERACTOR] UPGRADE_DC 43
[SOLUTION → INTERACTOR] UPGRADE_DC 41
[SOLUTION → INTERACTOR] UPGRADE_DC 38
[SOLUTION → INTERACTOR] CONVERT 0 4
[SOLUTION → INTERACTOR] CONVERT 0 4
[SOLUTION → INTERACTOR] UPGRADE_DC 47
[SOLUTION → INTERACTOR] CONVERT 2 4
[SOLUTION → INTERACTOR] CONVERT 2 4
[SOLUTION → INTERACTOR] UPGRADE_DC 16
[INTERACTOR → SOLUTION] 8
[INTERACTOR → SOLUTION] 13 13 12 51 1
[SOLUTION → INTERACTOR] 0
[INTERACTOR → SOLUTION] 7
[INTERACTOR → SOLUTION] 13 13 12 51 1
[SOLUTION → INTERACTOR] 0
[INTERACTOR → SOLUTION] 3
[INTERACTOR → SOLUTION] 13 13 12 51 1
[SOLUTION → INTERACTOR] 0
[INTERACTOR → SOLUTION] 8
[INTERACTOR → SOLUTION] 13 13 12 51 1
[SOLUTION → INTERACTOR] 0
[INTERACTOR → SOLUTION] 4
[INTERACTOR → SOLUTION] 13 13 12 51 1
[SOLUTION → INTERACTOR] 0
[INTERACTOR → SOLUTION] 8
[INTERACTOR → SOLUTION] 13 13 12 51 1
[SOLUTION → INTERACTOR] 0
[INTERACTOR → SOLUTION] 11
[INTERACTOR → SOLUTION] 13 13 12 51 1
[SOLUTION → INTERACTOR] 0
[INTERACTOR → SOLUTION] 2
[INTERACTOR → SOLUTION] 13 13 12 51 1
[SOLUTION → INTERACTOR] 0
[INTERACTOR → SOLUTION] 91
[INTERACTOR → SOLUTION] 2 8 25 26 14 17 27 28
[INTERACTOR → SOLUTION] 0 8 38 39 29 26 25 40
[INTERACTOR → SOLUTION] 4 8 47 48 41 39 38 49
[INTERACTOR → SOLUTION] 1 8 14 15 0 5 16 17
[INTERACTOR → SOLUTION] 0 8 29 30 18 15 14 26
[INTERACTOR → SOLUTION] 3 8 41 42 31 30 29 39
[INTERACTOR → SOLUTION] 2 8 50 51 43 42 41 48
[INTERACTOR → SOLUTION] 1 8 0 1 2 3 4 5
[INTERACTOR → SOLUTION] 3 8 18 19 6 1 0 15
[INTERACTOR → SOLUTION] 1 8 31 32 20 19 18 30
[INTERACTOR → SOLUTION] 2 8 43 44 33 32 31 42
[INTERACTOR → SOLUTION] 5 0 52 53 45 44 43 51
[INTERACTOR → SOLUTION] 4 8 6 7 8 9 2 1
[INTERACTOR → SOLUTION] 4 8 20 21 10 7 6 19
[INTERACTOR → SOLUTION] 0 8 33 34 22 21 20 32
[INTERACTOR → SOLUTION] 2 8 45 46 35 34 33 44
[INTERACTOR → SOLUTION] 3 8 10 11 12 13 8 7
[INTERACTOR → SOLUTION] 4 8 22 23 24 11 10 21
[INTERACTOR → SOLUTION] 1 8 35 36 37 23 22 34
[INTERACTOR → SOLUTION] C0 2 23 37
[INTERACTOR → SOLUTION] C1 2 35 36
[INTERACTOR → SOLUTION] C2 2 16 17
[INTERACTOR → SOLUTION] C3 2 47 49
[INTERACTOR → SOLUTION] C4 2 8 13
[INTERACTOR → SOLUTION] C31 8 50 51 2 9 25 28 52 53
[SOLUTION → INTERACTOR] START
[SOLUTION → INTERACTOR] BUILD_DC 0
[SOLUTION → INTERACTOR] BUILD_DC 14
[SOLUTION → INTERACTOR] BUILD_CABLE 0 1
[SOLUTION → INTERACTOR] BUILD_CABLE 14 15
[INTERACTOR → SOLUTION] 11
[INTERACTOR → SOLUTION] 0 0 0 0 0
[SOLUTION → INTERACTOR] 0
[INTERACTOR → SOLUTION] 10
[INTERACTOR → SOLUTION] 0 0 0 0 0
[SOLUTION → INTERACTOR] 0
[INTERACTOR → SOLUTION] 9
[INTERACTOR → SOLUTION] 0 0 0 0 0
[SOLUTION → INTERACTOR] 0
[INTERACTOR → SOLUTION] 11
[INTERACTOR → SOLUTION] 0 0 0 0 0
[SOLUTION → INTERACTOR] 0
[INTERACTOR → SOLUTION] 7
[INTERACTOR → SOLUTION] 0 0 0 0 0
[SOLUTION → INTERACTOR] 0
[INTERACTOR → SOLUTION] 7
[INTERACTOR → SOLUTION] 0 0 0 0 0
[SOLUTION → INTERACTOR] 0
[INTERACTOR → SOLUTION] 12
[INTERACTOR → SOLUTION] 0 0 0 0 0
[SOLUTION → INTERACTOR] 0
[INTERACTOR → SOLUTION] 6
[INTERACTOR → SOLUTION] 0 0 0 0 0
[SOLUTION → INTERACTOR] 0
[INTERACTOR → SOLUTION] 8
[INTERACTOR → SOLUTION] 1 3 1 1 0
[SOLUTION → INTERACTOR] 1
[SOLUTION → INTERACTOR] BUILD_CABLE 1 2
[INTERACTOR → SOLUTION] 10
[INTERACTOR → SOLUTION] 0 2 1 1 0
[SOLUTION → INTERACTOR] 0
[INTERACTOR → SOLUTION] 8
[INTERACTOR → SOLUTION] 1 5 2 2 0
[SOLUTION → INTERACTOR] 1
[SOLUTION → INTERACTOR] BUILD_DC 2
[INTERACTOR → SOLUTION] 9
[INTERACTOR → SOLUTION] 0 4 1 1 0
[SOLUTION → INTERACTOR] 0
[INTERACTOR → SOLUTION] 6
[INTERACTOR → SOLUTION] 0 4 1 1 0
[SOLUTION → INTERACTOR] 0
[INTERACTOR → SOLUTION] 10
[INTERACTOR → SOLUTION] 0 4 1 1 0
[SOLUTION → INTERACTOR] 0
[INTERACTOR → SOLUTION] 7
[INTERACTOR → SOLUTION] 0 4 1 1 0
[SOLUTION → INTERACTOR] 0
[INTERACTOR → SOLUTION] 8
[INTERACTOR → SOLUTION] 1 8 2 2 1
[SOLUTION → INTERACTOR] 3
[SOLUTION → INTERACTOR] BUILD_CABLE 1 6
[SOLUTION → INTERACTOR] CONVERT 1 0
[SOLUTION → INTERACTOR] BUILD_DC 6
[INTERACTOR → SOLUTION] 7
[INTERACTOR → SOLUTION] 0 3 1 1 1
[SOLUTION → INTERACTOR] 0
[INTERACTOR → SOLUTION] 3
[INTERACTOR → SOLUTION] 0 3 1 1 1
[SOLUTION → INTERACTOR] 0
[INTERACTOR → SOLUTION] 6
[INTERACTOR → SOLUTION] 0 3 1 1 1
[SOLUTION → INTERACTOR] 0
[INTERACTOR → SOLUTION] 4
[INTERACTOR → SOLUTION] 0 3 1 1 1
[SOLUTION → INTERACTOR] 0
[INTERACTOR → SOLUTION] 11
[INTERACTOR → SOLUTION] 0 3 1 1 1
[SOLUTION → INTERACTOR] 0
[INTERACTOR → SOLUTION] 6
[INTERACTOR → SOLUTION] 0 3 1 1 1
[SOLUTION → INTERACTOR] 0
[INTERACTOR → SOLUTION] 10
[INTERACTOR → SOLUTION] 0 3 1 1 1
[SOLUTION → INTERACTOR] 0
[INTERACTOR → SOLUTION] 7
[INTERACTOR → SOLUTION] 0 3 1 1 1
[SOLUTION → INTERACTOR] 0
[INTERACTOR → SOLUTION] 10
[INTERACTOR → SOLUTION] 0 3 1 1 1
[SOLUTION → INTERACTOR] 0
[INTERACTOR → SOLUTION] 9
[INTERACTOR → SOLUTION] 0 3 1 1 1
[SOLUTION → INTERACTOR] 0
[INTERACTOR → SOLUTION] 6
[INTERACTOR → SOLUTION] 0 3 1 1 1
[SOLUTION → INTERACTOR] 0
[INTERACTOR → SOLUTION] 6
[INTERACTOR → SOLUTION] 0 3 1 1 1
[SOLUTION → INTERACTOR] 0
[INTERACTOR → SOLUTION] 8
[INTERACTOR → SOLUTION] 1 7 2 3 4
[SOLUTION → INTERACTOR] 4
[SOLUTION → INTERACTOR] UPGRADE_DC 0
[SOLUTION → INTERACTOR] BUILD_CABLE 15 18
[SOLUTION → INTERACTOR] CONVERT 1 0
[SOLUTION → INTERACTOR] BUILD_DC 18
[INTERACTOR → SOLUTION] 8
[INTERACTOR → SOLUTION] 2 9 2 4 4
[SOLUTION → INTERACTOR] 5
[SOLUTION → INTERACTOR] UPGRADE_DC 14
[SOLUTION → INTERACTOR] BUILD_CABLE 14 26
[SOLUTION → INTERACTOR] BUILD_CABLE 26 25
[SOLUTION → INTERACTOR] CONVERT 1 0
[SOLUTION → INTERACTOR] BUILD_DC 25
[INTERACTOR → SOLUTION] 7
[INTERACTOR → SOLUTION] 0 3 1 1 1
[SOLUTION → INTERACTOR] 0
[INTERACTOR → SOLUTION] 5
[INTERACTOR → SOLUTION] 0 3 1 1 1
[SOLUTION → INTERACTOR] 0
[INTERACTOR → SOLUTION] 3
[INTERACTOR → SOLUTION] 0 3 1 1 1
[SOLUTION → INTERACTOR] 0
[INTERACTOR → SOLUTION] 8
[INTERACTOR → SOLUTION] 4 11 4 5 4
[SOLUTION → INTERACTOR] 7
[SOLUTION → INTERACTOR] UPGRADE_DC 6
[SOLUTION → INTERACTOR] BUILD_CABLE 26 29
[SOLUTION → INTERACTOR] BUILD_DC 29
[SOLUTION → INTERACTOR] BUILD_CABLE 6 7
[SOLUTION → INTERACTOR] BUILD_CABLE 7 10
[SOLUTION → INTERACTOR] CONVERT 1 0
[SOLUTION → INTERACTOR] BUILD_DC 10
[INTERACTOR → SOLUTION] 10
[INTERACTOR → SOLUTION] 0 3 2 1 1
[SOLUTION → INTERACTOR] 0
[INTERACTOR → SOLUTION] 6
[INTERACTOR → SOLUTION] 0 3 2 1 1
[SOLUTION → INTERACTOR] 0
[INTERACTOR → SOLUTION] 8
[INTERACTOR → SOLUTION] 6 11 5 8 8
[SOLUTION → INTERACTOR] 8
[SOLUTION → INTERACTOR] UPGRADE_DC 18
[SOLUTION → INTERACTOR] UPGRADE_DC 29
[SOLUTION → INTERACTOR] BUILD_CABLE 7 8
[SOLUTION → INTERACTOR] BUILD_DC 8
[SOLUTION → INTERACTOR] BUILD_CABLE 6 19
[SOLUTION → INTERACTOR] BUILD_CABLE 19 20
[SOLUTION → INTERACTOR] BUILD_DC 20
[SOLUTION → INTERACTOR] BUILD_CABLE 10 21
[INTERACTOR → SOLUTION] 2
[INTERACTOR → SOLUTION] 0 5 3 2 2
[SOLUTION → INTERACTOR] 0
[INTERACTOR → SOLUTION] 10
[INTERACTOR → SOLUTION] 0 5 3 2 2
[SOLUTION → INTERACTOR] 0
[INTERACTOR → SOLUTION] 11
[INTERACTOR → SOLUTION] 0 5 3 2 2
[SOLUTION → INTERACTOR] 0
[INTERACTOR → SOLUTION] 6
[INTERACTOR → SOLUTION] 0 5 3 2 2
[SOLUTION → INTERACTOR] 0
[INTERACTOR → SOLUTION] 7
[INTERACTOR → SOLUTION] 0 5 3 2 2
[SOLUTION → INTERACTOR] 0
[INTERACTOR → SOLUTION] 3
[INTERACTOR → SOLUTION] 0 5 3 2 2
[SOLUTION → INTERACTOR] 0
[INTERACTOR → SOLUTION] 2
[INTERACTOR → SOLUTION] 0 5 3 2 2
[SOLUTION → INTERACTOR] 0
[INTERACTOR → SOLUTION] 8
[INTERACTOR → SOLUTION] 10 15 6 12 11
[SOLUTION → INTERACTOR] 15
[SOLUTION → INTERACTOR] UPGRADE_DC 10
[SOLUTION → INTERACTOR] UPGRADE_DC 20
[SOLUTION → INTERACTOR] UPGRADE_DC 2
[SOLUTION → INTERACTOR] CONVERT 1 4
[SOLUTION → INTERACTOR] UPGRADE_DC 25
[SOLUTION → INTERACTOR] BUILD_CABLE 21 22
[SOLUTION → INTERACTOR] BUILD_DC 22
[SOLUTION → INTERACTOR] BUILD_CABLE 18 30
[SOLUTION → INTERACTOR] BUILD_CABLE 30 31
[SOLUTION → INTERACTOR] BUILD_DC 31
[SOLUTION → INTERACTOR] BUILD_CABLE 20 32
[SOLUTION → INTERACTOR] BUILD_CABLE 32 33
[SOLUTION → INTERACTOR] BUILD_DC 33
[SOLUTION → INTERACTOR] BUILD_CABLE 29 39
[SOLUTION → INTERACTOR] BUILD_CABLE 39 41
[INTERACTOR → SOLUTION] 10
[INTERACTOR → SOLUTION] 0 2 3 1 0
[SOLUTION → INTERACTOR] 0
[INTERACTOR → SOLUTION] 9
[INTERACTOR → SOLUTION] 0 2 3 1 0
[SOLUTION → INTERACTOR] 0
[INTERACTOR → SOLUTION] 3
[INTERACTOR → SOLUTION] 0 2 3 1 0
[SOLUTION → INTERACTOR] 0
[INTERACTOR → SOLUTION] 8
[INTERACTOR → SOLUTION] 14 16 10 13 14
[SOLUTION → INTERACTOR] 19
[SOLUTION → INTERACTOR] BUILD_DC 41
[SOLUTION → INTERACTOR] UPGRADE_DC 22
[SOLUTION → INTERACTOR] UPGRADE_DC 31
[SOLUTION → INTERACTOR] UPGRADE_DC 33
[SOLUTION → INTERACTOR] UPGRADE_DC 41
[SOLUTION → INTERACTOR] CONVERT 1 4
[SOLUTION → INTERACTOR] UPGRADE_DC 8
[SOLUTION → INTERACTOR] BUILD_CABLE 39 38
[SOLUTION → INTERACTOR] BUILD_DC 38
[SOLUTION → INTERACTOR] BUILD_CABLE 41 48
[SOLUTION → INTERACTOR] BUILD_CABLE 48 50
[SOLUTION → INTERACTOR] BUILD_DC 50
[SOLUTION → INTERACTOR] CONVERT 0 3
[SOLUTION → INTERACTOR] BUILD_CABLE 22 34
[SOLUTION → INTERACTOR] BUILD_CABLE 34 35
[SOLUTION → INTERACTOR] BUILD_DC 35
[SOLUTION → INTERACTOR] CONVERT 2 3
[SOLUTION → INTERACTOR] BUILD_CABLE 31 42
[SOLUTION → INTERACTOR] BUILD_CABLE 42 43
[INTERACTOR → SOLUTION] 10
[INTERACTOR → SOLUTION] 0 2 3 1 0
[SOLUTION → INTERACTOR] 0
[INTERACTOR → SOLUTION] 7
[INTERACTOR → SOLUTION] 0 2 3 1 0
[SOLUTION → INTERACTOR] 0
[INTERACTOR → SOLUTION] 6
[INTERACTOR → SOLUTION] 0 2 3 1 0
[SOLUTION → INTERACTOR] 0
[INTERACTOR → SOLUTION] 9
[INTERACTOR → SOLUTION] 0 2 3 1 0
[SOLUTION → INTERACTOR] 0
[INTERACTOR → SOLUTION] 10
[INTERACTOR → SOLUTION] 0 2 3 1 0
[SOLUTION → INTERACTOR] 0
[INTERACTOR → SOLUTION] 7
[INTERACTOR → SOLUTION] 0 2 3 1 0
[SOLUTION → INTERACTOR] 0
[INTERACTOR → SOLUTION] 9
[INTERACTOR → SOLUTION] 0 2 3 1 0
[SOLUTION → INTERACTOR] 0
[INTERACTOR → SOLUTION] 4
[INTERACTOR → SOLUTION] 0 2 3 1 0
[SOLUTION → INTERACTOR] 0
[INTERACTOR → SOLUTION] 11
[INTERACTOR → SOLUTION] 0 2 3 1 0
[SOLUTION → INTERACTOR] 0
[INTERACTOR → SOLUTION] 7
[INTERACTOR → SOLUTION] 0 2 3 1 0
[SOLUTION → INTERACTOR] 0
[INTERACTOR → SOLUTION] 6
[INTERACTOR → SOLUTION] 0 2 3 1 0
[SOLUTION → INTERACTOR] 0
[INTERACTOR → SOLUTION] 7
[INTERACTOR → SOLUTION] 0 2 3 1 0
[SOLUTION → INTERACTOR] 0
[INTERACTOR → SOLUTION] 10
[INTERACTOR → SOLUTION] 0 2 3 1 0
[SOLUTION → INTERACTOR] 0
[INTERACTOR → SOLUTION] 9
[INTERACTOR → SOLUTION] 0 2 3 1 0
[SOLUTION → INTERACTOR] 0
[INTERACTOR → SOLUTION] 5
[INTERACTOR → SOLUTION] 0 2 3 1 0
[SOLUTION → INTERACTOR] 0
[INTERACTOR → SOLUTION] 5
[INTERACTOR → SOLUTION] 0 2 3 1 0
[SOLUTION → INTERACTOR] 0
[INTERACTOR → SOLUTION] 8
[INTERACTOR → SOLUTION] 17 19 17 17 19
[SOLUTION → INTERACTOR] 28
[SOLUTION → INTERACTOR] BUILD_DC 43
[SOLUTION → INTERACTOR] UPGRADE_DC 43
[SOLUTION → INTERACTOR] UPGRADE_DC 35
[SOLUTION → INTERACTOR] UPGRADE_DC 38
[SOLUTION → INTERACTOR] UPGRADE_DC 50
[SOLUTION → INTERACTOR] UPGRADE_DC 14
[SOLUTION → INTERACTOR] CONVERT 0 4
[SOLUTION → INTERACTOR] CONVERT 1 4
[SOLUTION → INTERACTOR] UPGRADE_DC 0
[SOLUTION → INTERACTOR] CONVERT 1 4
[SOLUTION → INTERACTOR] CONVERT 2 4
[SOLUTION → INTERACTOR] BUILD_CABLE 48 47
[SOLUTION → INTERACTOR] BUILD_DC 47
[SOLUTION → INTERACTOR] BUILD_CABLE 43 51
[SOLUTION → INTERACTOR] BUILD_CABLE 51 52
[SOLUTION → INTERACTOR] BUILD_DC 52
[SOLUTION → INTERACTOR] CONVERT 0 3
[SOLUTION → INTERACTOR] BUILD_CABLE 0 5
[SOLUTION → INTERACTOR] BUILD_CABLE 5 4
[SOLUTION → INTERACTOR] BUILD_DC 4
[SOLUTION → INTERACTOR] CONVERT 1 3
[SOLUTION → INTERACTOR] BUILD_CABLE 5 16
[SOLUTION → INTERACTOR] BUILD_DC 16
[SOLUTION → INTERACTOR] CONVERT 2 0
[SOLUTION → INTERACTOR] CONVERT 2 3
[SOLUTION → INTERACTOR] BUILD_CABLE 8 13
[SOLUTION → INTERACTOR] CONVERT 2 0
[SOLUTION → INTERACTOR] BUILD_CABLE 13 12
[INTERACTOR → SOLUTION] 6
[INTERACTOR → SOLUTION] 0 0 3 1 3
[SOLUTION → INTERACTOR] 0
[INTERACTOR → SOLUTION] 11
[INTERACTOR → SOLUTION] 0 0 3 1 3
[SOLUTION → INTERACTOR] 0
[INTERACTOR → SOLUTION] 6
[INTERACTOR → SOLUTION] 0 0 3 1 3
[SOLUTION → INTERACTOR] 0
[INTERACTOR → SOLUTION] 8
[INTERACTOR → SOLUTION] 19 23 24 18 24
[SOLUTION → INTERACTOR] 37
[SOLUTION → INTERACTOR] BUILD_DC 12
[SOLUTION → INTERACTOR] UPGRADE_DC 12
[SOLUTION → INTERACTOR] UPGRADE_DC 16
[SOLUTION → INTERACTOR] UPGRADE_DC 47
[SOLUTION → INTERACTOR] UPGRADE_DC 4
[SOLUTION → INTERACTOR] UPGRADE_DC 52
[SOLUTION → INTERACTOR] UPGRADE_DC 6
[SOLUTION → INTERACTOR] CONVERT 0 3
[SOLUTION → INTERACTOR] UPGRADE_DC 41
[SOLUTION → INTERACTOR] CONVERT 0 4
[SOLUTION → INTERACTOR] CONVERT 1 4
[SOLUTION → INTERACTOR] CONVERT 1 3
[SOLUTION → INTERACTOR] CONVERT 1 4
[SOLUTION → INTERACTOR] CONVERT 1 3
[SOLUTION → INTERACTOR] CONVERT 2 4
[SOLUTION → INTERACTOR] CONVERT 2 3
[SOLUTION → INTERACTOR] UPGRADE_DC 18
[SOLUTION → INTERACTOR] CONVERT 2 4
[SOLUTION → INTERACTOR] CONVERT 2 4
[SOLUTION → INTERACTOR] CONVERT 2 3
[SOLUTION → INTERACTOR] BUILD_CABLE 10 11
[SOLUTION → INTERACTOR] BUILD_CABLE 11 24
[SOLUTION → INTERACTOR] BUILD_DC 24
[SOLUTION → INTERACTOR] UPGRADE_DC 24
[SOLUTION → INTERACTOR] CONVERT 0 3
[SOLUTION → INTERACTOR] BUILD_CABLE 14 17
[SOLUTION → INTERACTOR] BUILD_CABLE 17 27
[SOLUTION → INTERACTOR] BUILD_DC 27
[SOLUTION → INTERACTOR] CONVERT 1 3
[SOLUTION → INTERACTOR] BUILD_CABLE 22 23
[SOLUTION → INTERACTOR] BUILD_CABLE 23 37
[SOLUTION → INTERACTOR] BUILD_DC 37
[SOLUTION → INTERACTOR] CONVERT 2 0
[SOLUTION → INTERACTOR] CONVERT 2 3
[SOLUTION → INTERACTOR] BUILD_CABLE 33 44
[SOLUTION → INTERACTOR] CONVERT 2 0
[SOLUTION → INTERACTOR] BUILD_CABLE 44 45
[INTERACTOR → SOLUTION] 6
[INTERACTOR → SOLUTION] 0 1 4 1 0
[SOLUTION → INTERACTOR] 0
[INTERACTOR → SOLUTION] 4
[INTERACTOR → SOLUTION] 0 1 4 1 0
[SOLUTION → INTERACTOR] 0
[INTERACTOR → SOLUTION] 2
[INTERACTOR → SOLUTION] 0 1 4 1 0
[SOLUTION → INTERACTOR] 0
[INTERACTOR → SOLUTION] 7
[INTERACTOR → SOLUTION] 0 1 4 1 0
[SOLUTION → INTERACTOR] 0
[INTERACTOR → SOLUTION] 10
[INTERACTOR → SOLUTION] 0 1 4 1 0
[SOLUTION → INTERACTOR] 0
[INTERACTOR → SOLUTION] 8
[INTERACTOR → SOLUTION] 20 28 27 23 27
[SOLUTION → INTERACTOR] 27
[SOLUTION → INTERACTOR] BUILD_DC 45
[SOLUTION → INTERACTOR] UPGRADE_DC 45
[SOLUTION → INTERACTOR] UPGRADE_DC 37
[SOLUTION → INTERACTOR] UPGRADE_DC 27
[SOLUTION → INTERACTOR] UPGRADE_DC 29
[SOLUTION → INTERACTOR] UPGRADE_DC 10
[SOLUTION → INTERACTOR] UPGRADE_DC 20
[SOLUTION → INTERACTOR] UPGRADE_DC 22
[SOLUTION → INTERACTOR] CONVERT 0 4
[SOLUTION → INTERACTOR] CONVERT 0 4
[SOLUTION → INTERACTOR] CONVERT 0 4
[SOLUTION → INTERACTOR] CONVERT 1 3
[SOLUTION → INTERACTOR] UPGRADE_DC 33
[SOLUTION → INTERACTOR] CONVERT 1 4
[SOLUTION → INTERACTOR] CONVERT 1 4
[SOLUTION → INTERACTOR] CONVERT 1 3
[SOLUTION → INTERACTOR] CONVERT 1 4
[SOLUTION → INTERACTOR] CONVERT 1 3
[SOLUTION → INTERACTOR] CONVERT 1 4
[SOLUTION → INTERACTOR] CONVERT 2 3
[SOLUTION → INTERACTOR] UPGRADE_DC 31
[SOLUTION → INTERACTOR] CONVERT 2 4
[SOLUTION → INTERACTOR] CONVERT 2 4
[SOLUTION → INTERACTOR] CONVERT 2 3
[SOLUTION → INTERACTOR] CONVERT 2 4
[SOLUTION → INTERACTOR] CONVERT 2 3
[SOLUTION → INTERACTOR] UPGRADE_DC 8
[INTERACTOR → SOLUTION] 11
[INTERACTOR → SOLUTION] 13 13 14 1 0
[SOLUTION → INTERACTOR] 0
[INTERACTOR → SOLUTION] 8
[INTERACTOR → SOLUTION] 38 44 43 27 32
[SOLUTION → INTERACTOR] 56
[SOLUTION → INTERACTOR] UPGRADE_DC 2
[SOLUTION → INTERACTOR] UPGRADE_DC 25
[SOLUTION → INTERACTOR] UPGRADE_DC 43
[SOLUTION → INTERACTOR] UPGRADE_DC 35
[SOLUTION → INTERACTOR] UPGRADE_DC 38
[SOLUTION → INTERACTOR] UPGRADE_DC 45
[SOLUTION → INTERACTOR] UPGRADE_DC 37
[SOLUTION → INTERACTOR] CONVERT 0 4
[SOLUTION → INTERACTOR] UPGRADE_DC 27
[SOLUTION → INTERACTOR] CONVERT 0 4
[SOLUTION → INTERACTOR] CONVERT 0 4
[SOLUTION → INTERACTOR] CONVERT 0 4
[SOLUTION → INTERACTOR] CONVERT 0 3
[SOLUTION → INTERACTOR] CONVERT 0 4
[SOLUTION → INTERACTOR] CONVERT 0 3
[SOLUTION → INTERACTOR] UPGRADE_DC 24
[SOLUTION → INTERACTOR] CONVERT 0 4
[SOLUTION → INTERACTOR] CONVERT 0 4
[SOLUTION → INTERACTOR] CONVERT 0 3
[SOLUTION → INTERACTOR] CONVERT 0 4
[SOLUTION → INTERACTOR] CONVERT 0 3
[SOLUTION → INTERACTOR] CONVERT 1 4
[SOLUTION → INTERACTOR] CONVERT 1 3
[SOLUTION → INTERACTOR] UPGRADE_DC 12
[SOLUTION → INTERACTOR] CONVERT 1 4
[SOLUTION → INTERACTOR] CONVERT 1 4
[SOLUTION → INTERACTOR] CONVERT 1 3
[SOLUTION → INTERACTOR] CONVERT 1 4
[SOLUTION → INTERACTOR] CONVERT 1 3
[SOLUTION → INTERACTOR] CONVERT 1 4
[SOLUTION → INTERACTOR] CONVERT 1 3
[SOLUTION → INTERACTOR] UPGRADE_DC 16
[SOLUTION → INTERACTOR] CONVERT 1 4
[SOLUTION → INTERACTOR] CONVERT 1 4
[SOLUTION → INTERACTOR] CONVERT 1 3
[SOLUTION → INTERACTOR] CONVERT 1 4
[SOLUTION → INTERACTOR] CONVERT 1 3
[SOLUTION → INTERACTOR] CONVERT 1 4
[SOLUTION → INTERACTOR] CONVERT 2 3
[SOLUTION → INTERACTOR] UPGRADE_DC 4
[SOLUTION → INTERACTOR] CONVERT 2 4
[SOLUTION → INTERACTOR] CONVERT 2 4
[SOLUTION → INTERACTOR] CONVERT 2 3
[SOLUTION → INTERACTOR] CONVERT 2 4
[SOLUTION → INTERACTOR] CONVERT 2 3
[SOLUTION → INTERACTOR] CONVERT 2 4
[SOLUTION → INTERACTOR] CONVERT 2 3
[SOLUTION → INTERACTOR] UPGRADE_DC 47
[SOLUTION → INTERACTOR] CONVERT 2 4
[SOLUTION → INTERACTOR] CONVERT 2 4
[SOLUTION → INTERACTOR] CONVERT 2 3
[SOLUTION → INTERACTOR] CONVERT 2 4
[SOLUTION → INTERACTOR] CONVERT 2 3
[SOLUTION → INTERACTOR] CONVERT 2 4
[SOLUTION → INTERACTOR] CONVERT 2 3
[SOLUTION → INTERACTOR] UPGRADE_DC 50
[INTERACTOR → SOLUTION] 6
[INTERACTOR → SOLUTION] 14 14 13 2 1
[SOLUTION → INTERACTOR] 0
[INTERACTOR → SOLUTION] 7
[INTERACTOR → SOLUTION] 14 14 13 2 1
[SOLUTION → INTERACTOR] 0
[INTERACTOR → SOLUTION] 12
[INTERACTOR → SOLUTION] 14 14 13 2 1
[SOLUTION → INTERACTOR] 0
[INTERACTOR → SOLUTION] 8
[INTERACTOR → SOLUTION] 41 50 49 29 37
[SOLUTION → INTERACTOR] 1
[SOLUTION → INTERACTOR] UPGRADE_DC 52
[INTERACTOR → SOLUTION] 3
[INTERACTOR → SOLUTION] 41 50 49 26 33
[SOLUTION → INTERACTOR] 0
[INTERACTOR → SOLUTION] 9
[INTERACTOR → SOLUTION] 41 50 49 26 33
[SOLUTION → INTERACTOR] 0
[INTERACTOR → SOLUTION] 3
[INTERACTOR → SOLUTION] 41 50 49 26 33
[SOLUTION → INTERACTOR] 0
[INTERACTOR → SOLUTION] 6
[INTERACTOR → SOLUTION] 41 50 49 26 33
[SOLUTION → INTERACTOR] 0
[INTERACTOR → SOLUTION] 9
[INTERACTOR → SOLUTION] 41 50 49 26 33
[SOLUTION → INTERACTOR] 0
[INTERACTOR → SOLUTION] 8
[INTERACTOR → SOLUTION] 68 86 85 53 69
[SOLUTION → INTERACTOR] 0
[INTERACTOR → SOLUTION] 9
[INTERACTOR → SOLUTION] 68 86 85 53 69
[SOLUTION → INTERACTOR] 0
[INTERACTOR → SOLUTION] 3
[INTERACTOR → SOLUTION] 68 86 85 53 69
[SOLUTION → INTERACTOR] 0
[INTERACTOR → SOLUTION] 9
[INTERACTOR → SOLUTION] 68 86 85 53 69
[SOLUTION → INTERACTOR] 0
[INTERACTOR → SOLUTION] SCORE: 137
