[INTERACTOR → SOLUTION] 5
[INTERACTOR → SOLUTION] 95
[INTERACTOR → SOLUTION] 3 9 25 26 14 17 27 28
[INTERACTOR → SOLUTION] 2 11 38 39 29 26 25 40
[INTERACTOR → SOLUTION] 0 5 47 48 41 39 38 49
[INTERACTOR → SOLUTION] 3 4 14 15 0 5 16 17
[INTERACTOR → SOLUTION] 3 5 29 30 18 15 14 26
[INTERACTOR → SOLUTION] 2 12 41 42 31 30 29 39
[INTERACTOR → SOLUTION] 1 6 50 51 43 42 41 48
[INTERACTOR → SOLUTION] 4 11 0 1 2 3 4 5
[INTERACTOR → SOLUTION] 3 10 18 19 6 1 0 15
[INTERACTOR → SOLUTION] 2 2 31 32 20 19 18 30
[INTERACTOR → SOLUTION] 2 9 43 44 33 32 31 42
[INTERACTOR → SOLUTION] 1 6 52 53 45 44 43 51
[INTERACTOR → SOLUTION] 4 10 6 7 8 9 2 1
[INTERACTOR → SOLUTION] 5 0 20 21 10 7 6 19
[INTERACTOR → SOLUTION] 0 3 33 34 22 21 20 32
[INTERACTOR → SOLUTION] 1 8 45 46 35 34 33 44
[INTERACTOR → SOLUTION] 4 4 10 11 12 13 8 7
[INTERACTOR → SOLUTION] 0 3 22 23 24 11 10 21
[INTERACTOR → SOLUTION] 0 8 35 36 37 23 22 34
[INTERACTOR → SOLUTION] C0 2 25 28
[INTERACTOR → SOLUTION] C1 2 45 53
[INTERACTOR → SOLUTION] C2 2 11 12
[INTERACTOR → SOLUTION] C3 2 23 24
[INTERACTOR → SOLUTION] C4 2 48 50
[INTERACTOR → SOLUTION] C31 8 3 4 2 9 5 16 38 49
[SOLUTION → INTERACTOR] START
[SOLUTION → INTERACTOR] BUILD_DC 29
[SOLUTION → INTERACTOR] BUILD_DC 41
[SOLUTION → INTERACTOR] BUILD_CABLE 29 26
[SOLUTION → INTERACTOR] BUILD_CABLE 41 42
[INTERACTOR → SOLUTION] 10
[INTERACTOR → SOLUTION] 0 0 0 0 0
[SOLUTION → INTERACTOR] 0
[INTERACTOR → SOLUTION] 7
[INTERACTOR → SOLUTION] 0 0 0 0 0
[SOLUTION → INTERACTOR] 0
[INTERACTOR → SOLUTION] 10
[INTERACTOR → SOLUTION] 0 0 0 0 0
[SOLUTION → INTERACTOR] 0
[INTERACTOR → SOLUTION] 8
[INTERACTOR → SOLUTION] 0 0 0 0 0
[SOLUTION → INTERACTOR] 0
[INTERACTOR → SOLUTION] 9
[INTERACTOR → SOLUTION] 0 0 0 0 0
[SOLUTION → INTERACTOR] 0
[INTERACTOR → SOLUTION] 9
[INTERACTOR → SOLUTION] 0 0 0 0 0
[SOLUTION → INTERACTOR] 0
[INTERACTOR → SOLUTION] 6
[INTERACTOR → SOLUTION] 0 1 0 0 0
[SOLUTION → INTERACTOR] 0
[INTERACTOR → SOLUTION] 12
[INTERACTOR → SOLUTION] 0 1 2 0 0
[SOLUTION → INTERACTOR] 0
[INTERACTOR → SOLUTION] 6
[INTERACTOR → SOLUTION] 0 2 2 0 0
[SOLUTION → INTERACTOR] 0
[INTERACTOR → SOLUTION] 4
[INTERACTOR → SOLUTION] 0 2 2 0 0
[SOLUTION → INTERACTOR] 0
[INTERACTOR → SOLUTION] 10
[INTERACTOR → SOLUTION] 0 2 2 0 0
[SOLUTION → INTERACTOR] 0
[INTERACTOR → SOLUTION] 6
[INTERACTOR → SOLUTION] 0 3 2 0 0
[SOLUTION → INTERACTOR] 0
[INTERACTOR → SOLUTION] 10
[INTERACTOR → SOLUTION] 0 3 2 0 0
[SOLUTION → INTERACTOR] 0
[INTERACTOR → SOLUTION] 9
[INTERACTOR → SOLUTION] 0 3 2 0 0
[SOLUTION → INTERACTOR] 0
[INTERACTOR → SOLUTION] 8
[INTERACTOR → SOLUTION] 0 3 2 0 0
[SOLUTION → INTERACTOR] 0
[INTERACTOR → SOLUTION] 4
[INTERACTOR → SOLUTION] 0 3 2 0 0
[SOLUTION → INTERACTOR] 0
[INTERACTOR → SOLUTION] 7
[INTERACTOR → SOLUTION] 0 3 2 0 0
[SOLUTION → INTERACTOR] 0
[INTERACTOR → SOLUTION] 7
[INTERACTOR → SOLUTION] 0 3 2 0 0
[SOLUTION → INTERACTOR] 0
[INTERACTOR → SOLUTION] 9
[INTERACTOR → SOLUTION] 0 3 2 0 0
[SOLUTION → INTERACTOR] 0
[INTERACTOR → SOLUTION] 6
[INTERACTOR → SOLUTION] 0 4 2 0 0
[SOLUTION → INTERACTOR] 0
[INTERACTOR → SOLUTION] 5
[INTERACTOR → SOLUTION] 1 4 2 1 0
[SOLUTION → INTERACTOR] 1
[SOLUTION → INTERACTOR] BUILD_CABLE 42 43
[INTERACTOR → SOLUTION] 9
[INTERACTOR → SOLUTION] 0 3 2 1 0
[SOLUTION → INTERACTOR] 0
[INTERACTOR → SOLUTION] 5
[INTERACTOR → SOLUTION] 1 3 2 2 0
[SOLUTION → INTERACTOR] 1
[SOLUTION → INTERACTOR] BUILD_DC 43
[INTERACTOR → SOLUTION] 7
[INTERACTOR → SOLUTION] 0 2 1 1 0
[SOLUTION → INTERACTOR] 0
[INTERACTOR → SOLUTION] 7
[INTERACTOR → SOLUTION] 0 2 1 1 0
[SOLUTION → INTERACTOR] 0
[INTERACTOR → SOLUTION] 9
[INTERACTOR → SOLUTION] 0 2 2 1 0
[SOLUTION → INTERACTOR] 0
[INTERACTOR → SOLUTION] 5
[INTERACTOR → SOLUTION] 1 2 2 2 0
[SOLUTION → INTERACTOR] 1
[SOLUTION → INTERACTOR] BUILD_CABLE 26 14
[INTERACTOR → SOLUTION] 7
[INTERACTOR → SOLUTION] 0 1 2 2 0
[SOLUTION → INTERACTOR] 0
[INTERACTOR → SOLUTION] 7
[INTERACTOR → SOLUTION] 0 1 2 2 0
[SOLUTION → INTERACTOR] 0
[INTERACTOR → SOLUTION] 6
[INTERACTOR → SOLUTION] 0 4 2 2 0
[SOLUTION → INTERACTOR] 0
[INTERACTOR → SOLUTION] 3
[INTERACTOR → SOLUTION] 0 4 2 2 0
[SOLUTION → INTERACTOR] 0
[INTERACTOR → SOLUTION] 8
[INTERACTOR → SOLUTION] 0 4 2 2 0
[SOLUTION → INTERACTOR] 0
[INTERACTOR → SOLUTION] 5
[INTERACTOR → SOLUTION] 1 4 2 3 0
[SOLUTION → INTERACTOR] 1
[SOLUTION → INTERACTOR] BUILD_DC 14
[INTERACTOR → SOLUTION] 8
[INTERACTOR → SOLUTION] 0 3 1 2 0
[SOLUTION → INTERACTOR] 0
[INTERACTOR → SOLUTION] 7
[INTERACTOR → SOLUTION] 0 3 1 2 0
[SOLUTION → INTERACTOR] 0
[INTERACTOR → SOLUTION] 7
[INTERACTOR → SOLUTION] 0 3 1 2 0
[SOLUTION → INTERACTOR] 0
[INTERACTOR → SOLUTION] 7
[INTERACTOR → SOLUTION] 0 3 1 2 0
[SOLUTION → INTERACTOR] 0
[INTERACTOR → SOLUTION] 10
[INTERACTOR → SOLUTION] 0 3 1 2 0
[SOLUTION → INTERACTOR] 0
[INTERACTOR → SOLUTION] 6
[INTERACTOR → SOLUTION] 0 6 1 2 0
[SOLUTION → INTERACTOR] 0
[INTERACTOR → SOLUTION] 4
[INTERACTOR → SOLUTION] 0 6 1 3 0
[SOLUTION → INTERACTOR] 0
[INTERACTOR → SOLUTION] 5
[INTERACTOR → SOLUTION] 1 6 1 5 0
[SOLUTION → INTERACTOR] 1
[SOLUTION → INTERACTOR] BUILD_CABLE 29 39
[INTERACTOR → SOLUTION] 6
[INTERACTOR → SOLUTION] 0 8 1 5 0
[SOLUTION → INTERACTOR] 2
[SOLUTION → INTERACTOR] CONVERT 1 0
[SOLUTION → INTERACTOR] BUILD_CABLE 39 38
[INTERACTOR → SOLUTION] 6
[INTERACTOR → SOLUTION] 0 6 1 5 0
[SOLUTION → INTERACTOR] 0
[INTERACTOR → SOLUTION] 6
[INTERACTOR → SOLUTION] 0 9 1 5 0
[SOLUTION → INTERACTOR] 2
[SOLUTION → INTERACTOR] CONVERT 1 0
[SOLUTION → INTERACTOR] BUILD_DC 38
[INTERACTOR → SOLUTION] 11
[INTERACTOR → SOLUTION] 0 4 2 4 0
[SOLUTION → INTERACTOR] 0
[INTERACTOR → SOLUTION] 9
[INTERACTOR → SOLUTION] 0 4 3 5 0
[SOLUTION → INTERACTOR] 0
[INTERACTOR → SOLUTION] 7
[INTERACTOR → SOLUTION] 0 4 3 5 0
[SOLUTION → INTERACTOR] 0
[INTERACTOR → SOLUTION] 11
[INTERACTOR → SOLUTION] 0 4 5 5 0
[SOLUTION → INTERACTOR] 0
[INTERACTOR → SOLUTION] 8
[INTERACTOR → SOLUTION] 0 4 5 5 0
[SOLUTION → INTERACTOR] 0
[INTERACTOR → SOLUTION] 11
[INTERACTOR → SOLUTION] 0 4 7 5 0
[SOLUTION → INTERACTOR] 2
[SOLUTION → INTERACTOR] CONVERT 2 0
[SOLUTION → INTERACTOR] BUILD_CABLE 14 17
[INTERACTOR → SOLUTION] 11
[INTERACTOR → SOLUTION] 0 3 6 5 0
[SOLUTION → INTERACTOR] 2
[SOLUTION → INTERACTOR] CONVERT 2 0
[SOLUTION → INTERACTOR] BUILD_CABLE 17 16
[INTERACTOR → SOLUTION] 9
[INTERACTOR → SOLUTION] 0 2 4 6 0
[SOLUTION → INTERACTOR] 0
[INTERACTOR → SOLUTION] 10
[INTERACTOR → SOLUTION] 0 2 4 6 0
[SOLUTION → INTERACTOR] 0
[INTERACTOR → SOLUTION] 8
[INTERACTOR → SOLUTION] 0 2 4 6 0
[SOLUTION → INTERACTOR] 0
[INTERACTOR → SOLUTION] 6
[INTERACTOR → SOLUTION] 0 5 4 6 0
[SOLUTION → INTERACTOR] 0
[INTERACTOR → SOLUTION] 8
[INTERACTOR → SOLUTION] 0 5 4 6 0
[SOLUTION → INTERACTOR] 0
[INTERACTOR → SOLUTION] 6
[INTERACTOR → SOLUTION] 0 8 4 6 0
[SOLUTION → INTERACTOR] 2
[SOLUTION → INTERACTOR] CONVERT 1 0
[SOLUTION → INTERACTOR] BUILD_DC 16
[INTERACTOR → SOLUTION] 7
[INTERACTOR → SOLUTION] 0 4 3 5 0
[SOLUTION → INTERACTOR] 0
[INTERACTOR → SOLUTION] 3
[INTERACTOR → SOLUTION] 0 4 3 5 0
[SOLUTION → INTERACTOR] 0
[INTERACTOR → SOLUTION] 9
[INTERACTOR → SOLUTION] 0 4 4 6 0
[SOLUTION → INTERACTOR] 0
[INTERACTOR → SOLUTION] 8
[INTERACTOR → SOLUTION] 0 4 4 6 0
[SOLUTION → INTERACTOR] 0
[INTERACTOR → SOLUTION] 8
[INTERACTOR → SOLUTION] 0 4 4 6 0
[SOLUTION → INTERACTOR] 0
[INTERACTOR → SOLUTION] 8
[INTERACTOR → SOLUTION] 0 4 4 6 0
[SOLUTION → INTERACTOR] 0
[INTERACTOR → SOLUTION] 10
[INTERACTOR → SOLUTION] 0 4 4 6 0
[SOLUTION → INTERACTOR] 0
[INTERACTOR → SOLUTION] 7
[INTERACTOR → SOLUTION] 0 4 4 6 0
[SOLUTION → INTERACTOR] 0
[INTERACTOR → SOLUTION] 8
[INTERACTOR → SOLUTION] 0 4 4 6 0
[SOLUTION → INTERACTOR] 0
[INTERACTOR → SOLUTION] 5
[INTERACTOR → SOLUTION] 2 4 4 8 0
[SOLUTION → INTERACTOR] 2
[SOLUTION → INTERACTOR] BUILD_CABLE 16 5
[SOLUTION → INTERACTOR] BUILD_CABLE 5 4
[INTERACTOR → SOLUTION] 9
[INTERACTOR → SOLUTION] 0 2 5 9 0
[SOLUTION → INTERACTOR] 0
[INTERACTOR → SOLUTION] 9
[INTERACTOR → SOLUTION] 0 2 6 10 0
[SOLUTION → INTERACTOR] 2
[SOLUTION → INTERACTOR] CONVERT 2 0
[SOLUTION → INTERACTOR] BUILD_DC 4
[INTERACTOR → SOLUTION] 11
[INTERACTOR → SOLUTION] 0 1 4 9 1
[SOLUTION → INTERACTOR] 0
[INTERACTOR → SOLUTION] 5
[INTERACTOR → SOLUTION] 2 1 4 11 1
[SOLUTION → INTERACTOR] 1
[SOLUTION → INTERACTOR] BUILD_CABLE 5 0
[INTERACTOR → SOLUTION] 7
[INTERACTOR → SOLUTION] 1 0 4 11 1
[SOLUTION → INTERACTOR] 0
[INTERACTOR → SOLUTION] 9
[INTERACTOR → SOLUTION] 1 0 5 12 1
[SOLUTION → INTERACTOR] 0
[INTERACTOR → SOLUTION] 5
[INTERACTOR → SOLUTION] 3 0 5 14 1
[SOLUTION → INTERACTOR] 0
[INTERACTOR → SOLUTION] 5
[INTERACTOR → SOLUTION] 5 0 5 16 1
[SOLUTION → INTERACTOR] 0
[INTERACTOR → SOLUTION] 7
[INTERACTOR → SOLUTION] 5 0 5 16 1
[SOLUTION → INTERACTOR] 0
[INTERACTOR → SOLUTION] 7
[INTERACTOR → SOLUTION] 5 0 5 16 1
[SOLUTION → INTERACTOR] 0
[INTERACTOR → SOLUTION] 7
[INTERACTOR → SOLUTION] 5 0 5 16 1
[SOLUTION → INTERACTOR] 0
[INTERACTOR → SOLUTION] 9
[INTERACTOR → SOLUTION] 5 0 6 17 1
[SOLUTION → INTERACTOR] 2
[SOLUTION → INTERACTOR] CONVERT 2 1
[SOLUTION → INTERACTOR] BUILD_DC 0
[INTERACTOR → SOLUTION] 4
[INTERACTOR → SOLUTION] 4 0 2 19 1
[SOLUTION → INTERACTOR] 0
[INTERACTOR → SOLUTION] 7
[INTERACTOR → SOLUTION] 4 0 2 19 1
[SOLUTION → INTERACTOR] 0
[INTERACTOR → SOLUTION] 6
[INTERACTOR → SOLUTION] 4 3 2 19 1
[SOLUTION → INTERACTOR] 3
[SOLUTION → INTERACTOR] BUILD_CABLE 0 1
[SOLUTION → INTERACTOR] BUILD_CABLE 1 2
[SOLUTION → INTERACTOR] BUILD_DC 2
[INTERACTOR → SOLUTION] 2
[INTERACTOR → SOLUTION] 1 0 1 18 1
[SOLUTION → INTERACTOR] 0
[INTERACTOR → SOLUTION] 10
[INTERACTOR → SOLUTION] 1 0 1 19 2
[SOLUTION → INTERACTOR] 0
[INTERACTOR → SOLUTION] 5
[INTERACTOR → SOLUTION] 3 0 1 21 2
[SOLUTION → INTERACTOR] 0
[INTERACTOR → SOLUTION] 8
[INTERACTOR → SOLUTION] 3 0 1 21 2
[SOLUTION → INTERACTOR] 0
[INTERACTOR → SOLUTION] 4
[INTERACTOR → SOLUTION] 3 0 1 24 2
[SOLUTION → INTERACTOR] 0
[INTERACTOR → SOLUTION] 5
[INTERACTOR → SOLUTION] 5 0 1 26 2
[SOLUTION → INTERACTOR] 0
[INTERACTOR → SOLUTION] 4
[INTERACTOR → SOLUTION] 5 0 1 29 2
[SOLUTION → INTERACTOR] 0
[INTERACTOR → SOLUTION] 9
[INTERACTOR → SOLUTION] 5 0 2 30 2
[SOLUTION → INTERACTOR] 0
[INTERACTOR → SOLUTION] 7
[INTERACTOR → SOLUTION] 5 0 2 30 2
[SOLUTION → INTERACTOR] 0
[INTERACTOR → SOLUTION] 2
[INTERACTOR → SOLUTION] 5 0 2 30 2
[SOLUTION → INTERACTOR] 0
[INTERACTOR → SOLUTION] 3
[INTERACTOR → SOLUTION] 5 0 2 30 2
[SOLUTION → INTERACTOR] 0
[INTERACTOR → SOLUTION] 8
[INTERACTOR → SOLUTION] 5 0 2 30 2
[SOLUTION → INTERACTOR] 0
[INTERACTOR → SOLUTION] 7
[INTERACTOR → SOLUTION] 5 0 2 30 2
[SOLUTION → INTERACTOR] 0
[INTERACTOR → SOLUTION] 110
[INTERACTOR → SOLUTION] 4 6 25 26 14 17 27 28
[INTERACTOR → SOLUTION] 4 8 38 39 29 26 25 40
[INTERACTOR → SOLUTION] 2 5 47 48 41 39 38 49
[INTERACTOR → SOLUTION] 5 0 14 15 0 5 16 17
[INTERACTOR → SOLUTION] 0 9 29 30 18 15 14 26
[INTERACTOR → SOLUTION] 4 4 41 42 31 30 29 39
[INTERACTOR → SOLUTION] 3 10 50 51 43 42 41 48
[INTERACTOR → SOLUTION] 0 8 0 1 2 3 4 5
[INTERACTOR → SOLUTION] 0 11 18 19 6 1 0 15
[INTERACTOR → SOLUTION] 0 10 31 32 20 19 18 30
[INTERACTOR → SOLUTION] 3 12 43 44 33 32 31 42
[INTERACTOR → SOLUTION] 3 9 52 53 45 44 43 51
[INTERACTOR → SOLUTION] 1 2 6 7 8 9 2 1
[INTERACTOR → SOLUTION] 1 3 20 21 10 7 6 19
[INTERACTOR → SOLUTION] 2 11 33 34 22 21 20 32
[INTERACTOR → SOLUTION] 3 6 45 46 35 34 33 44
[INTERACTOR → SOLUTION] 1 4 10 11 12 13 8 7
[INTERACTOR → SOLUTION] 2 3 22 23 24 11 10 21
[INTERACTOR → SOLUTION] 2 5 35 36 37 23 22 34
[INTERACTOR → SOLUTION] C0 2 11 12
[INTERACTOR → SOLUTION] C1 2 52 53
[INTERACTOR → SOLUTION] C2 2 38 40
[INTERACTOR → SOLUTION] C3 2 8 9
[INTERACTOR → SOLUTION] C4 2 47 48
[INTERACTOR → SOLUTION] C31 8 35 46 3 4 17 27 50 51
[SOLUTION → INTERACTOR] START
[SOLUTION → INTERACTOR] BUILD_DC 19
[SOLUTION → INTERACTOR] BUILD_DC 34
[SOLUTION → INTERACTOR] BUILD_CABLE 19 18
[SOLUTION → INTERACTOR] BUILD_CABLE 34 35
[INTERACTOR → SOLUTION] 7
[INTERACTOR → SOLUTION] 0 0 0 0 0
[SOLUTION → INTERACTOR] 0
[INTERACTOR → SOLUTION] 5
[INTERACTOR → SOLUTION] 0 0 1 0 0
[SOLUTION → INTERACTOR] 0
[INTERACTOR → SOLUTION] 5
[INTERACTOR → SOLUTION] 0 0 2 0 0
[SOLUTION → INTERACTOR] 0
[INTERACTOR → SOLUTION] 9
[INTERACTOR → SOLUTION] 0 0 2 0 0
[SOLUTION → INTERACTOR] 0
[INTERACTOR → SOLUTION] 12
[INTERACTOR → SOLUTION] 0 0 2 0 0
[SOLUTION → INTERACTOR] 0
[INTERACTOR → SOLUTION] 4
[INTERACTOR → SOLUTION] 0 0 2 0 0
[SOLUTION → INTERACTOR] 0
[INTERACTOR → SOLUTION] 6
[INTERACTOR → SOLUTION] 0 0 2 1 0
[SOLUTION → INTERACTOR] 0
[INTERACTOR → SOLUTION] 9
[INTERACTOR → SOLUTION] 0 0 2 1 0
[SOLUTION → INTERACTOR] 0
[INTERACTOR → SOLUTION] 8
[INTERACTOR → SOLUTION] 0 0 2 1 0
[SOLUTION → INTERACTOR] 0
[INTERACTOR → SOLUTION] 11
[INTERACTOR → SOLUTION] 1 0 3 1 0
[SOLUTION → INTERACTOR] 0
[INTERACTOR → SOLUTION] 10
[INTERACTOR → SOLUTION] 2 0 3 1 0
[SOLUTION → INTERACTOR] 0
[INTERACTOR → SOLUTION] 11
[INTERACTOR → SOLUTION] 3 0 4 1 0
[SOLUTION → INTERACTOR] 0
[INTERACTOR → SOLUTION] 7
[INTERACTOR → SOLUTION] 3 0 4 1 0
[SOLUTION → INTERACTOR] 0
[INTERACTOR → SOLUTION] 5
[INTERACTOR → SOLUTION] 3 0 5 1 0
[SOLUTION → INTERACTOR] 0
[INTERACTOR → SOLUTION] 11
[INTERACTOR → SOLUTION] 4 0 6 1 0
[SOLUTION → INTERACTOR] 0
[INTERACTOR → SOLUTION] 4
[INTERACTOR → SOLUTION] 4 0 6 1 0
[SOLUTION → INTERACTOR] 0
[INTERACTOR → SOLUTION] 6
[INTERACTOR → SOLUTION] 4 0 6 2 0
[SOLUTION → INTERACTOR] 0
[INTERACTOR → SOLUTION] 10
[INTERACTOR → SOLUTION] 5 0 6 2 0
[SOLUTION → INTERACTOR] 0
[INTERACTOR → SOLUTION] 8
[INTERACTOR → SOLUTION] 5 0 6 2 0
[SOLUTION → INTERACTOR] 0
[INTERACTOR → SOLUTION] 8
[INTERACTOR → SOLUTION] 5 0 6 2 0
[SOLUTION → INTERACTOR] 0
[INTERACTOR → SOLUTION] 8
[INTERACTOR → SOLUTION] 5 0 6 2 0
[SOLUTION → INTERACTOR] 0
[INTERACTOR → SOLUTION] 10
[INTERACTOR → SOLUTION] 6 0 6 2 0
[SOLUTION → INTERACTOR] 0
[INTERACTOR → SOLUTION] 3
[INTERACTOR → SOLUTION] 6 1 6 2 0
[SOLUTION → INTERACTOR] 1
[SOLUTION → INTERACTOR] BUILD_CABLE 35 46
[INTERACTOR → SOLUTION] 6
[INTERACTOR → SOLUTION] 5 0 6 3 0
[SOLUTION → INTERACTOR] 0
[INTERACTOR → SOLUTION] 5
[INTERACTOR → SOLUTION] 5 0 7 3 0
[SOLUTION → INTERACTOR] 2
[SOLUTION → INTERACTOR] CONVERT 2 1
[SOLUTION → INTERACTOR] BUILD_DC 46
[INTERACTOR → SOLUTION] 6
[INTERACTOR → SOLUTION] 4 0 2 4 0
[SOLUTION → INTERACTOR] 0
[INTERACTOR → SOLUTION] 9
[INTERACTOR → SOLUTION] 4 0 2 4 0
[SOLUTION → INTERACTOR] 0
[INTERACTOR → SOLUTION] 4
[INTERACTOR → SOLUTION] 4 0 2 4 0
[SOLUTION → INTERACTOR] 0
[INTERACTOR → SOLUTION] 5
[INTERACTOR → SOLUTION] 4 0 3 4 0
[SOLUTION → INTERACTOR] 0
[INTERACTOR → SOLUTION] 9
[INTERACTOR → SOLUTION] 4 0 3 4 0
[SOLUTION → INTERACTOR] 0
[INTERACTOR → SOLUTION] 9
[INTERACTOR → SOLUTION] 4 0 3 4 0
[SOLUTION → INTERACTOR] 0
[INTERACTOR → SOLUTION] 11
[INTERACTOR → SOLUTION] 5 0 4 4 0
[SOLUTION → INTERACTOR] 0
[INTERACTOR → SOLUTION] 7
[INTERACTOR → SOLUTION] 5 0 4 4 0
[SOLUTION → INTERACTOR] 0
[INTERACTOR → SOLUTION] 7
[INTERACTOR → SOLUTION] 5 0 4 4 0
[SOLUTION → INTERACTOR] 0
[INTERACTOR → SOLUTION] 9
[INTERACTOR → SOLUTION] 5 0 4 4 0
[SOLUTION → INTERACTOR] 0
[INTERACTOR → SOLUTION] 6
[INTERACTOR → SOLUTION] 5 0 4 6 0
[SOLUTION → INTERACTOR] 0
[INTERACTOR → SOLUTION] 4
[INTERACTOR → SOLUTION] 5 0 4 6 0
[SOLUTION → INTERACTOR] 0
[INTERACTOR → SOLUTION] 5
[INTERACTOR → SOLUTION] 5 0 5 6 0
[SOLUTION → INTERACTOR] 0
[INTERACTOR → SOLUTION] 11
[INTERACTOR → SOLUTION] 6 0 6 6 0
[SOLUTION → INTERACTOR] 4
[SOLUTION → INTERACTOR] CONVERT 0 1
[SOLUTION → INTERACTOR] BUILD_CABLE 18 30
[SOLUTION → INTERACTOR] CONVERT 2 1
[SOLUTION → INTERACTOR] BUILD_DC 30
[INTERACTOR → SOLUTION] 3
[INTERACTOR → SOLUTION] 1 1 2 5 0
[SOLUTION → INTERACTOR] 1
[SOLUTION → INTERACTOR] BUILD_CABLE 30 29
[INTERACTOR → SOLUTION] 8
[INTERACTOR → SOLUTION] 0 0 2 5 0
[SOLUTION → INTERACTOR] 0
[INTERACTOR → SOLUTION] 7
[INTERACTOR → SOLUTION] 0 0 2 5 0
[SOLUTION → INTERACTOR] 0
[INTERACTOR → SOLUTION] 8
[INTERACTOR → SOLUTION] 0 0 2 5 0
[SOLUTION → INTERACTOR] 0
[INTERACTOR → SOLUTION] 9
[INTERACTOR → SOLUTION] 1 0 2 5 0
[SOLUTION → INTERACTOR] 0
[INTERACTOR → SOLUTION] 10
[INTERACTOR → SOLUTION] 3 0 2 5 0
[SOLUTION → INTERACTOR] 0
[INTERACTOR → SOLUTION] 6
[INTERACTOR → SOLUTION] 3 0 2 7 0
[SOLUTION → INTERACTOR] 0
[INTERACTOR → SOLUTION] 6
[INTERACTOR → SOLUTION] 3 0 2 9 0
[SOLUTION → INTERACTOR] 0
[INTERACTOR → SOLUTION] 7
[INTERACTOR → SOLUTION] 3 0 2 9 0
[SOLUTION → INTERACTOR] 0
[INTERACTOR → SOLUTION] 9
[INTERACTOR → SOLUTION] 4 0 2 9 0
[SOLUTION → INTERACTOR] 0
[INTERACTOR → SOLUTION] 9
[INTERACTOR → SOLUTION] 5 0 2 9 0
[SOLUTION → INTERACTOR] 0
[INTERACTOR → SOLUTION] 6
[INTERACTOR → SOLUTION] 5 0 2 11 0
[SOLUTION → INTERACTOR] 0
[INTERACTOR → SOLUTION] 8
[INTERACTOR → SOLUTION] 5 0 2 11 0
[SOLUTION → INTERACTOR] 0
[INTERACTOR → SOLUTION] 9
[INTERACTOR → SOLUTION] 6 0 2 11 0
[SOLUTION → INTERACTOR] 2
[SOLUTION → INTERACTOR] CONVERT 0 1
[SOLUTION → INTERACTOR] BUILD_CABLE 29 26
[INTERACTOR → SOLUTION] 8
[INTERACTOR → SOLUTION] 2 0 2 11 0
[SOLUTION → INTERACTOR] 0
[INTERACTOR → SOLUTION] 3
[INTERACTOR → SOLUTION] 2 1 2 11 0
[SOLUTION → INTERACTOR] 1
[SOLUTION → INTERACTOR] BUILD_DC 26
[INTERACTOR → SOLUTION] 7
[INTERACTOR → SOLUTION] 1 0 1 10 0
[SOLUTION → INTERACTOR] 0
[INTERACTOR → SOLUTION] 2
[INTERACTOR → SOLUTION] 1 0 1 10 0
[SOLUTION → INTERACTOR] 0
[INTERACTOR → SOLUTION] 9
[INTERACTOR → SOLUTION] 3 0 1 10 0
[SOLUTION → INTERACTOR] 0
[INTERACTOR → SOLUTION] 3
[INTERACTOR → SOLUTION] 3 1 1 10 0
[SOLUTION → INTERACTOR] 1
[SOLUTION → INTERACTOR] BUILD_CABLE 29 39
[INTERACTOR → SOLUTION] 5
[INTERACTOR → SOLUTION] 2 0 2 10 0
[SOLUTION → INTERACTOR] 0
[INTERACTOR → SOLUTION] 10
[INTERACTOR → SOLUTION] 4 0 2 10 0
[SOLUTION → INTERACTOR] 0
[INTERACTOR → SOLUTION] 6
[INTERACTOR → SOLUTION] 4 0 2 12 1
[SOLUTION → INTERACTOR] 0
[INTERACTOR → SOLUTION] 6
[INTERACTOR → SOLUTION] 4 0 2 14 2
[SOLUTION → INTERACTOR] 0
[INTERACTOR → SOLUTION] 3
[INTERACTOR → SOLUTION] 4 1 2 14 2
[SOLUTION → INTERACTOR] 1
[SOLUTION → INTERACTOR] BUILD_DC 39
[INTERACTOR → SOLUTION] 4
[INTERACTOR → SOLUTION] 3 0 1 13 4
[SOLUTION → INTERACTOR] 1
[SOLUTION → INTERACTOR] UPGRADE_DC 26
[INTERACTOR → SOLUTION] 7
[INTERACTOR → SOLUTION] 3 0 1 11 1
[SOLUTION → INTERACTOR] 0
[INTERACTOR → SOLUTION] 8
[INTERACTOR → SOLUTION] 3 0 1 11 4
[SOLUTION → INTERACTOR] 1
[SOLUTION → INTERACTOR] UPGRADE_DC 39
[INTERACTOR → SOLUTION] 5
[INTERACTOR → SOLUTION] 3 0 4 9 1
[SOLUTION → INTERACTOR] 0
[INTERACTOR → SOLUTION] 8
[INTERACTOR → SOLUTION] 3 0 4 9 5
[SOLUTION → INTERACTOR] 1
[SOLUTION → INTERACTOR] UPGRADE_DC 34
[INTERACTOR → SOLUTION] 6
[INTERACTOR → SOLUTION] 3 0 4 10 4
[SOLUTION → INTERACTOR] 1
[SOLUTION → INTERACTOR] UPGRADE_DC 30
[INTERACTOR → SOLUTION] 7
[INTERACTOR → SOLUTION] 3 0 4 8 1
[SOLUTION → INTERACTOR] 0
[INTERACTOR → SOLUTION] 6
[INTERACTOR → SOLUTION] 3 0 4 11 3
[SOLUTION → INTERACTOR] 1
[SOLUTION → INTERACTOR] UPGRADE_DC 19
[INTERACTOR → SOLUTION] 12
[INTERACTOR → SOLUTION] 3 0 4 9 0
[SOLUTION → INTERACTOR] 0
[INTERACTOR → SOLUTION] 3
[INTERACTOR → SOLUTION] 3 2 4 9 0
[SOLUTION → INTERACTOR] 2
[SOLUTION → INTERACTOR] BUILD_CABLE 26 14
[SOLUTION → INTERACTOR] BUILD_CABLE 14 17
[INTERACTOR → SOLUTION] 6
[INTERACTOR → SOLUTION] 1 0 4 12 2
[SOLUTION → INTERACTOR] 0
[INTERACTOR → SOLUTION] 6
[INTERACTOR → SOLUTION] 1 0 4 15 4
[SOLUTION → INTERACTOR] 1
[SOLUTION → INTERACTOR] UPGRADE_DC 46
[INTERACTOR → SOLUTION] 6
[INTERACTOR → SOLUTION] 1 0 4 17 3
[SOLUTION → INTERACTOR] 0
[INTERACTOR → SOLUTION] 4
[INTERACTOR → SOLUTION] 1 0 4 17 7
[SOLUTION → INTERACTOR] 1
[SOLUTION → INTERACTOR] UPGRADE_DC 26
[INTERACTOR → SOLUTION] 4
[INTERACTOR → SOLUTION] 1 0 4 14 7
[SOLUTION → INTERACTOR] 1
[SOLUTION → INTERACTOR] UPGRADE_DC 39
[INTERACTOR → SOLUTION] 8
[INTERACTOR → SOLUTION] 1 0 4 11 9
[SOLUTION → INTERACTOR] 2
[SOLUTION → INTERACTOR] UPGRADE_DC 34
[SOLUTION → INTERACTOR] UPGRADE_DC 30
[INTERACTOR → SOLUTION] 10
[INTERACTOR → SOLUTION] 6 0 4 5 1
[SOLUTION → INTERACTOR] 2
[SOLUTION → INTERACTOR] CONVERT 0 1
[SOLUTION → INTERACTOR] BUILD_DC 17
[INTERACTOR → SOLUTION] 8
[INTERACTOR → SOLUTION] 2 0 3 4 7
[SOLUTION → INTERACTOR] 1
[SOLUTION → INTERACTOR] UPGRADE_DC 17
[INTERACTOR → SOLUTION] 9
[INTERACTOR → SOLUTION] 8 0 3 2 4
[SOLUTION → INTERACTOR] 2
[SOLUTION → INTERACTOR] CONVERT 0 1
[SOLUTION → INTERACTOR] BUILD_CABLE 14 15
[INTERACTOR → SOLUTION] 5
[INTERACTOR → SOLUTION] 4 0 9 2 4
[SOLUTION → INTERACTOR] 2
[SOLUTION → INTERACTOR] CONVERT 2 1
[SOLUTION → INTERACTOR] BUILD_DC 15
[INTERACTOR → SOLUTION] 4
[INTERACTOR → SOLUTION] 3 0 5 1 10
[SOLUTION → INTERACTOR] 0
[INTERACTOR → SOLUTION] 5
[INTERACTOR → SOLUTION] 3 0 11 1 10
[SOLUTION → INTERACTOR] 4
[SOLUTION → INTERACTOR] CONVERT 2 1
[SOLUTION → INTERACTOR] BUILD_CABLE 15 0
[SOLUTION → INTERACTOR] CONVERT 2 1
[SOLUTION → INTERACTOR] BUILD_CABLE 0 1
[INTERACTOR → SOLUTION] 9
[INTERACTOR → SOLUTION] 8 0 5 1 10
[SOLUTION → INTERACTOR] 3
[SOLUTION → INTERACTOR] CONVERT 0 1
[SOLUTION → INTERACTOR] BUILD_DC 1
[SOLUTION → INTERACTOR] CONVERT 4 3
[INTERACTOR → SOLUTION] 6
[INTERACTOR → SOLUTION] 4 0 4 6 12
[SOLUTION → INTERACTOR] 2
[SOLUTION → INTERACTOR] UPGRADE_DC 1
[SOLUTION → INTERACTOR] UPGRADE_DC 15
[INTERACTOR → SOLUTION] 9
[INTERACTOR → SOLUTION] 12 0 4 2 6
[SOLUTION → INTERACTOR] 4
[SOLUTION → INTERACTOR] CONVERT 0 1
[SOLUTION → INTERACTOR] BUILD_CABLE 1 2
[SOLUTION → INTERACTOR] CONVERT 0 1
[SOLUTION → INTERACTOR] BUILD_CABLE 2 3
[INTERACTOR → SOLUTION] 6
[INTERACTOR → SOLUTION] 4 0 4 7 11
[SOLUTION → INTERACTOR] 2
[SOLUTION → INTERACTOR] UPGRADE_DC 1
[SOLUTION → INTERACTOR] UPGRADE_DC 19
[INTERACTOR → SOLUTION] 7
[INTERACTOR → SOLUTION] 4 0 4 1 3
[SOLUTION → INTERACTOR] 0
[INTERACTOR → SOLUTION] 11
[INTERACTOR → SOLUTION] 12 0 7 1 3
[SOLUTION → INTERACTOR] 5
[SOLUTION → INTERACTOR] CONVERT 0 1
[SOLUTION → INTERACTOR] BUILD_DC 3
[SOLUTION → INTERACTOR] CONVERT 0 1
[SOLUTION → INTERACTOR] CONVERT 2 3
[SOLUTION → INTERACTOR] BUILD_CABLE 0 5
[INTERACTOR → SOLUTION] 9
[INTERACTOR → SOLUTION] 12 0 3 1 3
[SOLUTION → INTERACTOR] 4
[SOLUTION → INTERACTOR] CONVERT 0 1
[SOLUTION → INTERACTOR] BUILD_DC 5
[SOLUTION → INTERACTOR] CONVERT 0 1
[SOLUTION → INTERACTOR] BUILD_CABLE 34 33
[INTERACTOR → SOLUTION] 10
[INTERACTOR → SOLUTION] 10 0 2 0 3
[SOLUTION → INTERACTOR] 3
[SOLUTION → INTERACTOR] CONVERT 0 1
[SOLUTION → INTERACTOR] CONVERT 0 3
[SOLUTION → INTERACTOR] BUILD_CABLE 33 44
[INTERACTOR → SOLUTION] 8
[INTERACTOR → SOLUTION] 8 0 2 1 9
[SOLUTION → INTERACTOR] 3
[SOLUTION → INTERACTOR] CONVERT 0 1
[SOLUTION → INTERACTOR] BUILD_DC 44
[SOLUTION → INTERACTOR] CONVERT 4 3
[INTERACTOR → SOLUTION] 8
[INTERACTOR → SOLUTION] 9 0 1 1 12
[SOLUTION → INTERACTOR] 2
[SOLUTION → INTERACTOR] CONVERT 0 1
[SOLUTION → INTERACTOR] BUILD_CABLE 44 43
[INTERACTOR → SOLUTION] 8
[INTERACTOR → SOLUTION] 10 0 1 1 18
[SOLUTION → INTERACTOR] 5
[SOLUTION → INTERACTOR] CONVERT 0 1
[SOLUTION → INTERACTOR] BUILD_CABLE 43 51
[SOLUTION → INTERACTOR] CONVERT 0 1
[SOLUTION → INTERACTOR] BUILD_DC 51
[SOLUTION → INTERACTOR] CONVERT 4 3
[INTERACTOR → SOLUTION] 9
[INTERACTOR → SOLUTION] 10 0 0 3 15
[SOLUTION → INTERACTOR] 4
[SOLUTION → INTERACTOR] CONVERT 0 1
[SOLUTION → INTERACTOR] CONVERT 0 2
[SOLUTION → INTERACTOR] UPGRADE_DC 44
[SOLUTION → INTERACTOR] BUILD_CABLE 43 42
[INTERACTOR → SOLUTION] 7
[INTERACTOR → SOLUTION] 3 0 1 1 12
[SOLUTION → INTERACTOR] 0
[INTERACTOR → SOLUTION] 8
[INTERACTOR → SOLUTION] 8 0 1 1 18
[SOLUTION → INTERACTOR] 3
[SOLUTION → INTERACTOR] CONVERT 0 1
[SOLUTION → INTERACTOR] BUILD_DC 42
[SOLUTION → INTERACTOR] CONVERT 4 3
[INTERACTOR → SOLUTION] 4
[INTERACTOR → SOLUTION] 4 0 0 1 22
[SOLUTION → INTERACTOR] 0
[INTERACTOR → SOLUTION] 6
[INTERACTOR → SOLUTION] 4 0 0 8 27
[SOLUTION → INTERACTOR] 5
[SOLUTION → INTERACTOR] UPGRADE_DC 51
[SOLUTION → INTERACTOR] UPGRADE_DC 42
[SOLUTION → INTERACTOR] UPGRADE_DC 3
[SOLUTION → INTERACTOR] UPGRADE_DC 5
[SOLUTION → INTERACTOR] CONVERT 4 3
[INTERACTOR → SOLUTION] 2
[INTERACTOR → SOLUTION] 4 3 0 1 12
[SOLUTION → INTERACTOR] 0
[INTERACTOR → SOLUTION] 10
[INTERACTOR → SOLUTION] 10 3 0 5 12
[SOLUTION → INTERACTOR] 2
[SOLUTION → INTERACTOR] CONVERT 0 2
[SOLUTION → INTERACTOR] UPGRADE_DC 44
[INTERACTOR → SOLUTION] 6
[INTERACTOR → SOLUTION] 7 3 1 10 13
[SOLUTION → INTERACTOR] 3
[SOLUTION → INTERACTOR] UPGRADE_DC 51
[SOLUTION → INTERACTOR] UPGRADE_DC 42
[SOLUTION → INTERACTOR] UPGRADE_DC 15
[INTERACTOR → SOLUTION] 8
[INTERACTOR → SOLUTION] 14 3 1 1 7
[SOLUTION → INTERACTOR] 0
[INTERACTOR → SOLUTION] 7
[INTERACTOR → SOLUTION] 14 3 1 1 7
[SOLUTION → INTERACTOR] 0
[INTERACTOR → SOLUTION] 7
[INTERACTOR → SOLUTION] 14 3 1 1 7
[SOLUTION → INTERACTOR] 0
[INTERACTOR → SOLUTION] 5
[INTERACTOR → SOLUTION] 14 3 7 1 7
[SOLUTION → INTERACTOR] 0
[INTERACTOR → SOLUTION] 4
[INTERACTOR → SOLUTION] 14 3 7 1 16
[SOLUTION → INTERACTOR] 0
[INTERACTOR → SOLUTION] 118
[INTERACTOR → SOLUTION] 0 5 25 26 14 17 27 28
[INTERACTOR → SOLUTION] 0 8 38 39 29 26 25 40
[INTERACTOR → SOLUTION] 1 5 47 48 41 39 38 49
[INTERACTOR → SOLUTION] 0 6 14 15 0 5 16 17
[INTERACTOR → SOLUTION] 0 12 29 30 18 15 14 26
[INTERACTOR → SOLUTION] 4 11 41 42 31 30 29 39
[INTERACTOR → SOLUTION] 1 3 50 51 43 42 41 48
[INTERACTOR → SOLUTION] 2 10 0 1 2 3 4 5
[INTERACTOR → SOLUTION] 2 8 18 19 6 1 0 15
[INTERACTOR → SOLUTION] 2 11 31 32 20 19 18 30
[INTERACTOR → SOLUTION] 4 2 43 44 33 32 31 42
[INTERACTOR → SOLUTION] 2 4 52 53 45 44 43 51
[INTERACTOR → SOLUTION] 3 9 6 7 8 9 2 1
[INTERACTOR → SOLUTION] 5 0 20 21 10 7 6 19
[INTERACTOR → SOLUTION] 3 4 33 34 22 21 20 32
[INTERACTOR → SOLUTION] 4 10 45 46 35 34 33 44
[INTERACTOR → SOLUTION] 3 9 10 11 12 13 8 7
[INTERACTOR → SOLUTION] 3 6 22 23 24 11 10 21
[INTERACTOR → SOLUTION] 1 3 35 36 37 23 22 34
[INTERACTOR → SOLUTION] C0 2 52 53
[INTERACTOR → SOLUTION] C1 2 23 24
[INTERACTOR → SOLUTION] C2 2 36 37
[INTERACTOR → SOLUTION] C3 2 47 49
[INTERACTOR → SOLUTION] C4 2 3 4
[INTERACTOR → SOLUTION] C31 8 27 28 11 12 50 51 16 17
[SOLUTION → INTERACTOR] START
[SOLUTION → INTERACTOR] BUILD_DC 1
[SOLUTION → INTERACTOR] BUILD_DC 38
[SOLUTION → INTERACTOR] BUILD_CABLE 1 0
[SOLUTION → INTERACTOR] BUILD_CABLE 38 39
[INTERACTOR → SOLUTION] 10
[INTERACTOR → SOLUTION] 0 0 1 0 0
[SOLUTION → INTERACTOR] 0
[INTERACTOR → SOLUTION] 10
[INTERACTOR → SOLUTION] 0 0 2 0 0
[SOLUTION → INTERACTOR] 0
[INTERACTOR → SOLUTION] 5
[INTERACTOR → SOLUTION] 0 1 2 0 0
[SOLUTION → INTERACTOR] 0
[INTERACTOR → SOLUTION] 3
[INTERACTOR → SOLUTION] 0 1 2 0 0
[SOLUTION → INTERACTOR] 0
[INTERACTOR → SOLUTION] 2
[INTERACTOR → SOLUTION] 0 1 2 0 0
[SOLUTION → INTERACTOR] 0
[INTERACTOR → SOLUTION] 7
[INTERACTOR → SOLUTION] 0 1 2 0 0
[SOLUTION → INTERACTOR] 0
[INTERACTOR → SOLUTION] 6
[INTERACTOR → SOLUTION] 0 1 2 0 0
[SOLUTION → INTERACTOR] 0
[INTERACTOR → SOLUTION] 9
[INTERACTOR → SOLUTION] 0 1 2 1 0
[SOLUTION → INTERACTOR] 0
[INTERACTOR → SOLUTION] 2
[INTERACTOR → SOLUTION] 0 1 2 1 0
[SOLUTION → INTERACTOR] 0
[INTERACTOR → SOLUTION] 7
[INTERACTOR → SOLUTION] 0 1 2 1 0
[SOLUTION → INTERACTOR] 0
[INTERACTOR → SOLUTION] 2
[INTERACTOR → SOLUTION] 0 1 2 1 0
[SOLUTION → INTERACTOR] 0
[INTERACTOR → SOLUTION] 9
[INTERACTOR → SOLUTION] 0 1 2 2 0
[SOLUTION → INTERACTOR] 0
[INTERACTOR → SOLUTION] 5
[INTERACTOR → SOLUTION] 0 2 2 2 0
[SOLUTION → INTERACTOR] 0
[INTERACTOR → SOLUTION] 8
[INTERACTOR → SOLUTION] 1 2 3 2 0
[SOLUTION → INTERACTOR] 1
[SOLUTION → INTERACTOR] BUILD_CABLE 0 15
[INTERACTOR → SOLUTION] 5
[INTERACTOR → SOLUTION] 0 2 3 2 0
[SOLUTION → INTERACTOR] 0
[INTERACTOR → SOLUTION] 10
[INTERACTOR → SOLUTION] 0 2 4 2 0
[SOLUTION → INTERACTOR] 0
[INTERACTOR → SOLUTION] 10
[INTERACTOR → SOLUTION] 0 2 5 2 0
[SOLUTION → INTERACTOR] 0
[INTERACTOR → SOLUTION] 11
[INTERACTOR → SOLUTION] 0 2 5 2 0
[SOLUTION → INTERACTOR] 0
[INTERACTOR → SOLUTION] 11
[INTERACTOR → SOLUTION] 0 2 5 2 0
[SOLUTION → INTERACTOR] 0
[INTERACTOR → SOLUTION] 8
[INTERACTOR → SOLUTION] 1 2 6 2 0
[SOLUTION → INTERACTOR] 1
[SOLUTION → INTERACTOR] BUILD_DC 15
[INTERACTOR → SOLUTION] 7
[INTERACTOR → SOLUTION] 0 1 5 1 0
[SOLUTION → INTERACTOR] 0
[INTERACTOR → SOLUTION] 8
[INTERACTOR → SOLUTION] 1 1 7 1 0
[SOLUTION → INTERACTOR] 2
[SOLUTION → INTERACTOR] BUILD_CABLE 15 14
[SOLUTION → INTERACTOR] CONVERT 2 0
[INTERACTOR → SOLUTION] 6
[INTERACTOR → SOLUTION] 2 0 3 1 0
[SOLUTION → INTERACTOR] 0
[INTERACTOR → SOLUTION] 7
[INTERACTOR → SOLUTION] 2 0 3 1 0
[SOLUTION → INTERACTOR] 0
[INTERACTOR → SOLUTION] 5
[INTERACTOR → SOLUTION] 2 1 3 1 0
[SOLUTION → INTERACTOR] 1
[SOLUTION → INTERACTOR] BUILD_CABLE 14 17
[INTERACTOR → SOLUTION] 5
[INTERACTOR → SOLUTION] 1 1 3 1 0
[SOLUTION → INTERACTOR] 1
[SOLUTION → INTERACTOR] BUILD_DC 17
[INTERACTOR → SOLUTION] 6
[INTERACTOR → SOLUTION] 2 0 2 0 0
[SOLUTION → INTERACTOR] 0
[INTERACTOR → SOLUTION] 7
[INTERACTOR → SOLUTION] 2 0 2 0 0
[SOLUTION → INTERACTOR] 0
[INTERACTOR → SOLUTION] 7
[INTERACTOR → SOLUTION] 2 0 2 0 0
[SOLUTION → INTERACTOR] 0
[INTERACTOR → SOLUTION] 10
[INTERACTOR → SOLUTION] 2 0 3 0 0
[SOLUTION → INTERACTOR] 0
[INTERACTOR → SOLUTION] 8
[INTERACTOR → SOLUTION] 3 0 5 0 0
[SOLUTION → INTERACTOR] 0
[INTERACTOR → SOLUTION] 2
[INTERACTOR → SOLUTION] 3 0 5 0 0
[SOLUTION → INTERACTOR] 0
[INTERACTOR → SOLUTION] 4
[INTERACTOR → SOLUTION] 3 0 5 0 0
[SOLUTION → INTERACTOR] 0
[INTERACTOR → SOLUTION] 6
[INTERACTOR → SOLUTION] 5 0 5 0 0
[SOLUTION → INTERACTOR] 0
[INTERACTOR → SOLUTION] 7
[INTERACTOR → SOLUTION] 5 0 5 0 0
[SOLUTION → INTERACTOR] 0
[INTERACTOR → SOLUTION] 6
[INTERACTOR → SOLUTION] 7 0 5 0 0
[SOLUTION → INTERACTOR] 2
[SOLUTION → INTERACTOR] CONVERT 0 1
[SOLUTION → INTERACTOR] BUILD_CABLE 14 26
[INTERACTOR → SOLUTION] 9
[INTERACTOR → SOLUTION] 3 0 5 1 0
[SOLUTION → INTERACTOR] 0
[INTERACTOR → SOLUTION] 2
[INTERACTOR → SOLUTION] 3 0 5 1 0
[SOLUTION → INTERACTOR] 0
[INTERACTOR → SOLUTION] 7
[INTERACTOR → SOLUTION] 3 0 5 1 0
[SOLUTION → INTERACTOR] 0
[INTERACTOR → SOLUTION] 7
[INTERACTOR → SOLUTION] 3 0 5 1 0
[SOLUTION → INTERACTOR] 0
[INTERACTOR → SOLUTION] 11
[INTERACTOR → SOLUTION] 3 0 5 1 0
[SOLUTION → INTERACTOR] 0
[INTERACTOR → SOLUTION] 11
[INTERACTOR → SOLUTION] 3 0 5 1 0
[SOLUTION → INTERACTOR] 0
[INTERACTOR → SOLUTION] 9
[INTERACTOR → SOLUTION] 3 0 5 2 0
[SOLUTION → INTERACTOR] 0
[INTERACTOR → SOLUTION] 7
[INTERACTOR → SOLUTION] 3 0 5 2 0
[SOLUTION → INTERACTOR] 0
[INTERACTOR → SOLUTION] 9
[INTERACTOR → SOLUTION] 3 0 5 3 0
[SOLUTION → INTERACTOR] 0
[INTERACTOR → SOLUTION] 3
[INTERACTOR → SOLUTION] 3 0 5 3 0
[SOLUTION → INTERACTOR] 0
[INTERACTOR → SOLUTION] 10
[INTERACTOR → SOLUTION] 3 0 6 3 0
[SOLUTION → INTERACTOR] 2
[SOLUTION → INTERACTOR] CONVERT 2 1
[SOLUTION → INTERACTOR] BUILD_DC 26
[INTERACTOR → SOLUTION] 4
[INTERACTOR → SOLUTION] 2 0 2 2 0
[SOLUTION → INTERACTOR] 0
[INTERACTOR → SOLUTION] 6
[INTERACTOR → SOLUTION] 4 0 2 2 0
[SOLUTION → INTERACTOR] 0
[INTERACTOR → SOLUTION] 10
[INTERACTOR → SOLUTION] 4 0 3 2 0
[SOLUTION → INTERACTOR] 0
[INTERACTOR → SOLUTION] 9
[INTERACTOR → SOLUTION] 4 0 3 3 0
[SOLUTION → INTERACTOR] 0
[INTERACTOR → SOLUTION] 5
[INTERACTOR → SOLUTION] 6 1 3 3 0
[SOLUTION → INTERACTOR] 1
[SOLUTION → INTERACTOR] BUILD_CABLE 0 5
[INTERACTOR → SOLUTION] 7
[INTERACTOR → SOLUTION] 5 0 3 3 0
[SOLUTION → INTERACTOR] 0
[INTERACTOR → SOLUTION] 10
[INTERACTOR → SOLUTION] 5 0 4 3 0
[SOLUTION → INTERACTOR] 0
[INTERACTOR → SOLUTION] 4
[INTERACTOR → SOLUTION] 5 0 4 3 0
[SOLUTION → INTERACTOR] 0
[INTERACTOR → SOLUTION] 5
[INTERACTOR → SOLUTION] 7 1 4 3 0
[SOLUTION → INTERACTOR] 3
[SOLUTION → INTERACTOR] BUILD_DC 5
[SOLUTION → INTERACTOR] CONVERT 0 1
[SOLUTION → INTERACTOR] BUILD_CABLE 39 41
[INTERACTOR → SOLUTION] 7
[INTERACTOR → SOLUTION] 2 0 3 2 0
[SOLUTION → INTERACTOR] 0
[INTERACTOR → SOLUTION] 7
[INTERACTOR → SOLUTION] 2 0 3 2 0
[SOLUTION → INTERACTOR] 0
[INTERACTOR → SOLUTION] 4
[INTERACTOR → SOLUTION] 2 0 3 2 0
[SOLUTION → INTERACTOR] 0
[INTERACTOR → SOLUTION] 5
[INTERACTOR → SOLUTION] 4 1 3 2 0
[SOLUTION → INTERACTOR] 1
[SOLUTION → INTERACTOR] BUILD_DC 41
[INTERACTOR → SOLUTION] 6
[INTERACTOR → SOLUTION] 6 0 2 1 0
[SOLUTION → INTERACTOR] 2
[SOLUTION → INTERACTOR] CONVERT 0 1
[SOLUTION → INTERACTOR] BUILD_CABLE 17 27
[INTERACTOR → SOLUTION] 4
[INTERACTOR → SOLUTION] 2 0 2 1 0
[SOLUTION → INTERACTOR] 0
[INTERACTOR → SOLUTION] 10
[INTERACTOR → SOLUTION] 2 0 4 1 0
[SOLUTION → INTERACTOR] 0
[INTERACTOR → SOLUTION] 9
[INTERACTOR → SOLUTION] 2 0 4 2 0
[SOLUTION → INTERACTOR] 0
[INTERACTOR → SOLUTION] 10
[INTERACTOR → SOLUTION] 2 0 6 2 0
[SOLUTION → INTERACTOR] 2
[SOLUTION → INTERACTOR] CONVERT 2 1
[SOLUTION → INTERACTOR] BUILD_CABLE 27 28
[INTERACTOR → SOLUTION] 11
[INTERACTOR → SOLUTION] 1 0 3 2 1
[SOLUTION → INTERACTOR] 0
[INTERACTOR → SOLUTION] 3
[INTERACTOR → SOLUTION] 1 1 3 2 1
[SOLUTION → INTERACTOR] 1
[SOLUTION → INTERACTOR] BUILD_DC 28
[INTERACTOR → SOLUTION] 7
[INTERACTOR → SOLUTION] 0 0 2 1 1
[SOLUTION → INTERACTOR] 0
[INTERACTOR → SOLUTION] 2
[INTERACTOR → SOLUTION] 0 0 2 1 1
[SOLUTION → INTERACTOR] 0
[INTERACTOR → SOLUTION] 5
[INTERACTOR → SOLUTION] 3 2 2 1 1
[SOLUTION → INTERACTOR] 2
[SOLUTION → INTERACTOR] BUILD_CABLE 41 48
[SOLUTION → INTERACTOR] BUILD_CABLE 48 50
[INTERACTOR → SOLUTION] 5
[INTERACTOR → SOLUTION] 4 2 2 1 1
[SOLUTION → INTERACTOR] 2
[SOLUTION → INTERACTOR] BUILD_DC 50
[SOLUTION → INTERACTOR] BUILD_CABLE 1 6
[INTERACTOR → SOLUTION] 11
[INTERACTOR → SOLUTION] 2 0 1 0 2
[SOLUTION → INTERACTOR] 0
[INTERACTOR → SOLUTION] 7
[INTERACTOR → SOLUTION] 2 0 1 0 2
[SOLUTION → INTERACTOR] 0
[INTERACTOR → SOLUTION] 6
[INTERACTOR → SOLUTION] 5 0 1 0 2
[SOLUTION → INTERACTOR] 0
[INTERACTOR → SOLUTION] 7
[INTERACTOR → SOLUTION] 5 0 1 0 2
[SOLUTION → INTERACTOR] 0
[INTERACTOR → SOLUTION] 7
[INTERACTOR → SOLUTION] 5 0 1 0 2
[SOLUTION → INTERACTOR] 0
[INTERACTOR → SOLUTION] 11
[INTERACTOR → SOLUTION] 5 0 1 0 3
[SOLUTION → INTERACTOR] 0
[INTERACTOR → SOLUTION] 9
[INTERACTOR → SOLUTION] 5 0 1 1 3
[SOLUTION → INTERACTOR] 0
[INTERACTOR → SOLUTION] 8
[INTERACTOR → SOLUTION] 7 0 3 1 3
[SOLUTION → INTERACTOR] 2
[SOLUTION → INTERACTOR] CONVERT 0 1
[SOLUTION → INTERACTOR] BUILD_CABLE 6 7
[INTERACTOR → SOLUTION] 10
[INTERACTOR → SOLUTION] 3 0 5 1 3
[SOLUTION → INTERACTOR] 0
[INTERACTOR → SOLUTION] 11
[INTERACTOR → SOLUTION] 3 0 5 1 4
[SOLUTION → INTERACTOR] 0
[INTERACTOR → SOLUTION] 4
[INTERACTOR → SOLUTION] 3 0 5 1 4
[SOLUTION → INTERACTOR] 0
[INTERACTOR → SOLUTION] 3
[INTERACTOR → SOLUTION] 3 2 5 1 4
[SOLUTION → INTERACTOR] 2
[SOLUTION → INTERACTOR] BUILD_DC 7
[SOLUTION → INTERACTOR] BUILD_CABLE 7 10
[INTERACTOR → SOLUTION] 9
[INTERACTOR → SOLUTION] 1 0 4 3 4
[SOLUTION → INTERACTOR] 1
[SOLUTION → INTERACTOR] UPGRADE_DC 1
[INTERACTOR → SOLUTION] 3
[INTERACTOR → SOLUTION] 1 2 4 1 1
[SOLUTION → INTERACTOR] 1
[SOLUTION → INTERACTOR] BUILD_CABLE 10 11
[INTERACTOR → SOLUTION] 7
[INTERACTOR → SOLUTION] 0 1 4 1 1
[SOLUTION → INTERACTOR] 0
[INTERACTOR → SOLUTION] 7
[INTERACTOR → SOLUTION] 0 1 4 1 1
[SOLUTION → INTERACTOR] 0
[INTERACTOR → SOLUTION] 7
[INTERACTOR → SOLUTION] 0 1 4 1 1
[SOLUTION → INTERACTOR] 0
[INTERACTOR → SOLUTION] 7
[INTERACTOR → SOLUTION] 0 1 4 1 1
[SOLUTION → INTERACTOR] 0
[INTERACTOR → SOLUTION] 5
[INTERACTOR → SOLUTION] 3 3 4 1 1
[SOLUTION → INTERACTOR] 3
[SOLUTION → INTERACTOR] BUILD_DC 11
[SOLUTION → INTERACTOR] BUILD_CABLE 10 21
[SOLUTION → INTERACTOR] BUILD_CABLE 21 22
[INTERACTOR → SOLUTION] 10
[INTERACTOR → SOLUTION] 0 0 6 0 1
[SOLUTION → INTERACTOR] 1
[SOLUTION → INTERACTOR] CONVERT 2 0
[INTERACTOR → SOLUTION] 10
[INTERACTOR → SOLUTION] 1 0 6 0 1
[SOLUTION → INTERACTOR] 2
[SOLUTION → INTERACTOR] CONVERT 2 1
[SOLUTION → INTERACTOR] BUILD_CABLE 22 34
[INTERACTOR → SOLUTION] 7
[INTERACTOR → SOLUTION] 0 0 3 0 1
[SOLUTION → INTERACTOR] 0
[INTERACTOR → SOLUTION] 5
[INTERACTOR → SOLUTION] 3 2 3 0 1
[SOLUTION → INTERACTOR] 2
[SOLUTION → INTERACTOR] BUILD_CABLE 6 19
[SOLUTION → INTERACTOR] BUILD_CABLE 22 23
[INTERACTOR → SOLUTION] 2
[INTERACTOR → SOLUTION] 1 0 3 0 1
[SOLUTION → INTERACTOR] 0
[INTERACTOR → SOLUTION] 8
[INTERACTOR → SOLUTION] 3 0 6 0 1
[SOLUTION → INTERACTOR] 2
[SOLUTION → INTERACTOR] CONVERT 2 1
[SOLUTION → INTERACTOR] BUILD_CABLE 34 33
[INTERACTOR → SOLUTION] 6
[INTERACTOR → SOLUTION] 5 0 3 1 1
[SOLUTION → INTERACTOR] 0
[INTERACTOR → SOLUTION] 8
[INTERACTOR → SOLUTION] 7 0 6 1 1
[SOLUTION → INTERACTOR] 2
[SOLUTION → INTERACTOR] CONVERT 0 1
[SOLUTION → INTERACTOR] BUILD_DC 22
[INTERACTOR → SOLUTION] 6
[INTERACTOR → SOLUTION] 6 0 5 2 1
[SOLUTION → INTERACTOR] 2
[SOLUTION → INTERACTOR] CONVERT 0 1
[SOLUTION → INTERACTOR] BUILD_DC 19
[INTERACTOR → SOLUTION] 7
[INTERACTOR → SOLUTION] 2 0 4 1 1
[SOLUTION → INTERACTOR] 0
[INTERACTOR → SOLUTION] 5
[INTERACTOR → SOLUTION] 5 2 4 1 1
[SOLUTION → INTERACTOR] 2
[SOLUTION → INTERACTOR] BUILD_DC 33
[SOLUTION → INTERACTOR] BUILD_CABLE 34 35
[INTERACTOR → SOLUTION] 6
[INTERACTOR → SOLUTION] 6 0 3 2 1
[SOLUTION → INTERACTOR] 2
[SOLUTION → INTERACTOR] CONVERT 0 1
[SOLUTION → INTERACTOR] BUILD_DC 35
[INTERACTOR → SOLUTION] 5
[INTERACTOR → SOLUTION] 5 2 2 1 1
[SOLUTION → INTERACTOR] 2
[SOLUTION → INTERACTOR] BUILD_CABLE 48 47
[SOLUTION → INTERACTOR] BUILD_DC 47
[INTERACTOR → SOLUTION] 10
[INTERACTOR → SOLUTION] 3 0 4 0 3
[SOLUTION → INTERACTOR] 0
[INTERACTOR → SOLUTION] 6
[INTERACTOR → SOLUTION] 6 0 4 2 3
[SOLUTION → INTERACTOR] 3
[SOLUTION → INTERACTOR] CONVERT 0 1
[SOLUTION → INTERACTOR] UPGRADE_DC 15
[SOLUTION → INTERACTOR] BUILD_CABLE 33 44
[INTERACTOR → SOLUTION] 6
[INTERACTOR → SOLUTION] 6 0 4 2 0
[SOLUTION → INTERACTOR] 2
[SOLUTION → INTERACTOR] CONVERT 0 1
[SOLUTION → INTERACTOR] BUILD_CABLE 44 43
[INTERACTOR → SOLUTION] 3
[INTERACTOR → SOLUTION] 2 4 4 2 0
[SOLUTION → INTERACTOR] 2
[SOLUTION → INTERACTOR] BUILD_DC 43
[SOLUTION → INTERACTOR] BUILD_CABLE 44 45
[INTERACTOR → SOLUTION] 12
[INTERACTOR → SOLUTION] 3 2 3 1 0
[SOLUTION → INTERACTOR] 2
[SOLUTION → INTERACTOR] BUILD_DC 45
[SOLUTION → INTERACTOR] BUILD_CABLE 15 18
[INTERACTOR → SOLUTION] 10
[INTERACTOR → SOLUTION] 1 0 5 0 3
[SOLUTION → INTERACTOR] 0
[INTERACTOR → SOLUTION] 6
[INTERACTOR → SOLUTION] 5 0 5 2 3
[SOLUTION → INTERACTOR] 1
[SOLUTION → INTERACTOR] UPGRADE_DC 22
[INTERACTOR → SOLUTION] 10
[INTERACTOR → SOLUTION] 5 0 8 0 3
[SOLUTION → INTERACTOR] 1
[SOLUTION → INTERACTOR] CONVERT 2 1
[INTERACTOR → SOLUTION] 8
[INTERACTOR → SOLUTION] 7 1 10 0 3
[SOLUTION → INTERACTOR] 1
[SOLUTION → INTERACTOR] CONVERT 0 3
[INTERACTOR → SOLUTION] 9
[INTERACTOR → SOLUTION] 4 1 10 6 3
[SOLUTION → INTERACTOR] 1
[SOLUTION → INTERACTOR] UPGRADE_DC 26
[INTERACTOR → SOLUTION] 8
[INTERACTOR → SOLUTION] 7 1 15 4 0
[SOLUTION → INTERACTOR] 1
[SOLUTION → INTERACTOR] CONVERT 2 4
[INTERACTOR → SOLUTION] 10
[INTERACTOR → SOLUTION] 7 1 15 4 4
[SOLUTION → INTERACTOR] 2
[SOLUTION → INTERACTOR] CONVERT 2 4
[SOLUTION → INTERACTOR] UPGRADE_DC 38
[INTERACTOR → SOLUTION] 12
[INTERACTOR → SOLUTION] 11 1 12 2 2
[SOLUTION → INTERACTOR] 0
[INTERACTOR → SOLUTION] 7
[INTERACTOR → SOLUTION] 11 1 12 2 2
[SOLUTION → INTERACTOR] 0
[INTERACTOR → SOLUTION] 9
[INTERACTOR → SOLUTION] 11 1 12 7 2
[SOLUTION → INTERACTOR] 0
[INTERACTOR → SOLUTION] 99
[INTERACTOR → SOLUTION] 1 4 25 26 14 17 27 28
[INTERACTOR → SOLUTION] 4 12 38 39 29 26 25 40
[INTERACTOR → SOLUTION] 3 4 47 48 41 39 38 49
[INTERACTOR → SOLUTION] 1 3 14 15 0 5 16 17
[INTERACTOR → SOLUTION] 4 5 29 30 18 15 14 26
[INTERACTOR → SOLUTION] 3 6 41 42 31 30 29 39
[INTERACTOR → SOLUTION] 3 9 50 51 43 42 41 48
[INTERACTOR → SOLUTION] 2 10 0 1 2 3 4 5
[INTERACTOR → SOLUTION] 4 2 18 19 6 1 0 15
[INTERACTOR → SOLUTION] 2 11 31 32 20 19 18 30
[INTERACTOR → SOLUTION] 3 3 43 44 33 32 31 42
[INTERACTOR → SOLUTION] 0 9 52 53 45 44 43 51
[INTERACTOR → SOLUTION] 2 10 6 7 8 9 2 1
[INTERACTOR → SOLUTION] 2 8 20 21 10 7 6 19
[INTERACTOR → SOLUTION] 0 5 33 34 22 21 20 32
[INTERACTOR → SOLUTION] 0 8 45 46 35 34 33 44
[INTERACTOR → SOLUTION] 1 11 10 11 12 13 8 7
[INTERACTOR → SOLUTION] 5 0 22 23 24 11 10 21
[INTERACTOR → SOLUTION] 0 6 35 36 37 23 22 34
[INTERACTOR → SOLUTION] C0 2 8 13
[INTERACTOR → SOLUTION] C1 2 27 28
[INTERACTOR → SOLUTION] C2 2 2 3
[INTERACTOR → SOLUTION] C3 2 38 40
[INTERACTOR → SOLUTION] C4 2 4 5
[INTERACTOR → SOLUTION] C31 8 16 17 47 49 11 24 50 51
[SOLUTION → INTERACTOR] START
[SOLUTION → INTERACTOR] BUILD_DC 7
[SOLUTION → INTERACTOR] BUILD_DC 33
[SOLUTION → INTERACTOR] BUILD_CABLE 7 6
[SOLUTION → INTERACTOR] BUILD_CABLE 33 34
[INTERACTOR → SOLUTION] 7
[INTERACTOR → SOLUTION] 0 0 0 0 0
[SOLUTION → INTERACTOR] 0
[INTERACTOR → SOLUTION] 6
[INTERACTOR → SOLUTION] 0 0 0 0 0
[SOLUTION → INTERACTOR] 0
[INTERACTOR → SOLUTION] 10
[INTERACTOR → SOLUTION] 0 0 1 0 0
[SOLUTION → INTERACTOR] 0
[INTERACTOR → SOLUTION] 11
[INTERACTOR → SOLUTION] 0 1 1 0 0
[SOLUTION → INTERACTOR] 0
[INTERACTOR → SOLUTION] 9
[INTERACTOR → SOLUTION] 0 1 1 0 0
[SOLUTION → INTERACTOR] 0
[INTERACTOR → SOLUTION] 7
[INTERACTOR → SOLUTION] 0 1 1 0 0
[SOLUTION → INTERACTOR] 0
[INTERACTOR → SOLUTION] 8
[INTERACTOR → SOLUTION] 1 1 2 0 0
[SOLUTION → INTERACTOR] 1
[SOLUTION → INTERACTOR] BUILD_CABLE 34 35
[INTERACTOR → SOLUTION] 11
[INTERACTOR → SOLUTION] 0 1 2 0 0
[SOLUTION → INTERACTOR] 0
[INTERACTOR → SOLUTION] 8
[INTERACTOR → SOLUTION] 1 1 3 0 0
[SOLUTION → INTERACTOR] 1
[SOLUTION → INTERACTOR] BUILD_CABLE 34 22
[INTERACTOR → SOLUTION] 11
[INTERACTOR → SOLUTION] 0 1 3 0 0
[SOLUTION → INTERACTOR] 0
[INTERACTOR → SOLUTION] 7
[INTERACTOR → SOLUTION] 0 1 3 0 0
[SOLUTION → INTERACTOR] 0
[INTERACTOR → SOLUTION] 6
[INTERACTOR → SOLUTION] 0 1 3 0 0
[SOLUTION → INTERACTOR] 0
[INTERACTOR → SOLUTION] 8
[INTERACTOR → SOLUTION] 1 1 4 0 0
[SOLUTION → INTERACTOR] 1
[SOLUTION → INTERACTOR] BUILD_CABLE 22 21
[INTERACTOR → SOLUTION] 8
[INTERACTOR → SOLUTION] 1 0 5 0 0
[SOLUTION → INTERACTOR] 0
[INTERACTOR → SOLUTION] 3
[INTERACTOR → SOLUTION] 1 0 5 1 0
[SOLUTION → INTERACTOR] 0
[INTERACTOR → SOLUTION] 9
[INTERACTOR → SOLUTION] 1 0 5 1 0
[SOLUTION → INTERACTOR] 0
[INTERACTOR → SOLUTION] 7
[INTERACTOR → SOLUTION] 1 0 5 1 0
[SOLUTION → INTERACTOR] 0
[INTERACTOR → SOLUTION] 7
[INTERACTOR → SOLUTION] 1 0 5 1 0
[SOLUTION → INTERACTOR] 0
[INTERACTOR → SOLUTION] 10
[INTERACTOR → SOLUTION] 1 0 6 1 0
[SOLUTION → INTERACTOR] 0
[INTERACTOR → SOLUTION] 7
[INTERACTOR → SOLUTION] 1 0 6 1 0
[SOLUTION → INTERACTOR] 0
[INTERACTOR → SOLUTION] 10
[INTERACTOR → SOLUTION] 1 0 7 1 0
[SOLUTION → INTERACTOR] 2
[SOLUTION → INTERACTOR] CONVERT 2 1
[SOLUTION → INTERACTOR] BUILD_DC 35
[INTERACTOR → SOLUTION] 8
[INTERACTOR → SOLUTION] 2 0 3 0 0
[SOLUTION → INTERACTOR] 0
[INTERACTOR → SOLUTION] 9
[INTERACTOR → SOLUTION] 2 0 3 0 0
[SOLUTION → INTERACTOR] 0
[INTERACTOR → SOLUTION] 5
[INTERACTOR → SOLUTION] 3 0 3 0 0
[SOLUTION → INTERACTOR] 0
[INTERACTOR → SOLUTION] 9
[INTERACTOR → SOLUTION] 3 0 3 0 0
[SOLUTION → INTERACTOR] 0
[INTERACTOR → SOLUTION] 7
[INTERACTOR → SOLUTION] 3 0 3 0 0
[SOLUTION → INTERACTOR] 0
[INTERACTOR → SOLUTION] 5
[INTERACTOR → SOLUTION] 4 0 3 0 0
[SOLUTION → INTERACTOR] 0
[INTERACTOR → SOLUTION] 4
[INTERACTOR → SOLUTION] 4 0 3 0 0
[SOLUTION → INTERACTOR] 0
[INTERACTOR → SOLUTION] 6
[INTERACTOR → SOLUTION] 5 0 3 0 0
[SOLUTION → INTERACTOR] 0
[INTERACTOR → SOLUTION] 5
[INTERACTOR → SOLUTION] 6 0 3 0 0
[SOLUTION → INTERACTOR] 0
[INTERACTOR → SOLUTION] 7
[INTERACTOR → SOLUTION] 6 0 3 0 0
[SOLUTION → INTERACTOR] 0
[INTERACTOR → SOLUTION] 10
[INTERACTOR → SOLUTION] 6 0 4 0 0
[SOLUTION → INTERACTOR] 0
[INTERACTOR → SOLUTION] 5
[INTERACTOR → SOLUTION] 7 0 4 0 0
[SOLUTION → INTERACTOR] 2
[SOLUTION → INTERACTOR] CONVERT 0 1
[SOLUTION → INTERACTOR] BUILD_CABLE 21 20
[INTERACTOR → SOLUTION] 10
[INTERACTOR → SOLUTION] 2 0 5 0 0
[SOLUTION → INTERACTOR] 0
[INTERACTOR → SOLUTION] 7
[INTERACTOR → SOLUTION] 2 0 5 0 0
[SOLUTION → INTERACTOR] 0
[INTERACTOR → SOLUTION] 10
[INTERACTOR → SOLUTION] 2 0 6 0 0
[SOLUTION → INTERACTOR] 0
[INTERACTOR → SOLUTION] 3
[INTERACTOR → SOLUTION] 2 0 6 1 0
[SOLUTION → INTERACTOR] 0
[INTERACTOR → SOLUTION] 6
[INTERACTOR → SOLUTION] 3 0 6 1 0
[SOLUTION → INTERACTOR] 0
[INTERACTOR → SOLUTION] 6
[INTERACTOR → SOLUTION] 4 0 6 1 0
[SOLUTION → INTERACTOR] 0
[INTERACTOR → SOLUTION] 5
[INTERACTOR → SOLUTION] 5 0 6 1 0
[SOLUTION → INTERACTOR] 0
[INTERACTOR → SOLUTION] 7
[INTERACTOR → SOLUTION] 5 0 6 1 0
[SOLUTION → INTERACTOR] 0
[INTERACTOR → SOLUTION] 10
[INTERACTOR → SOLUTION] 5 0 7 1 0
[SOLUTION → INTERACTOR] 2
[SOLUTION → INTERACTOR] CONVERT 2 1
[SOLUTION → INTERACTOR] BUILD_DC 20
[INTERACTOR → SOLUTION] 8
[INTERACTOR → SOLUTION] 6 0 4 0 0
[SOLUTION → INTERACTOR] 0
[INTERACTOR → SOLUTION] 6
[INTERACTOR → SOLUTION] 7 0 4 0 0
[SOLUTION → INTERACTOR] 2
[SOLUTION → INTERACTOR] CONVERT 0 1
[SOLUTION → INTERACTOR] BUILD_CABLE 6 1
[INTERACTOR → SOLUTION] 8
[INTERACTOR → SOLUTION] 4 0 6 0 0
[SOLUTION → INTERACTOR] 0
[INTERACTOR → SOLUTION] 4
[INTERACTOR → SOLUTION] 4 0 6 0 0
[SOLUTION → INTERACTOR] 0
[INTERACTOR → SOLUTION] 7
[INTERACTOR → SOLUTION] 4 0 6 0 0
[SOLUTION → INTERACTOR] 0
[INTERACTOR → SOLUTION] 5
[INTERACTOR → SOLUTION] 6 0 6 0 0
[SOLUTION → INTERACTOR] 0
[INTERACTOR → SOLUTION] 10
[INTERACTOR → SOLUTION] 6 0 7 0 0
[SOLUTION → INTERACTOR] 2
[SOLUTION → INTERACTOR] CONVERT 2 1
[SOLUTION → INTERACTOR] BUILD_CABLE 1 0
[INTERACTOR → SOLUTION] 4
[INTERACTOR → SOLUTION] 5 0 3 0 0
[SOLUTION → INTERACTOR] 0
[INTERACTOR → SOLUTION] 11
[INTERACTOR → SOLUTION] 5 1 4 0 0
[SOLUTION → INTERACTOR] 1
[SOLUTION → INTERACTOR] BUILD_CABLE 0 15
[INTERACTOR → SOLUTION] 10
[INTERACTOR → SOLUTION] 4 0 5 0 0
[SOLUTION → INTERACTOR] 0
[INTERACTOR → SOLUTION] 4
[INTERACTOR → SOLUTION] 4 0 5 0 0
[SOLUTION → INTERACTOR] 0
[INTERACTOR → SOLUTION] 4
[INTERACTOR → SOLUTION] 4 0 5 0 0
[SOLUTION → INTERACTOR] 0
[INTERACTOR → SOLUTION] 6
[INTERACTOR → SOLUTION] 5 0 5 0 0
[SOLUTION → INTERACTOR] 0
[INTERACTOR → SOLUTION] 5
[INTERACTOR → SOLUTION] 7 0 5 0 0
[SOLUTION → INTERACTOR] 2
[SOLUTION → INTERACTOR] CONVERT 0 1
[SOLUTION → INTERACTOR] BUILD_CABLE 15 14
[INTERACTOR → SOLUTION] 12
[INTERACTOR → SOLUTION] 2 0 5 0 0
[SOLUTION → INTERACTOR] 0
[INTERACTOR → SOLUTION] 10
[INTERACTOR → SOLUTION] 2 0 6 0 0
[SOLUTION → INTERACTOR] 0
[INTERACTOR → SOLUTION] 10
[INTERACTOR → SOLUTION] 2 0 7 0 0
[SOLUTION → INTERACTOR] 2
[SOLUTION → INTERACTOR] CONVERT 2 1
[SOLUTION → INTERACTOR] BUILD_CABLE 14 17
[INTERACTOR → SOLUTION] 10
[INTERACTOR → SOLUTION] 1 0 4 0 0
[SOLUTION → INTERACTOR] 0
[INTERACTOR → SOLUTION] 2
[INTERACTOR → SOLUTION] 1 0 4 0 0
[SOLUTION → INTERACTOR] 0
[INTERACTOR → SOLUTION] 5
[INTERACTOR → SOLUTION] 3 0 4 0 0
[SOLUTION → INTERACTOR] 0
[INTERACTOR → SOLUTION] 9
[INTERACTOR → SOLUTION] 3 0 4 0 0
[SOLUTION → INTERACTOR] 0
[INTERACTOR → SOLUTION] 10
[INTERACTOR → SOLUTION] 3 0 5 0 0
[SOLUTION → INTERACTOR] 0
[INTERACTOR → SOLUTION] 5
[INTERACTOR → SOLUTION] 5 0 5 0 0
[SOLUTION → INTERACTOR] 0
[INTERACTOR → SOLUTION] 8
[INTERACTOR → SOLUTION] 7 0 7 0 0
[SOLUTION → INTERACTOR] 3
[SOLUTION → INTERACTOR] CONVERT 0 1
[SOLUTION → INTERACTOR] CONVERT 2 3
[SOLUTION → INTERACTOR] BUILD_DC 14
[INTERACTOR → SOLUTION] 11
[INTERACTOR → SOLUTION] 2 1 3 0 0
[SOLUTION → INTERACTOR] 1
[SOLUTION → INTERACTOR] BUILD_CABLE 17 16
[INTERACTOR → SOLUTION] 4
[INTERACTOR → SOLUTION] 1 1 3 0 0
[SOLUTION → INTERACTOR] 1
[SOLUTION → INTERACTOR] BUILD_CABLE 15 18
[INTERACTOR → SOLUTION] 7
[INTERACTOR → SOLUTION] 0 0 3 0 0
[SOLUTION → INTERACTOR] 0
[INTERACTOR → SOLUTION] 6
[INTERACTOR → SOLUTION] 1 0 3 0 0
[SOLUTION → INTERACTOR] 0
[INTERACTOR → SOLUTION] 7
[INTERACTOR → SOLUTION] 1 0 3 0 0
[SOLUTION → INTERACTOR] 0
[INTERACTOR → SOLUTION] 3
[INTERACTOR → SOLUTION] 1 1 3 1 0
[SOLUTION → INTERACTOR] 1
[SOLUTION → INTERACTOR] BUILD_DC 22
[INTERACTOR → SOLUTION] 5
[INTERACTOR → SOLUTION] 3 0 2 0 1
[SOLUTION → INTERACTOR] 0
[INTERACTOR → SOLUTION] 6
[INTERACTOR → SOLUTION] 5 0 2 0 1
[SOLUTION → INTERACTOR] 0
[INTERACTOR → SOLUTION] 11
[INTERACTOR → SOLUTION] 5 1 3 0 1
[SOLUTION → INTERACTOR] 1
[SOLUTION → INTERACTOR] BUILD_CABLE 18 30
[INTERACTOR → SOLUTION] 10
[INTERACTOR → SOLUTION] 4 0 4 0 1
[SOLUTION → INTERACTOR] 0
[INTERACTOR → SOLUTION] 4
[INTERACTOR → SOLUTION] 4 1 4 0 1
[SOLUTION → INTERACTOR] 1
[SOLUTION → INTERACTOR] BUILD_CABLE 30 29
[INTERACTOR → SOLUTION] 8
[INTERACTOR → SOLUTION] 5 0 6 0 1
[SOLUTION → INTERACTOR] 0
[INTERACTOR → SOLUTION] 7
[INTERACTOR → SOLUTION] 5 0 6 0 1
[SOLUTION → INTERACTOR] 0
[INTERACTOR → SOLUTION] 7
[INTERACTOR → SOLUTION] 5 0 6 0 1
[SOLUTION → INTERACTOR] 0
[INTERACTOR → SOLUTION] 11
[INTERACTOR → SOLUTION] 5 1 7 0 1
[SOLUTION → INTERACTOR] 2
[SOLUTION → INTERACTOR] CONVERT 2 3
[SOLUTION → INTERACTOR] BUILD_DC 30
[INTERACTOR → SOLUTION] 6
[INTERACTOR → SOLUTION] 6 0 2 1 1
[SOLUTION → INTERACTOR] 0
[INTERACTOR → SOLUTION] 9
[INTERACTOR → SOLUTION] 6 0 2 1 1
[SOLUTION → INTERACTOR] 0
[INTERACTOR → SOLUTION] 3
[INTERACTOR → SOLUTION] 6 1 2 2 1
[SOLUTION → INTERACTOR] 1
[SOLUTION → INTERACTOR] BUILD_DC 1
[INTERACTOR → SOLUTION] 5
[INTERACTOR → SOLUTION] 8 0 1 1 3
[SOLUTION → INTERACTOR] 2
[SOLUTION → INTERACTOR] CONVERT 0 1
[SOLUTION → INTERACTOR] BUILD_DC 16
[INTERACTOR → SOLUTION] 7
[INTERACTOR → SOLUTION] 3 0 0 0 3
[SOLUTION → INTERACTOR] 0
[INTERACTOR → SOLUTION] 4
[INTERACTOR → SOLUTION] 3 1 0 0 3
[SOLUTION → INTERACTOR] 1
[SOLUTION → INTERACTOR] BUILD_CABLE 29 39
[INTERACTOR → SOLUTION] 11
[INTERACTOR → SOLUTION] 2 1 2 0 3
[SOLUTION → INTERACTOR] 1
[SOLUTION → INTERACTOR] BUILD_CABLE 39 41
[INTERACTOR → SOLUTION] 7
[INTERACTOR → SOLUTION] 1 0 2 0 3
[SOLUTION → INTERACTOR] 0
[INTERACTOR → SOLUTION] 5
[INTERACTOR → SOLUTION] 4 0 2 0 5
[SOLUTION → INTERACTOR] 0
[INTERACTOR → SOLUTION] 6
[INTERACTOR → SOLUTION] 6 0 2 1 5
[SOLUTION → INTERACTOR] 2
[SOLUTION → INTERACTOR] CONVERT 0 1
[SOLUTION → INTERACTOR] BUILD_DC 41
[INTERACTOR → SOLUTION] 5
[INTERACTOR → SOLUTION] 5 0 1 0 7
[SOLUTION → INTERACTOR] 1
[SOLUTION → INTERACTOR] CONVERT 4 3
[INTERACTOR → SOLUTION] 6
[INTERACTOR → SOLUTION] 7 0 1 3 4
[SOLUTION → INTERACTOR] 2
[SOLUTION → INTERACTOR] CONVERT 0 1
[SOLUTION → INTERACTOR] UPGRADE_DC 41
[INTERACTOR → SOLUTION] 7
[INTERACTOR → SOLUTION] 4 1 1 1 1
[SOLUTION → INTERACTOR] 0
[INTERACTOR → SOLUTION] 5
[INTERACTOR → SOLUTION] 7 1 1 1 3
[SOLUTION → INTERACTOR] 0
[INTERACTOR → SOLUTION] 3
[INTERACTOR → SOLUTION] 7 3 1 2 3
[SOLUTION → INTERACTOR] 2
[SOLUTION → INTERACTOR] UPGRADE_DC 33
[SOLUTION → INTERACTOR] CONVERT 0 3
[INTERACTOR → SOLUTION] 4
[INTERACTOR → SOLUTION] 4 4 1 3 0
[SOLUTION → INTERACTOR] 0
[INTERACTOR → SOLUTION] 12
[INTERACTOR → SOLUTION] 4 4 1 3 0
[SOLUTION → INTERACTOR] 0
[INTERACTOR → SOLUTION] 9
[INTERACTOR → SOLUTION] 4 4 1 5 0
[SOLUTION → INTERACTOR] 0
[INTERACTOR → SOLUTION] 111
[INTERACTOR → SOLUTION] 3 8 25 26 14 17 27 28
[INTERACTOR → SOLUTION] 0 10 38 39 29 26 25 40
[INTERACTOR → SOLUTION] 5 0 47 48 41 39 38 49
[INTERACTOR → SOLUTION] 3 11 14 15 0 5 16 17
[INTERACTOR → SOLUTION] 0 8 29 30 18 15 14 26
[INTERACTOR → SOLUTION] 0 6 41 42 31 30 29 39
[INTERACTOR → SOLUTION] 4 2 50 51 43 42 41 48
[INTERACTOR → SOLUTION] 2 9 0 1 2 3 4 5
[INTERACTOR → SOLUTION] 3 5 18 19 6 1 0 15
[INTERACTOR → SOLUTION] 3 3 31 32 20 19 18 30
[INTERACTOR → SOLUTION] 4 9 43 44 33 32 31 42
[INTERACTOR → SOLUTION] 0 4 52 53 45 44 43 51
[INTERACTOR → SOLUTION] 2 6 6 7 8 9 2 1
[INTERACTOR → SOLUTION] 1 11 20 21 10 7 6 19
[INTERACTOR → SOLUTION] 1 12 33 34 22 21 20 32
[INTERACTOR → SOLUTION] 4 5 45 46 35 34 33 44
[INTERACTOR → SOLUTION] 2 10 10 11 12 13 8 7
[INTERACTOR → SOLUTION] 2 4 22 23 24 11 10 21
[INTERACTOR → SOLUTION] 1 3 35 36 37 23 22 34
[INTERACTOR → SOLUTION] C0 2 4 5
[INTERACTOR → SOLUTION] C1 2 36 37
[INTERACTOR → SOLUTION] C2 2 38 40
[INTERACTOR → SOLUTION] C3 2 45 46
[INTERACTOR → SOLUTION] C4 2 51 52
[INTERACTOR → SOLUTION] C31 8 11 12 47 48 27 28 8 9
[SOLUTION → INTERACTOR] START
[SOLUTION → INTERACTOR] BUILD_DC 21
[SOLUTION → INTERACTOR] BUILD_DC 26
[SOLUTION → INTERACTOR] BUILD_CABLE 21 10
[SOLUTION → INTERACTOR] BUILD_CABLE 26 29
[INTERACTOR → SOLUTION] 12
[INTERACTOR → SOLUTION] 0 1 0 0 0
[SOLUTION → INTERACTOR] 0
[INTERACTOR → SOLUTION] 9
[INTERACTOR → SOLUTION] 0 1 0 0 0
[SOLUTION → INTERACTOR] 0
[INTERACTOR → SOLUTION] 9
[INTERACTOR → SOLUTION] 0 1 0 0 0
[SOLUTION → INTERACTOR] 0
[INTERACTOR → SOLUTION] 5
[INTERACTOR → SOLUTION] 0 1 0 0 0
[SOLUTION → INTERACTOR] 0
[INTERACTOR → SOLUTION] 7
[INTERACTOR → SOLUTION] 0 1 0 0 0
[SOLUTION → INTERACTOR] 0
[INTERACTOR → SOLUTION] 10
[INTERACTOR → SOLUTION] 1 1 0 0 0
[SOLUTION → INTERACTOR] 1
[SOLUTION → INTERACTOR] BUILD_CABLE 10 11
[INTERACTOR → SOLUTION] 5
[INTERACTOR → SOLUTION] 0 0 0 0 0
[SOLUTION → INTERACTOR] 0
[INTERACTOR → SOLUTION] 3
[INTERACTOR → SOLUTION] 0 0 0 0 0
[SOLUTION → INTERACTOR] 0
[INTERACTOR → SOLUTION] 7
[INTERACTOR → SOLUTION] 0 0 0 0 0
[SOLUTION → INTERACTOR] 0
[INTERACTOR → SOLUTION] 5
[INTERACTOR → SOLUTION] 0 0 0 0 0
[SOLUTION → INTERACTOR] 0
[INTERACTOR → SOLUTION] 3
[INTERACTOR → SOLUTION] 0 0 0 0 0
[SOLUTION → INTERACTOR] 0
[INTERACTOR → SOLUTION] 5
[INTERACTOR → SOLUTION] 0 0 0 0 0
[SOLUTION → INTERACTOR] 0
[INTERACTOR → SOLUTION] 7
[INTERACTOR → SOLUTION] 0 0 0 0 0
[SOLUTION → INTERACTOR] 0
[INTERACTOR → SOLUTION] 8
[INTERACTOR → SOLUTION] 1 0 0 1 0
[SOLUTION → INTERACTOR] 0
[INTERACTOR → SOLUTION] 7
[INTERACTOR → SOLUTION] 1 0 0 1 0
[SOLUTION → INTERACTOR] 0
[INTERACTOR → SOLUTION] 3
[INTERACTOR → SOLUTION] 1 0 0 1 0
[SOLUTION → INTERACTOR] 0
[INTERACTOR → SOLUTION] 7
[INTERACTOR → SOLUTION] 1 0 0 1 0
[SOLUTION → INTERACTOR] 0
[INTERACTOR → SOLUTION] 7
[INTERACTOR → SOLUTION] 1 0 0 1 0
[SOLUTION → INTERACTOR] 0
[INTERACTOR → SOLUTION] 8
[INTERACTOR → SOLUTION] 2 0 0 2 0
[SOLUTION → INTERACTOR] 0
[INTERACTOR → SOLUTION] 10
[INTERACTOR → SOLUTION] 3 0 0 2 0
[SOLUTION → INTERACTOR] 0
[INTERACTOR → SOLUTION] 7
[INTERACTOR → SOLUTION] 3 0 0 2 0
[SOLUTION → INTERACTOR] 0
[INTERACTOR → SOLUTION] 10
[INTERACTOR → SOLUTION] 4 0 0 2 0
[SOLUTION → INTERACTOR] 0
[INTERACTOR → SOLUTION] 10
[INTERACTOR → SOLUTION] 5 0 0 2 0
[SOLUTION → INTERACTOR] 0
[INTERACTOR → SOLUTION] 8
[INTERACTOR → SOLUTION] 6 0 0 3 0
[SOLUTION → INTERACTOR] 0
[INTERACTOR → SOLUTION] 10
[INTERACTOR → SOLUTION] 7 0 0 3 0
[SOLUTION → INTERACTOR] 2
[SOLUTION → INTERACTOR] CONVERT 0 1
[SOLUTION → INTERACTOR] BUILD_CABLE 11 12
[INTERACTOR → SOLUTION] 7
[INTERACTOR → SOLUTION] 2 0 0 3 0
[SOLUTION → INTERACTOR] 0
[INTERACTOR → SOLUTION] 5
[INTERACTOR → SOLUTION] 2 0 0 3 0
[SOLUTION → INTERACTOR] 0
[INTERACTOR → SOLUTION] 7
[INTERACTOR → SOLUTION] 2 0 0 3 0
[SOLUTION → INTERACTOR] 0
[INTERACTOR → SOLUTION] 5
[INTERACTOR → SOLUTION] 2 0 0 3 0
[SOLUTION → INTERACTOR] 0
[INTERACTOR → SOLUTION] 7
[INTERACTOR → SOLUTION] 2 0 0 3 0
[SOLUTION → INTERACTOR] 0
[INTERACTOR → SOLUTION] 8
[INTERACTOR → SOLUTION] 3 0 0 4 0
[SOLUTION → INTERACTOR] 0
[INTERACTOR → SOLUTION] 2
[INTERACTOR → SOLUTION] 3 0 0 4 0
[SOLUTION → INTERACTOR] 0
[INTERACTOR → SOLUTION] 7
[INTERACTOR → SOLUTION] 3 0 0 4 0
[SOLUTION → INTERACTOR] 0
[INTERACTOR → SOLUTION] 9
[INTERACTOR → SOLUTION] 3 0 0 4 0
[SOLUTION → INTERACTOR] 0
[INTERACTOR → SOLUTION] 8
[INTERACTOR → SOLUTION] 4 0 0 5 0
[SOLUTION → INTERACTOR] 0
[INTERACTOR → SOLUTION] 8
[INTERACTOR → SOLUTION] 5 0 0 6 0
[SOLUTION → INTERACTOR] 0
[INTERACTOR → SOLUTION] 9
[INTERACTOR → SOLUTION] 5 0 0 6 0
[SOLUTION → INTERACTOR] 0
[INTERACTOR → SOLUTION] 3
[INTERACTOR → SOLUTION] 5 0 0 6 0
[SOLUTION → INTERACTOR] 0
[INTERACTOR → SOLUTION] 5
[INTERACTOR → SOLUTION] 5 0 0 6 0
[SOLUTION → INTERACTOR] 0
[INTERACTOR → SOLUTION] 10
[INTERACTOR → SOLUTION] 6 0 0 6 0
[SOLUTION → INTERACTOR] 0
[INTERACTOR → SOLUTION] 8
[INTERACTOR → SOLUTION] 7 0 0 7 0
[SOLUTION → INTERACTOR] 2
[SOLUTION → INTERACTOR] CONVERT 0 1
[SOLUTION → INTERACTOR] BUILD_CABLE 29 30
[INTERACTOR → SOLUTION] 5
[INTERACTOR → SOLUTION] 2 0 0 7 0
[SOLUTION → INTERACTOR] 0
[INTERACTOR → SOLUTION] 4
[INTERACTOR → SOLUTION] 2 0 1 7 0
[SOLUTION → INTERACTOR] 0
[INTERACTOR → SOLUTION] 3
[INTERACTOR → SOLUTION] 2 0 1 7 0
[SOLUTION → INTERACTOR] 0
[INTERACTOR → SOLUTION] 5
[INTERACTOR → SOLUTION] 2 0 1 7 0
[SOLUTION → INTERACTOR] 0
[INTERACTOR → SOLUTION] 9
[INTERACTOR → SOLUTION] 2 0 1 7 0
[SOLUTION → INTERACTOR] 0
[INTERACTOR → SOLUTION] 5
[INTERACTOR → SOLUTION] 2 0 1 7 0
[SOLUTION → INTERACTOR] 0
[INTERACTOR → SOLUTION] 4
[INTERACTOR → SOLUTION] 2 0 2 7 0
[SOLUTION → INTERACTOR] 0
[INTERACTOR → SOLUTION] 7
[INTERACTOR → SOLUTION] 2 0 2 7 0
[SOLUTION → INTERACTOR] 0
[INTERACTOR → SOLUTION] 8
[INTERACTOR → SOLUTION] 3 0 2 8 0
[SOLUTION → INTERACTOR] 0
[INTERACTOR → SOLUTION] 10
[INTERACTOR → SOLUTION] 4 0 2 8 0
[SOLUTION → INTERACTOR] 0
[INTERACTOR → SOLUTION] 7
[INTERACTOR → SOLUTION] 4 0 2 8 0
[SOLUTION → INTERACTOR] 0
[INTERACTOR → SOLUTION] 7
[INTERACTOR → SOLUTION] 4 0 2 8 0
[SOLUTION → INTERACTOR] 0
[INTERACTOR → SOLUTION] 11
[INTERACTOR → SOLUTION] 4 1 2 8 0
[SOLUTION → INTERACTOR] 1
[SOLUTION → INTERACTOR] BUILD_DC 30
[INTERACTOR → SOLUTION] 10
[INTERACTOR → SOLUTION] 4 0 1 7 0
[SOLUTION → INTERACTOR] 0
[INTERACTOR → SOLUTION] 4
[INTERACTOR → SOLUTION] 4 0 2 7 0
[SOLUTION → INTERACTOR] 0
[INTERACTOR → SOLUTION] 11
[INTERACTOR → SOLUTION] 4 1 2 7 0
[SOLUTION → INTERACTOR] 1
[SOLUTION → INTERACTOR] BUILD_DC 11
[INTERACTOR → SOLUTION] 5
[INTERACTOR → SOLUTION] 3 0 1 6 0
[SOLUTION → INTERACTOR] 0
[INTERACTOR → SOLUTION] 8
[INTERACTOR → SOLUTION] 5 0 1 7 0
[SOLUTION → INTERACTOR] 0
[INTERACTOR → SOLUTION] 3
[INTERACTOR → SOLUTION] 5 0 1 8 0
[SOLUTION → INTERACTOR] 0
[INTERACTOR → SOLUTION] 6
[INTERACTOR → SOLUTION] 6 0 1 8 0
[SOLUTION → INTERACTOR] 2
[SOLUTION → INTERACTOR] CONVERT 0 1
[SOLUTION → INTERACTOR] BUILD_CABLE 10 7
[INTERACTOR → SOLUTION] 9
[INTERACTOR → SOLUTION] 2 0 1 8 0
[SOLUTION → INTERACTOR] 0
[INTERACTOR → SOLUTION] 5
[INTERACTOR → SOLUTION] 2 0 1 8 0
[SOLUTION → INTERACTOR] 0
[INTERACTOR → SOLUTION] 7
[INTERACTOR → SOLUTION] 2 0 1 8 0
[SOLUTION → INTERACTOR] 0
[INTERACTOR → SOLUTION] 4
[INTERACTOR → SOLUTION] 2 0 3 8 0
[SOLUTION → INTERACTOR] 0
[INTERACTOR → SOLUTION] 9
[INTERACTOR → SOLUTION] 2 0 3 8 0
[SOLUTION → INTERACTOR] 0
[INTERACTOR → SOLUTION] 9
[INTERACTOR → SOLUTION] 2 0 3 8 0
[SOLUTION → INTERACTOR] 0
[INTERACTOR → SOLUTION] 6
[INTERACTOR → SOLUTION] 3 0 3 8 0
[SOLUTION → INTERACTOR] 0
[INTERACTOR → SOLUTION] 8
[INTERACTOR → SOLUTION] 5 0 3 9 0
[SOLUTION → INTERACTOR] 0
[INTERACTOR → SOLUTION] 4
[INTERACTOR → SOLUTION] 5 0 5 9 0
[SOLUTION → INTERACTOR] 0
[INTERACTOR → SOLUTION] 7
[INTERACTOR → SOLUTION] 5 0 5 9 0
[SOLUTION → INTERACTOR] 0
[INTERACTOR → SOLUTION] 6
[INTERACTOR → SOLUTION] 6 0 5 9 0
[SOLUTION → INTERACTOR] 2
[SOLUTION → INTERACTOR] CONVERT 0 1
[SOLUTION → INTERACTOR] BUILD_DC 7
[INTERACTOR → SOLUTION] 9
[INTERACTOR → SOLUTION] 2 0 4 8 0
[SOLUTION → INTERACTOR] 0
[INTERACTOR → SOLUTION] 7
[INTERACTOR → SOLUTION] 2 0 4 8 0
[SOLUTION → INTERACTOR] 0
[INTERACTOR → SOLUTION] 3
[INTERACTOR → SOLUTION] 2 0 4 9 0
[SOLUTION → INTERACTOR] 0
[INTERACTOR → SOLUTION] 5
[INTERACTOR → SOLUTION] 2 0 4 9 0
[SOLUTION → INTERACTOR] 0
[INTERACTOR → SOLUTION] 10
[INTERACTOR → SOLUTION] 3 0 6 9 0
[SOLUTION → INTERACTOR] 2
[SOLUTION → INTERACTOR] CONVERT 2 1
[SOLUTION → INTERACTOR] BUILD_CABLE 29 39
[INTERACTOR → SOLUTION] 10
[INTERACTOR → SOLUTION] 3 0 5 9 0
[SOLUTION → INTERACTOR] 0
[INTERACTOR → SOLUTION] 9
[INTERACTOR → SOLUTION] 3 0 5 9 0
[SOLUTION → INTERACTOR] 0
[INTERACTOR → SOLUTION] 3
[INTERACTOR → SOLUTION] 3 0 5 10 0
[SOLUTION → INTERACTOR] 0
[INTERACTOR → SOLUTION] 10
[INTERACTOR → SOLUTION] 4 0 7 10 0
[SOLUTION → INTERACTOR] 2
[SOLUTION → INTERACTOR] CONVERT 2 1
[SOLUTION → INTERACTOR] BUILD_DC 39
[INTERACTOR → SOLUTION] 11
[INTERACTOR → SOLUTION] 3 2 3 9 0
[SOLUTION → INTERACTOR] 2
[SOLUTION → INTERACTOR] BUILD_CABLE 7 8
[SOLUTION → INTERACTOR] BUILD_CABLE 8 9
[INTERACTOR → SOLUTION] 8
[INTERACTOR → SOLUTION] 3 0 3 10 0
[SOLUTION → INTERACTOR] 0
[INTERACTOR → SOLUTION] 6
[INTERACTOR → SOLUTION] 5 0 4 10 0
[SOLUTION → INTERACTOR] 0
[INTERACTOR → SOLUTION] 7
[INTERACTOR → SOLUTION] 5 0 4 10 0
[SOLUTION → INTERACTOR] 0
[INTERACTOR → SOLUTION] 2
[INTERACTOR → SOLUTION] 5 0 4 10 0
[SOLUTION → INTERACTOR] 0
[INTERACTOR → SOLUTION] 6
[INTERACTOR → SOLUTION] 7 0 5 10 0
[SOLUTION → INTERACTOR] 2
[SOLUTION → INTERACTOR] CONVERT 0 1
[SOLUTION → INTERACTOR] BUILD_DC 9
[INTERACTOR → SOLUTION] 9
[INTERACTOR → SOLUTION] 3 0 4 9 0
[SOLUTION → INTERACTOR] 0
[INTERACTOR → SOLUTION] 7
[INTERACTOR → SOLUTION] 3 0 4 9 0
[SOLUTION → INTERACTOR] 0
[INTERACTOR → SOLUTION] 7
[INTERACTOR → SOLUTION] 3 0 4 9 0
[SOLUTION → INTERACTOR] 0
[INTERACTOR → SOLUTION] 10
[INTERACTOR → SOLUTION] 5 0 6 9 0
[SOLUTION → INTERACTOR] 2
[SOLUTION → INTERACTOR] CONVERT 2 1
[SOLUTION → INTERACTOR] BUILD_CABLE 26 25
[INTERACTOR → SOLUTION] 5
[INTERACTOR → SOLUTION] 4 0 3 9 0
[SOLUTION → INTERACTOR] 0
[INTERACTOR → SOLUTION] 7
[INTERACTOR → SOLUTION] 4 0 3 9 0
[SOLUTION → INTERACTOR] 0
[INTERACTOR → SOLUTION] 7
[INTERACTOR → SOLUTION] 4 0 3 9 0
[SOLUTION → INTERACTOR] 0
[INTERACTOR → SOLUTION] 5
[INTERACTOR → SOLUTION] 4 0 3 9 0
[SOLUTION → INTERACTOR] 0
[INTERACTOR → SOLUTION] 9
[INTERACTOR → SOLUTION] 4 0 3 9 0
[SOLUTION → INTERACTOR] 0
[INTERACTOR → SOLUTION] 7
[INTERACTOR → SOLUTION] 4 0 3 9 0
[SOLUTION → INTERACTOR] 0
[INTERACTOR → SOLUTION] 10
[INTERACTOR → SOLUTION] 6 0 5 9 0
[SOLUTION → INTERACTOR] 2
[SOLUTION → INTERACTOR] CONVERT 0 1
[SOLUTION → INTERACTOR] BUILD_CABLE 25 28
[INTERACTOR → SOLUTION] 9
[INTERACTOR → SOLUTION] 2 0 5 9 0
[SOLUTION → INTERACTOR] 0
[INTERACTOR → SOLUTION] 9
[INTERACTOR → SOLUTION] 2 0 5 9 0
[SOLUTION → INTERACTOR] 0
[INTERACTOR → SOLUTION] 5
[INTERACTOR → SOLUTION] 2 0 5 9 0
[SOLUTION → INTERACTOR] 0
[INTERACTOR → SOLUTION] 2
[INTERACTOR → SOLUTION] 2 0 5 9 0
[SOLUTION → INTERACTOR] 0
[INTERACTOR → SOLUTION] 7
[INTERACTOR → SOLUTION] 2 0 5 9 0
[SOLUTION → INTERACTOR] 0
[INTERACTOR → SOLUTION] 9
[INTERACTOR → SOLUTION] 2 0 5 9 0
[SOLUTION → INTERACTOR] 0
[INTERACTOR → SOLUTION] 3
[INTERACTOR → SOLUTION] 2 0 5 10 0
[SOLUTION → INTERACTOR] 0
[INTERACTOR → SOLUTION] 7
[INTERACTOR → SOLUTION] 2 0 5 10 0
[SOLUTION → INTERACTOR] 0
[INTERACTOR → SOLUTION] 6
[INTERACTOR → SOLUTION] 4 0 7 10 0
[SOLUTION → INTERACTOR] 2
[SOLUTION → INTERACTOR] CONVERT 2 1
[SOLUTION → INTERACTOR] BUILD_DC 28
[INTERACTOR → SOLUTION] 9
[INTERACTOR → SOLUTION] 3 0 3 9 0
[SOLUTION → INTERACTOR] 0
[INTERACTOR → SOLUTION] 4
[INTERACTOR → SOLUTION] 3 0 5 9 0
[SOLUTION → INTERACTOR] 0
[INTERACTOR → SOLUTION] 5
[INTERACTOR → SOLUTION] 3 0 5 9 0
[SOLUTION → INTERACTOR] 0
[INTERACTOR → SOLUTION] 7
[INTERACTOR → SOLUTION] 3 0 5 9 0
[SOLUTION → INTERACTOR] 0
[INTERACTOR → SOLUTION] SCORE: 90
