[INTERACTOR → SOLUTION] 5
[INTERACTOR → SOLUTION] 91
[INTERACTOR → SOLUTION] 4 5 25 26 14 17 27 28
[INTERACTOR → SOLUTION] 2 5 38 39 29 26 25 40
[INTERACTOR → SOLUTION] 0 4 47 48 41 39 38 49
[INTERACTOR → SOLUTION] 1 9 14 15 0 5 16 17
[INTERACTOR → SOLUTION] 3 10 29 30 18 15 14 26
[INTERACTOR → SOLUTION] 3 2 41 42 31 30 29 39
[INTERACTOR → SOLUTION] 5 0 50 51 43 42 41 48
[INTERACTOR → SOLUTION] 2 10 0 1 2 3 4 5
[INTERACTOR → SOLUTION] 0 12 18 19 6 1 0 15
[INTERACTOR → SOLUTION] 1 11 31 32 20 19 18 30
[INTERACTOR → SOLUTION] 3 11 43 44 33 32 31 42
[INTERACTOR → SOLUTION] 0 6 52 53 45 44 43 51
[INTERACTOR → SOLUTION] 2 9 6 7 8 9 2 1
[INTERACTOR → SOLUTION] 2 4 20 21 10 7 6 19
[INTERACTOR → SOLUTION] 3 3 33 34 22 21 20 32
[INTERACTOR → SOLUTION] 4 8 45 46 35 34 33 44
[INTERACTOR → SOLUTION] 1 8 10 11 12 13 8 7
[INTERACTOR → SOLUTION] 0 3 22 23 24 11 10 21
[INTERACTOR → SOLUTION] 4 6 35 36 37 23 22 34
[INTERACTOR → SOLUTION] C0 2 51 52
[INTERACTOR → SOLUTION] C1 2 47 48
[INTERACTOR → SOLUTION] C2 2 12 13
[INTERACTOR → SOLUTION] C3 2 2 9
[INTERACTOR → SOLUTION] C4 2 35 46
[INTERACTOR → SOLUTION] C31 8 23 37 3 4 38 49 25 40
[SOLUTION → INTERACTOR] START
[SOLUTION → INTERACTOR] BUILD_DC 15
[SOLUTION → INTERACTOR] BUILD_DC 39
[SOLUTION → INTERACTOR] BUILD_CABLE 15 14
[SOLUTION → INTERACTOR] BUILD_CABLE 39 29
[INTERACTOR → SOLUTION] 11
[INTERACTOR → SOLUTION] 0 0 0 0 0
[SOLUTION → INTERACTOR] 0
[INTERACTOR → SOLUTION] 9
[INTERACTOR → SOLUTION] 0 1 0 0 0
[SOLUTION → INTERACTOR] 0
[INTERACTOR → SOLUTION] 8
[INTERACTOR → SOLUTION] 0 1 0 0 0
[SOLUTION → INTERACTOR] 0
[INTERACTOR → SOLUTION] 6
[INTERACTOR → SOLUTION] 0 1 0 0 0
[SOLUTION → INTERACTOR] 0
[INTERACTOR → SOLUTION] 5
[INTERACTOR → SOLUTION] 0 1 1 0 0
[SOLUTION → INTERACTOR] 0
[INTERACTOR → SOLUTION] 7
[INTERACTOR → SOLUTION] 0 1 1 0 0
[SOLUTION → INTERACTOR] 0
[INTERACTOR → SOLUTION] 12
[INTERACTOR → SOLUTION] 1 1 1 0 0
[SOLUTION → INTERACTOR] 1
[SOLUTION → INTERACTOR] BUILD_CABLE 14 26
[INTERACTOR → SOLUTION] 8
[INTERACTOR → SOLUTION] 0 0 1 0 0
[SOLUTION → INTERACTOR] 0
[INTERACTOR → SOLUTION] 10
[INTERACTOR → SOLUTION] 0 0 1 1 0
[SOLUTION → INTERACTOR] 0
[INTERACTOR → SOLUTION] 11
[INTERACTOR → SOLUTION] 0 0 1 1 0
[SOLUTION → INTERACTOR] 0
[INTERACTOR → SOLUTION] 8
[INTERACTOR → SOLUTION] 0 0 1 1 0
[SOLUTION → INTERACTOR] 0
[INTERACTOR → SOLUTION] 8
[INTERACTOR → SOLUTION] 0 0 1 1 0
[SOLUTION → INTERACTOR] 0
[INTERACTOR → SOLUTION] 6
[INTERACTOR → SOLUTION] 0 0 1 1 0
[SOLUTION → INTERACTOR] 0
[INTERACTOR → SOLUTION] 5
[INTERACTOR → SOLUTION] 0 0 2 1 0
[SOLUTION → INTERACTOR] 0
[INTERACTOR → SOLUTION] 7
[INTERACTOR → SOLUTION] 0 0 2 1 0
[SOLUTION → INTERACTOR] 0
[INTERACTOR → SOLUTION] 10
[INTERACTOR → SOLUTION] 0 0 2 2 0
[SOLUTION → INTERACTOR] 0
[INTERACTOR → SOLUTION] 7
[INTERACTOR → SOLUTION] 0 0 2 2 0
[SOLUTION → INTERACTOR] 0
[INTERACTOR → SOLUTION] 10
[INTERACTOR → SOLUTION] 0 0 2 3 0
[SOLUTION → INTERACTOR] 0
[INTERACTOR → SOLUTION] 3
[INTERACTOR → SOLUTION] 0 0 2 3 0
[SOLUTION → INTERACTOR] 0
[INTERACTOR → SOLUTION] 9
[INTERACTOR → SOLUTION] 0 1 2 3 0
[SOLUTION → INTERACTOR] 0
[INTERACTOR → SOLUTION] 8
[INTERACTOR → SOLUTION] 0 1 2 3 0
[SOLUTION → INTERACTOR] 0
[INTERACTOR → SOLUTION] 6
[INTERACTOR → SOLUTION] 0 1 2 3 0
[SOLUTION → INTERACTOR] 0
[INTERACTOR → SOLUTION] 11
[INTERACTOR → SOLUTION] 0 1 2 3 0
[SOLUTION → INTERACTOR] 0
[INTERACTOR → SOLUTION] 7
[INTERACTOR → SOLUTION] 0 1 2 3 0
[SOLUTION → INTERACTOR] 0
[INTERACTOR → SOLUTION] 5
[INTERACTOR → SOLUTION] 0 1 3 3 0
[SOLUTION → INTERACTOR] 0
[INTERACTOR → SOLUTION] 6
[INTERACTOR → SOLUTION] 0 1 3 3 0
[SOLUTION → INTERACTOR] 0
[INTERACTOR → SOLUTION] 4
[INTERACTOR → SOLUTION] 1 1 3 3 0
[SOLUTION → INTERACTOR] 1
[SOLUTION → INTERACTOR] BUILD_DC 26
[INTERACTOR → SOLUTION] 7
[INTERACTOR → SOLUTION] 0 0 2 2 0
[SOLUTION → INTERACTOR] 0
[INTERACTOR → SOLUTION] 10
[INTERACTOR → SOLUTION] 0 0 2 4 0
[SOLUTION → INTERACTOR] 0
[INTERACTOR → SOLUTION] 3
[INTERACTOR → SOLUTION] 0 0 2 4 0
[SOLUTION → INTERACTOR] 0
[INTERACTOR → SOLUTION] 9
[INTERACTOR → SOLUTION] 0 1 2 4 0
[SOLUTION → INTERACTOR] 0
[INTERACTOR → SOLUTION] 3
[INTERACTOR → SOLUTION] 0 1 2 4 0
[SOLUTION → INTERACTOR] 0
[INTERACTOR → SOLUTION] 9
[INTERACTOR → SOLUTION] 0 2 2 4 0
[SOLUTION → INTERACTOR] 0
[INTERACTOR → SOLUTION] 4
[INTERACTOR → SOLUTION] 1 2 2 4 0
[SOLUTION → INTERACTOR] 1
[SOLUTION → INTERACTOR] BUILD_CABLE 14 17
[INTERACTOR → SOLUTION] 6
[INTERACTOR → SOLUTION] 0 1 2 4 0
[SOLUTION → INTERACTOR] 0
[INTERACTOR → SOLUTION] 9
[INTERACTOR → SOLUTION] 0 2 2 4 0
[SOLUTION → INTERACTOR] 0
[INTERACTOR → SOLUTION] 5
[INTERACTOR → SOLUTION] 0 2 4 4 1
[SOLUTION → INTERACTOR] 0
[INTERACTOR → SOLUTION] 5
[INTERACTOR → SOLUTION] 0 2 6 4 2
[SOLUTION → INTERACTOR] 0
[INTERACTOR → SOLUTION] 7
[INTERACTOR → SOLUTION] 0 2 6 4 2
[SOLUTION → INTERACTOR] 0
[INTERACTOR → SOLUTION] 6
[INTERACTOR → SOLUTION] 0 2 6 4 2
[SOLUTION → INTERACTOR] 0
[INTERACTOR → SOLUTION] 6
[INTERACTOR → SOLUTION] 0 2 6 4 2
[SOLUTION → INTERACTOR] 0
[INTERACTOR → SOLUTION] 4
[INTERACTOR → SOLUTION] 1 2 6 4 2
[SOLUTION → INTERACTOR] 1
[SOLUTION → INTERACTOR] BUILD_DC 17
[INTERACTOR → SOLUTION] 7
[INTERACTOR → SOLUTION] 0 1 5 3 2
[SOLUTION → INTERACTOR] 0
[INTERACTOR → SOLUTION] 5
[INTERACTOR → SOLUTION] 0 1 7 3 4
[SOLUTION → INTERACTOR] 3
[SOLUTION → INTERACTOR] CONVERT 2 0
[SOLUTION → INTERACTOR] UPGRADE_DC 26
[SOLUTION → INTERACTOR] BUILD_CABLE 26 25
[INTERACTOR → SOLUTION] 7
[INTERACTOR → SOLUTION] 0 0 3 1 1
[SOLUTION → INTERACTOR] 0
[INTERACTOR → SOLUTION] 4
[INTERACTOR → SOLUTION] 1 0 3 1 1
[SOLUTION → INTERACTOR] 0
[INTERACTOR → SOLUTION] 6
[INTERACTOR → SOLUTION] 1 0 3 1 1
[SOLUTION → INTERACTOR] 0
[INTERACTOR → SOLUTION] 5
[INTERACTOR → SOLUTION] 1 0 6 1 4
[SOLUTION → INTERACTOR] 0
[INTERACTOR → SOLUTION] 11
[INTERACTOR → SOLUTION] 1 0 6 1 4
[SOLUTION → INTERACTOR] 0
[INTERACTOR → SOLUTION] 4
[INTERACTOR → SOLUTION] 2 0 6 1 4
[SOLUTION → INTERACTOR] 0
[INTERACTOR → SOLUTION] 6
[INTERACTOR → SOLUTION] 2 0 6 1 4
[SOLUTION → INTERACTOR] 0
[INTERACTOR → SOLUTION] 3
[INTERACTOR → SOLUTION] 2 0 6 1 4
[SOLUTION → INTERACTOR] 0
[INTERACTOR → SOLUTION] 5
[INTERACTOR → SOLUTION] 2 0 9 1 7
[SOLUTION → INTERACTOR] 2
[SOLUTION → INTERACTOR] CONVERT 2 1
[SOLUTION → INTERACTOR] BUILD_CABLE 25 40
[INTERACTOR → SOLUTION] 7
[INTERACTOR → SOLUTION] 1 0 5 1 7
[SOLUTION → INTERACTOR] 0
[INTERACTOR → SOLUTION] 5
[INTERACTOR → SOLUTION] 1 0 8 1 10
[SOLUTION → INTERACTOR] 3
[SOLUTION → INTERACTOR] CONVERT 2 1
[SOLUTION → INTERACTOR] BUILD_DC 40
[SOLUTION → INTERACTOR] CONVERT 4 3
[INTERACTOR → SOLUTION] 3
[INTERACTOR → SOLUTION] 0 0 3 1 7
[SOLUTION → INTERACTOR] 0
[INTERACTOR → SOLUTION] 7
[INTERACTOR → SOLUTION] 0 0 3 1 7
[SOLUTION → INTERACTOR] 0
[INTERACTOR → SOLUTION] 6
[INTERACTOR → SOLUTION] 0 0 3 1 7
[SOLUTION → INTERACTOR] 0
[INTERACTOR → SOLUTION] 6
[INTERACTOR → SOLUTION] 0 0 3 1 7
[SOLUTION → INTERACTOR] 0
[INTERACTOR → SOLUTION] 5
[INTERACTOR → SOLUTION] 0 0 7 1 10
[SOLUTION → INTERACTOR] 1
[SOLUTION → INTERACTOR] CONVERT 2 0
[INTERACTOR → SOLUTION] 8
[INTERACTOR → SOLUTION] 1 0 4 1 10
[SOLUTION → INTERACTOR] 0
[INTERACTOR → SOLUTION] 11
[INTERACTOR → SOLUTION] 1 0 4 1 10
[SOLUTION → INTERACTOR] 0
[INTERACTOR → SOLUTION] 8
[INTERACTOR → SOLUTION] 1 0 4 1 10
[SOLUTION → INTERACTOR] 0
[INTERACTOR → SOLUTION] 9
[INTERACTOR → SOLUTION] 1 2 4 1 10
[SOLUTION → INTERACTOR] 1
[SOLUTION → INTERACTOR] BUILD_CABLE 39 38
[INTERACTOR → SOLUTION] 6
[INTERACTOR → SOLUTION] 0 1 4 1 10
[SOLUTION → INTERACTOR] 0
[INTERACTOR → SOLUTION] 7
[INTERACTOR → SOLUTION] 0 1 4 1 10
[SOLUTION → INTERACTOR] 0
[INTERACTOR → SOLUTION] 2
[INTERACTOR → SOLUTION] 0 1 4 2 10
[SOLUTION → INTERACTOR] 2
[SOLUTION → INTERACTOR] UPGRADE_DC 15
[SOLUTION → INTERACTOR] CONVERT 4 3
[INTERACTOR → SOLUTION] 5
[INTERACTOR → SOLUTION] 0 1 8 1 7
[SOLUTION → INTERACTOR] 2
[SOLUTION → INTERACTOR] CONVERT 2 0
[SOLUTION → INTERACTOR] BUILD_CABLE 38 49
[INTERACTOR → SOLUTION] 3
[INTERACTOR → SOLUTION] 0 0 5 1 7
[SOLUTION → INTERACTOR] 0
[INTERACTOR → SOLUTION] 6
[INTERACTOR → SOLUTION] 0 0 5 1 7
[SOLUTION → INTERACTOR] 0
[INTERACTOR → SOLUTION] 6
[INTERACTOR → SOLUTION] 0 0 5 1 7
[SOLUTION → INTERACTOR] 0
[INTERACTOR → SOLUTION] 5
[INTERACTOR → SOLUTION] 0 0 9 1 10
[SOLUTION → INTERACTOR] 4
[SOLUTION → INTERACTOR] CONVERT 2 0
[SOLUTION → INTERACTOR] CONVERT 2 1
[SOLUTION → INTERACTOR] BUILD_DC 49
[SOLUTION → INTERACTOR] CONVERT 4 3
[INTERACTOR → SOLUTION] 5
[INTERACTOR → SOLUTION] 0 0 6 1 10
[SOLUTION → INTERACTOR] 1
[SOLUTION → INTERACTOR] CONVERT 2 0
[INTERACTOR → SOLUTION] 8
[INTERACTOR → SOLUTION] 1 0 3 1 10
[SOLUTION → INTERACTOR] 0
[INTERACTOR → SOLUTION] 4
[INTERACTOR → SOLUTION] 3 0 3 1 10
[SOLUTION → INTERACTOR] 0
[INTERACTOR → SOLUTION] 9
[INTERACTOR → SOLUTION] 3 3 3 1 10
[SOLUTION → INTERACTOR] 4
[SOLUTION → INTERACTOR] BUILD_CABLE 29 30
[SOLUTION → INTERACTOR] BUILD_DC 30
[SOLUTION → INTERACTOR] CONVERT 4 3
[SOLUTION → INTERACTOR] BUILD_CABLE 15 0
[INTERACTOR → SOLUTION] 7
[INTERACTOR → SOLUTION] 0 0 2 1 7
[SOLUTION → INTERACTOR] 0
[INTERACTOR → SOLUTION] 10
[INTERACTOR → SOLUTION] 0 0 2 6 7
[SOLUTION → INTERACTOR] 2
[SOLUTION → INTERACTOR] UPGRADE_DC 39
[SOLUTION → INTERACTOR] UPGRADE_DC 17
[INTERACTOR → SOLUTION] 9
[INTERACTOR → SOLUTION] 0 4 2 2 1
[SOLUTION → INTERACTOR] 0
[INTERACTOR → SOLUTION] 12
[INTERACTOR → SOLUTION] 2 4 2 2 1
[SOLUTION → INTERACTOR] 2
[SOLUTION → INTERACTOR] BUILD_CABLE 0 1
[SOLUTION → INTERACTOR] BUILD_DC 1
[INTERACTOR → SOLUTION] 8
[INTERACTOR → SOLUTION] 0 2 1 1 1
[SOLUTION → INTERACTOR] 0
[INTERACTOR → SOLUTION] 4
[INTERACTOR → SOLUTION] 3 2 1 1 1
[SOLUTION → INTERACTOR] 0
[INTERACTOR → SOLUTION] 8
[INTERACTOR → SOLUTION] 3 2 1 1 1
[SOLUTION → INTERACTOR] 0
[INTERACTOR → SOLUTION] 3
[INTERACTOR → SOLUTION] 3 2 1 1 1
[SOLUTION → INTERACTOR] 0
[INTERACTOR → SOLUTION] 5
[INTERACTOR → SOLUTION] 3 2 6 1 5
[SOLUTION → INTERACTOR] 0
[INTERACTOR → SOLUTION] 9
[INTERACTOR → SOLUTION] 3 6 7 1 5
[SOLUTION → INTERACTOR] 0
[INTERACTOR → SOLUTION] 8
[INTERACTOR → SOLUTION] 3 6 7 1 5
[SOLUTION → INTERACTOR] 0
[INTERACTOR → SOLUTION] 3
[INTERACTOR → SOLUTION] 3 6 7 1 5
[SOLUTION → INTERACTOR] 0
[INTERACTOR → SOLUTION] 3
[INTERACTOR → SOLUTION] 3 6 7 1 5
[SOLUTION → INTERACTOR] 0
[INTERACTOR → SOLUTION] 11
[INTERACTOR → SOLUTION] 3 7 7 1 5
[SOLUTION → INTERACTOR] 0
[INTERACTOR → SOLUTION] 11
[INTERACTOR → SOLUTION] 3 8 7 1 5
[SOLUTION → INTERACTOR] 0
[INTERACTOR → SOLUTION] 94
[INTERACTOR → SOLUTION] 2 9 25 26 14 17 27 28
[INTERACTOR → SOLUTION] 3 5 38 39 29 26 25 40
[INTERACTOR → SOLUTION] 4 4 47 48 41 39 38 49
[INTERACTOR → SOLUTION] 0 5 14 15 0 5 16 17
[INTERACTOR → SOLUTION] 1 10 29 30 18 15 14 26
[INTERACTOR → SOLUTION] 3 2 41 42 31 30 29 39
[INTERACTOR → SOLUTION] 1 10 50 51 43 42 41 48
[INTERACTOR → SOLUTION] 3 9 0 1 2 3 4 5
[INTERACTOR → SOLUTION] 2 11 18 19 6 1 0 15
[INTERACTOR → SOLUTION] 5 0 31 32 20 19 18 30
[INTERACTOR → SOLUTION] 4 12 43 44 33 32 31 42
[INTERACTOR → SOLUTION] 2 8 52 53 45 44 43 51
[INTERACTOR → SOLUTION] 1 4 6 7 8 9 2 1
[INTERACTOR → SOLUTION] 2 11 20 21 10 7 6 19
[INTERACTOR → SOLUTION] 4 3 33 34 22 21 20 32
[INTERACTOR → SOLUTION] 0 6 45 46 35 34 33 44
[INTERACTOR → SOLUTION] 3 3 10 11 12 13 8 7
[INTERACTOR → SOLUTION] 0 8 22 23 24 11 10 21
[INTERACTOR → SOLUTION] 0 6 35 36 37 23 22 34
[INTERACTOR → SOLUTION] C0 2 8 13
[INTERACTOR → SOLUTION] C1 2 36 37
[INTERACTOR → SOLUTION] C2 2 11 24
[INTERACTOR → SOLUTION] C3 2 38 40
[INTERACTOR → SOLUTION] C4 2 47 48
[INTERACTOR → SOLUTION] C31 8 27 28 45 53 16 17 2 3
[SOLUTION → INTERACTOR] START
[SOLUTION → INTERACTOR] BUILD_DC 1
[SOLUTION → INTERACTOR] BUILD_DC 14
[SOLUTION → INTERACTOR] BUILD_CABLE 1 0
[SOLUTION → INTERACTOR] BUILD_CABLE 14 26
[INTERACTOR → SOLUTION] 7
[INTERACTOR → SOLUTION] 0 0 0 0 0
[SOLUTION → INTERACTOR] 0
[INTERACTOR → SOLUTION] 7
[INTERACTOR → SOLUTION] 0 0 0 0 0
[SOLUTION → INTERACTOR] 0
[INTERACTOR → SOLUTION] 9
[INTERACTOR → SOLUTION] 0 0 1 1 0
[SOLUTION → INTERACTOR] 0
[INTERACTOR → SOLUTION] 8
[INTERACTOR → SOLUTION] 0 0 1 1 0
[SOLUTION → INTERACTOR] 0
[INTERACTOR → SOLUTION] 3
[INTERACTOR → SOLUTION] 0 0 1 1 0
[SOLUTION → INTERACTOR] 0
[INTERACTOR → SOLUTION] 9
[INTERACTOR → SOLUTION] 0 0 2 2 0
[SOLUTION → INTERACTOR] 0
[INTERACTOR → SOLUTION] 12
[INTERACTOR → SOLUTION] 0 0 2 2 0
[SOLUTION → INTERACTOR] 0
[INTERACTOR → SOLUTION] 4
[INTERACTOR → SOLUTION] 0 1 2 2 0
[SOLUTION → INTERACTOR] 0
[INTERACTOR → SOLUTION] 8
[INTERACTOR → SOLUTION] 0 1 2 2 0
[SOLUTION → INTERACTOR] 0
[INTERACTOR → SOLUTION] 11
[INTERACTOR → SOLUTION] 0 1 3 2 0
[SOLUTION → INTERACTOR] 0
[INTERACTOR → SOLUTION] 9
[INTERACTOR → SOLUTION] 0 1 4 3 0
[SOLUTION → INTERACTOR] 0
[INTERACTOR → SOLUTION] 2
[INTERACTOR → SOLUTION] 0 1 4 3 0
[SOLUTION → INTERACTOR] 0
[INTERACTOR → SOLUTION] 3
[INTERACTOR → SOLUTION] 0 1 4 3 0
[SOLUTION → INTERACTOR] 0
[INTERACTOR → SOLUTION] 9
[INTERACTOR → SOLUTION] 0 1 5 4 0
[SOLUTION → INTERACTOR] 0
[INTERACTOR → SOLUTION] 10
[INTERACTOR → SOLUTION] 0 2 5 4 0
[SOLUTION → INTERACTOR] 0
[INTERACTOR → SOLUTION] 6
[INTERACTOR → SOLUTION] 0 2 5 4 0
[SOLUTION → INTERACTOR] 0
[INTERACTOR → SOLUTION] 5
[INTERACTOR → SOLUTION] 1 2 5 4 0
[SOLUTION → INTERACTOR] 1
[SOLUTION → INTERACTOR] BUILD_CABLE 0 5
[INTERACTOR → SOLUTION] 8
[INTERACTOR → SOLUTION] 0 1 5 4 0
[SOLUTION → INTERACTOR] 0
[INTERACTOR → SOLUTION] 8
[INTERACTOR → SOLUTION] 0 1 5 4 0
[SOLUTION → INTERACTOR] 0
[INTERACTOR → SOLUTION] 4
[INTERACTOR → SOLUTION] 0 2 5 4 0
[SOLUTION → INTERACTOR] 0
[INTERACTOR → SOLUTION] 9
[INTERACTOR → SOLUTION] 0 2 6 5 0
[SOLUTION → INTERACTOR] 0
[INTERACTOR → SOLUTION] 9
[INTERACTOR → SOLUTION] 0 2 7 6 0
[SOLUTION → INTERACTOR] 2
[SOLUTION → INTERACTOR] CONVERT 2 0
[SOLUTION → INTERACTOR] BUILD_DC 5
[INTERACTOR → SOLUTION] 4
[INTERACTOR → SOLUTION] 0 2 2 5 0
[SOLUTION → INTERACTOR] 0
[INTERACTOR → SOLUTION] 11
[INTERACTOR → SOLUTION] 0 2 3 5 0
[SOLUTION → INTERACTOR] 0
[INTERACTOR → SOLUTION] 11
[INTERACTOR → SOLUTION] 0 2 4 5 0
[SOLUTION → INTERACTOR] 0
[INTERACTOR → SOLUTION] 9
[INTERACTOR → SOLUTION] 0 2 5 7 0
[SOLUTION → INTERACTOR] 0
[INTERACTOR → SOLUTION] 5
[INTERACTOR → SOLUTION] 2 2 5 7 0
[SOLUTION → INTERACTOR] 2
[SOLUTION → INTERACTOR] BUILD_CABLE 26 25
[SOLUTION → INTERACTOR] BUILD_DC 25
[INTERACTOR → SOLUTION] 7
[INTERACTOR → SOLUTION] 0 0 4 6 0
[SOLUTION → INTERACTOR] 0
[INTERACTOR → SOLUTION] 2
[INTERACTOR → SOLUTION] 0 0 4 6 0
[SOLUTION → INTERACTOR] 0
[INTERACTOR → SOLUTION] 5
[INTERACTOR → SOLUTION] 2 0 4 7 0
[SOLUTION → INTERACTOR] 0
[INTERACTOR → SOLUTION] 7
[INTERACTOR → SOLUTION] 2 0 4 7 0
[SOLUTION → INTERACTOR] 0
[INTERACTOR → SOLUTION] 6
[INTERACTOR → SOLUTION] 2 0 4 7 0
[SOLUTION → INTERACTOR] 0
[INTERACTOR → SOLUTION] 8
[INTERACTOR → SOLUTION] 2 0 4 7 0
[SOLUTION → INTERACTOR] 0
[INTERACTOR → SOLUTION] 4
[INTERACTOR → SOLUTION] 2 1 4 7 0
[SOLUTION → INTERACTOR] 1
[SOLUTION → INTERACTOR] BUILD_CABLE 26 29
[INTERACTOR → SOLUTION] 3
[INTERACTOR → SOLUTION] 1 0 4 7 0
[SOLUTION → INTERACTOR] 0
[INTERACTOR → SOLUTION] 5
[INTERACTOR → SOLUTION] 3 0 4 8 0
[SOLUTION → INTERACTOR] 0
[INTERACTOR → SOLUTION] 5
[INTERACTOR → SOLUTION] 5 0 4 9 0
[SOLUTION → INTERACTOR] 0
[INTERACTOR → SOLUTION] 10
[INTERACTOR → SOLUTION] 5 1 4 9 0
[SOLUTION → INTERACTOR] 1
[SOLUTION → INTERACTOR] BUILD_DC 29
[INTERACTOR → SOLUTION] 12
[INTERACTOR → SOLUTION] 4 0 3 8 0
[SOLUTION → INTERACTOR] 0
[INTERACTOR → SOLUTION] 8
[INTERACTOR → SOLUTION] 4 0 3 8 0
[SOLUTION → INTERACTOR] 0
[INTERACTOR → SOLUTION] 7
[INTERACTOR → SOLUTION] 4 0 3 8 0
[SOLUTION → INTERACTOR] 0
[INTERACTOR → SOLUTION] 10
[INTERACTOR → SOLUTION] 4 2 3 8 0
[SOLUTION → INTERACTOR] 2
[SOLUTION → INTERACTOR] BUILD_CABLE 1 2
[SOLUTION → INTERACTOR] BUILD_CABLE 2 3
[INTERACTOR → SOLUTION] 7
[INTERACTOR → SOLUTION] 2 0 3 8 0
[SOLUTION → INTERACTOR] 0
[INTERACTOR → SOLUTION] 5
[INTERACTOR → SOLUTION] 4 0 3 10 0
[SOLUTION → INTERACTOR] 0
[INTERACTOR → SOLUTION] 4
[INTERACTOR → SOLUTION] 4 1 3 10 0
[SOLUTION → INTERACTOR] 1
[SOLUTION → INTERACTOR] BUILD_DC 3
[INTERACTOR → SOLUTION] 9
[INTERACTOR → SOLUTION] 3 0 4 12 0
[SOLUTION → INTERACTOR] 0
[INTERACTOR → SOLUTION] 11
[INTERACTOR → SOLUTION] 3 0 5 12 0
[SOLUTION → INTERACTOR] 0
[INTERACTOR → SOLUTION] 3
[INTERACTOR → SOLUTION] 3 0 5 12 0
[SOLUTION → INTERACTOR] 0
[INTERACTOR → SOLUTION] 3
[INTERACTOR → SOLUTION] 3 0 5 12 0
[SOLUTION → INTERACTOR] 0
[INTERACTOR → SOLUTION] 5
[INTERACTOR → SOLUTION] 5 0 5 14 0
[SOLUTION → INTERACTOR] 0
[INTERACTOR → SOLUTION] 5
[INTERACTOR → SOLUTION] 7 0 5 16 0
[SOLUTION → INTERACTOR] 2
[SOLUTION → INTERACTOR] CONVERT 0 1
[SOLUTION → INTERACTOR] BUILD_CABLE 14 17
[INTERACTOR → SOLUTION] 7
[INTERACTOR → SOLUTION] 3 0 5 16 0
[SOLUTION → INTERACTOR] 0
[INTERACTOR → SOLUTION] 9
[INTERACTOR → SOLUTION] 3 0 7 19 0
[SOLUTION → INTERACTOR] 2
[SOLUTION → INTERACTOR] CONVERT 2 1
[SOLUTION → INTERACTOR] BUILD_CABLE 17 27
[INTERACTOR → SOLUTION] 7
[INTERACTOR → SOLUTION] 2 0 4 19 0
[SOLUTION → INTERACTOR] 0
[INTERACTOR → SOLUTION] 5
[INTERACTOR → SOLUTION] 4 0 4 21 0
[SOLUTION → INTERACTOR] 0
[INTERACTOR → SOLUTION] 3
[INTERACTOR → SOLUTION] 4 0 4 21 0
[SOLUTION → INTERACTOR] 0
[INTERACTOR → SOLUTION] 7
[INTERACTOR → SOLUTION] 4 0 4 21 0
[SOLUTION → INTERACTOR] 0
[INTERACTOR → SOLUTION] 7
[INTERACTOR → SOLUTION] 4 0 4 21 0
[SOLUTION → INTERACTOR] 0
[INTERACTOR → SOLUTION] 4
[INTERACTOR → SOLUTION] 4 1 4 21 0
[SOLUTION → INTERACTOR] 1
[SOLUTION → INTERACTOR] BUILD_DC 27
[INTERACTOR → SOLUTION] 10
[INTERACTOR → SOLUTION] 3 2 3 20 0
[SOLUTION → INTERACTOR] 2
[SOLUTION → INTERACTOR] BUILD_CABLE 1 6
[SOLUTION → INTERACTOR] BUILD_CABLE 6 7
[INTERACTOR → SOLUTION] 8
[INTERACTOR → SOLUTION] 1 0 3 20 0
[SOLUTION → INTERACTOR] 0
[INTERACTOR → SOLUTION] 5
[INTERACTOR → SOLUTION] 3 0 3 22 0
[SOLUTION → INTERACTOR] 0
[INTERACTOR → SOLUTION] 7
[INTERACTOR → SOLUTION] 3 0 3 22 0
[SOLUTION → INTERACTOR] 0
[INTERACTOR → SOLUTION] 5
[INTERACTOR → SOLUTION] 5 0 3 24 0
[SOLUTION → INTERACTOR] 0
[INTERACTOR → SOLUTION] 7
[INTERACTOR → SOLUTION] 5 0 3 24 0
[SOLUTION → INTERACTOR] 0
[INTERACTOR → SOLUTION] 9
[INTERACTOR → SOLUTION] 5 0 6 27 0
[SOLUTION → INTERACTOR] 2
[SOLUTION → INTERACTOR] CONVERT 2 1
[SOLUTION → INTERACTOR] BUILD_DC 7
[INTERACTOR → SOLUTION] 6
[INTERACTOR → SOLUTION] 4 0 2 26 0
[SOLUTION → INTERACTOR] 0
[INTERACTOR → SOLUTION] 4
[INTERACTOR → SOLUTION] 4 2 2 26 0
[SOLUTION → INTERACTOR] 2
[SOLUTION → INTERACTOR] BUILD_CABLE 7 10
[SOLUTION → INTERACTOR] BUILD_CABLE 10 21
[INTERACTOR → SOLUTION] 11
[INTERACTOR → SOLUTION] 2 0 4 26 0
[SOLUTION → INTERACTOR] 0
[INTERACTOR → SOLUTION] 4
[INTERACTOR → SOLUTION] 2 2 4 26 0
[SOLUTION → INTERACTOR] 2
[SOLUTION → INTERACTOR] BUILD_DC 21
[SOLUTION → INTERACTOR] BUILD_CABLE 10 11
[INTERACTOR → SOLUTION] 7
[INTERACTOR → SOLUTION] 0 0 3 25 0
[SOLUTION → INTERACTOR] 0
[INTERACTOR → SOLUTION] 7
[INTERACTOR → SOLUTION] 0 0 3 25 0
[SOLUTION → INTERACTOR] 0
[INTERACTOR → SOLUTION] 3
[INTERACTOR → SOLUTION] 0 0 3 26 1
[SOLUTION → INTERACTOR] 0
[INTERACTOR → SOLUTION] 4
[INTERACTOR → SOLUTION] 0 2 3 26 1
[SOLUTION → INTERACTOR] 0
[INTERACTOR → SOLUTION] 4
[INTERACTOR → SOLUTION] 0 4 3 26 1
[SOLUTION → INTERACTOR] 0
[INTERACTOR → SOLUTION] 12
[INTERACTOR → SOLUTION] 0 4 3 26 1
[SOLUTION → INTERACTOR] 0
[INTERACTOR → SOLUTION] 7
[INTERACTOR → SOLUTION] 0 4 3 26 1
[SOLUTION → INTERACTOR] 0
[INTERACTOR → SOLUTION] 9
[INTERACTOR → SOLUTION] 0 4 6 29 1
[SOLUTION → INTERACTOR] 2
[SOLUTION → INTERACTOR] CONVERT 2 0
[SOLUTION → INTERACTOR] BUILD_DC 11
[INTERACTOR → SOLUTION] 9
[INTERACTOR → SOLUTION] 0 3 5 31 1
[SOLUTION → INTERACTOR] 2
[SOLUTION → INTERACTOR] CONVERT 2 0
[SOLUTION → INTERACTOR] BUILD_CABLE 21 22
[INTERACTOR → SOLUTION] 7
[INTERACTOR → SOLUTION] 0 2 3 31 1
[SOLUTION → INTERACTOR] 0
[INTERACTOR → SOLUTION] 5
[INTERACTOR → SOLUTION] 2 2 3 33 1
[SOLUTION → INTERACTOR] 2
[SOLUTION → INTERACTOR] BUILD_CABLE 22 34
[SOLUTION → INTERACTOR] BUILD_DC 34
[INTERACTOR → SOLUTION] 7
[INTERACTOR → SOLUTION] 0 0 2 32 1
[SOLUTION → INTERACTOR] 0
[INTERACTOR → SOLUTION] 10
[INTERACTOR → SOLUTION] 0 2 2 32 1
[SOLUTION → INTERACTOR] 0
[INTERACTOR → SOLUTION] 4
[INTERACTOR → SOLUTION] 0 4 2 32 1
[SOLUTION → INTERACTOR] 0
[INTERACTOR → SOLUTION] 7
[INTERACTOR → SOLUTION] 0 4 2 32 1
[SOLUTION → INTERACTOR] 0
[INTERACTOR → SOLUTION] 5
[INTERACTOR → SOLUTION] 2 4 2 34 1
[SOLUTION → INTERACTOR] 0
[INTERACTOR → SOLUTION] 7
[INTERACTOR → SOLUTION] 2 4 2 34 1
[SOLUTION → INTERACTOR] 0
[INTERACTOR → SOLUTION] 5
[INTERACTOR → SOLUTION] 4 4 2 36 1
[SOLUTION → INTERACTOR] 0
[INTERACTOR → SOLUTION] 8
[INTERACTOR → SOLUTION] 6 4 2 36 1
[SOLUTION → INTERACTOR] 0
[INTERACTOR → SOLUTION] 4
[INTERACTOR → SOLUTION] 6 6 2 36 1
[SOLUTION → INTERACTOR] 0
[INTERACTOR → SOLUTION] 4
[INTERACTOR → SOLUTION] 6 8 2 36 1
[SOLUTION → INTERACTOR] 0
[INTERACTOR → SOLUTION] 6
[INTERACTOR → SOLUTION] 8 8 2 36 1
[SOLUTION → INTERACTOR] 0
[INTERACTOR → SOLUTION] 6
[INTERACTOR → SOLUTION] 10 8 2 36 1
[SOLUTION → INTERACTOR] 0
[INTERACTOR → SOLUTION] 10
[INTERACTOR → SOLUTION] 10 10 2 36 1
[SOLUTION → INTERACTOR] 0
[INTERACTOR → SOLUTION] 89
[INTERACTOR → SOLUTION] 1 5 25 26 14 17 27 28
[INTERACTOR → SOLUTION] 0 4 38 39 29 26 25 40
[INTERACTOR → SOLUTION] 3 10 47 48 41 39 38 49
[INTERACTOR → SOLUTION] 4 9 14 15 0 5 16 17
[INTERACTOR → SOLUTION] 2 5 29 30 18 15 14 26
[INTERACTOR → SOLUTION] 3 11 41 42 31 30 29 39
[INTERACTOR → SOLUTION] 3 10 50 51 43 42 41 48
[INTERACTOR → SOLUTION] 2 11 0 1 2 3 4 5
[INTERACTOR → SOLUTION] 1 12 18 19 6 1 0 15
[INTERACTOR → SOLUTION] 5 0 31 32 20 19 18 30
[INTERACTOR → SOLUTION] 1 3 43 44 33 32 31 42
[INTERACTOR → SOLUTION] 4 3 52 53 45 44 43 51
[INTERACTOR → SOLUTION] 0 9 6 7 8 9 2 1
[INTERACTOR → SOLUTION] 2 4 20 21 10 7 6 19
[INTERACTOR → SOLUTION] 2 2 33 34 22 21 20 32
[INTERACTOR → SOLUTION] 0 6 45 46 35 34 33 44
[INTERACTOR → SOLUTION] 0 6 10 11 12 13 8 7
[INTERACTOR → SOLUTION] 3 8 22 23 24 11 10 21
[INTERACTOR → SOLUTION] 4 8 35 36 37 23 22 34
[INTERACTOR → SOLUTION] C0 2 38 40
[INTERACTOR → SOLUTION] C1 2 5 16
[INTERACTOR → SOLUTION] C2 2 25 28
[INTERACTOR → SOLUTION] C3 2 11 24
[INTERACTOR → SOLUTION] C4 2 35 46
[INTERACTOR → SOLUTION] C31 8 17 27 36 37 47 49 8 9
[SOLUTION → INTERACTOR] START
[SOLUTION → INTERACTOR] BUILD_DC 10
[SOLUTION → INTERACTOR] BUILD_DC 26
[SOLUTION → INTERACTOR] BUILD_CABLE 10 7
[SOLUTION → INTERACTOR] BUILD_CABLE 26 14
[INTERACTOR → SOLUTION] 9
[INTERACTOR → SOLUTION] 0 0 0 0 0
[SOLUTION → INTERACTOR] 0
[INTERACTOR → SOLUTION] 12
[INTERACTOR → SOLUTION] 0 0 0 0 0
[SOLUTION → INTERACTOR] 0
[INTERACTOR → SOLUTION] 9
[INTERACTOR → SOLUTION] 0 0 0 0 0
[SOLUTION → INTERACTOR] 0
[INTERACTOR → SOLUTION] 7
[INTERACTOR → SOLUTION] 0 0 0 0 0
[SOLUTION → INTERACTOR] 0
[INTERACTOR → SOLUTION] 3
[INTERACTOR → SOLUTION] 0 0 0 0 0
[SOLUTION → INTERACTOR] 0
[INTERACTOR → SOLUTION] 7
[INTERACTOR → SOLUTION] 0 0 0 0 0
[SOLUTION → INTERACTOR] 0
[INTERACTOR → SOLUTION] 7
[INTERACTOR → SOLUTION] 0 0 0 0 0
[SOLUTION → INTERACTOR] 0
[INTERACTOR → SOLUTION] 8
[INTERACTOR → SOLUTION] 0 0 0 1 0
[SOLUTION → INTERACTOR] 0
[INTERACTOR → SOLUTION] 7
[INTERACTOR → SOLUTION] 0 0 0 1 0
[SOLUTION → INTERACTOR] 0
[INTERACTOR → SOLUTION] 2
[INTERACTOR → SOLUTION] 0 0 0 1 0
[SOLUTION → INTERACTOR] 0
[INTERACTOR → SOLUTION] 8
[INTERACTOR → SOLUTION] 0 0 0 2 0
[SOLUTION → INTERACTOR] 0
[INTERACTOR → SOLUTION] 12
[INTERACTOR → SOLUTION] 0 0 0 2 0
[SOLUTION → INTERACTOR] 0
[INTERACTOR → SOLUTION] 6
[INTERACTOR → SOLUTION] 1 0 0 2 0
[SOLUTION → INTERACTOR] 0
[INTERACTOR → SOLUTION] 8
[INTERACTOR → SOLUTION] 1 0 0 3 0
[SOLUTION → INTERACTOR] 0
[INTERACTOR → SOLUTION] 8
[INTERACTOR → SOLUTION] 1 0 0 4 0
[SOLUTION → INTERACTOR] 0
[INTERACTOR → SOLUTION] 4
[INTERACTOR → SOLUTION] 2 0 1 4 0
[SOLUTION → INTERACTOR] 0
[INTERACTOR → SOLUTION] 8
[INTERACTOR → SOLUTION] 2 0 1 5 0
[SOLUTION → INTERACTOR] 0
[INTERACTOR → SOLUTION] 9
[INTERACTOR → SOLUTION] 2 0 1 5 0
[SOLUTION → INTERACTOR] 0
[INTERACTOR → SOLUTION] 5
[INTERACTOR → SOLUTION] 2 1 2 5 0
[SOLUTION → INTERACTOR] 1
[SOLUTION → INTERACTOR] BUILD_CABLE 7 8
[INTERACTOR → SOLUTION] 4
[INTERACTOR → SOLUTION] 2 0 3 5 0
[SOLUTION → INTERACTOR] 0
[INTERACTOR → SOLUTION] 8
[INTERACTOR → SOLUTION] 2 0 3 6 0
[SOLUTION → INTERACTOR] 0
[INTERACTOR → SOLUTION] 4
[INTERACTOR → SOLUTION] 3 0 4 6 0
[SOLUTION → INTERACTOR] 0
[INTERACTOR → SOLUTION] 8
[INTERACTOR → SOLUTION] 3 0 4 7 0
[SOLUTION → INTERACTOR] 0
[INTERACTOR → SOLUTION] 9
[INTERACTOR → SOLUTION] 3 0 4 7 0
[SOLUTION → INTERACTOR] 0
[INTERACTOR → SOLUTION] 10
[INTERACTOR → SOLUTION] 3 0 4 7 0
[SOLUTION → INTERACTOR] 0
[INTERACTOR → SOLUTION] 12
[INTERACTOR → SOLUTION] 3 0 4 7 0
[SOLUTION → INTERACTOR] 0
[INTERACTOR → SOLUTION] 9
[INTERACTOR → SOLUTION] 3 0 4 7 0
[SOLUTION → INTERACTOR] 0
[INTERACTOR → SOLUTION] 5
[INTERACTOR → SOLUTION] 3 1 5 7 0
[SOLUTION → INTERACTOR] 1
[SOLUTION → INTERACTOR] BUILD_DC 8
[INTERACTOR → SOLUTION] 8
[INTERACTOR → SOLUTION] 2 0 4 7 0
[SOLUTION → INTERACTOR] 0
[INTERACTOR → SOLUTION] 8
[INTERACTOR → SOLUTION] 2 0 4 8 0
[SOLUTION → INTERACTOR] 0
[INTERACTOR → SOLUTION] 8
[INTERACTOR → SOLUTION] 2 0 4 9 0
[SOLUTION → INTERACTOR] 0
[INTERACTOR → SOLUTION] 8
[INTERACTOR → SOLUTION] 2 0 4 10 0
[SOLUTION → INTERACTOR] 0
[INTERACTOR → SOLUTION] 3
[INTERACTOR → SOLUTION] 2 0 4 10 0
[SOLUTION → INTERACTOR] 0
[INTERACTOR → SOLUTION] 5
[INTERACTOR → SOLUTION] 2 1 5 10 0
[SOLUTION → INTERACTOR] 1
[SOLUTION → INTERACTOR] BUILD_CABLE 14 17
[INTERACTOR → SOLUTION] 2
[INTERACTOR → SOLUTION] 1 0 5 10 0
[SOLUTION → INTERACTOR] 0
[INTERACTOR → SOLUTION] 9
[INTERACTOR → SOLUTION] 2 0 5 10 0
[SOLUTION → INTERACTOR] 0
[INTERACTOR → SOLUTION] 5
[INTERACTOR → SOLUTION] 2 1 6 10 0
[SOLUTION → INTERACTOR] 1
[SOLUTION → INTERACTOR] BUILD_DC 17
[INTERACTOR → SOLUTION] 11
[INTERACTOR → SOLUTION] 1 0 5 9 0
[SOLUTION → INTERACTOR] 0
[INTERACTOR → SOLUTION] 7
[INTERACTOR → SOLUTION] 1 0 5 9 0
[SOLUTION → INTERACTOR] 0
[INTERACTOR → SOLUTION] 5
[INTERACTOR → SOLUTION] 1 2 6 9 0
[SOLUTION → INTERACTOR] 3
[SOLUTION → INTERACTOR] BUILD_CABLE 14 15
[SOLUTION → INTERACTOR] CONVERT 2 0
[SOLUTION → INTERACTOR] BUILD_DC 15
[INTERACTOR → SOLUTION] 9
[INTERACTOR → SOLUTION] 1 0 2 8 2
[SOLUTION → INTERACTOR] 0
[INTERACTOR → SOLUTION] 5
[INTERACTOR → SOLUTION] 1 2 4 8 2
[SOLUTION → INTERACTOR] 1
[SOLUTION → INTERACTOR] BUILD_CABLE 7 6
[INTERACTOR → SOLUTION] 6
[INTERACTOR → SOLUTION] 2 1 4 8 2
[SOLUTION → INTERACTOR] 1
[SOLUTION → INTERACTOR] BUILD_DC 6
[INTERACTOR → SOLUTION] 7
[INTERACTOR → SOLUTION] 1 0 3 7 2
[SOLUTION → INTERACTOR] 0
[INTERACTOR → SOLUTION] 2
[INTERACTOR → SOLUTION] 1 0 3 7 2
[SOLUTION → INTERACTOR] 0
[INTERACTOR → SOLUTION] 7
[INTERACTOR → SOLUTION] 1 0 3 7 2
[SOLUTION → INTERACTOR] 0
[INTERACTOR → SOLUTION] 9
[INTERACTOR → SOLUTION] 3 0 3 7 4
[SOLUTION → INTERACTOR] 1
[SOLUTION → INTERACTOR] UPGRADE_DC 10
[INTERACTOR → SOLUTION] 5
[INTERACTOR → SOLUTION] 3 2 5 5 1
[SOLUTION → INTERACTOR] 2
[SOLUTION → INTERACTOR] BUILD_CABLE 10 21
[SOLUTION → INTERACTOR] BUILD_CABLE 21 22
[INTERACTOR → SOLUTION] 6
[INTERACTOR → SOLUTION] 4 0 5 5 1
[SOLUTION → INTERACTOR] 0
[INTERACTOR → SOLUTION] 3
[INTERACTOR → SOLUTION] 4 0 5 5 1
[SOLUTION → INTERACTOR] 0
[INTERACTOR → SOLUTION] 5
[INTERACTOR → SOLUTION] 4 2 7 5 1
[SOLUTION → INTERACTOR] 4
[SOLUTION → INTERACTOR] BUILD_DC 22
[SOLUTION → INTERACTOR] BUILD_CABLE 22 23
[SOLUTION → INTERACTOR] CONVERT 2 1
[SOLUTION → INTERACTOR] BUILD_CABLE 23 37
[INTERACTOR → SOLUTION] 10
[INTERACTOR → SOLUTION] 1 0 3 4 1
[SOLUTION → INTERACTOR] 0
[INTERACTOR → SOLUTION] 5
[INTERACTOR → SOLUTION] 1 2 5 4 1
[SOLUTION → INTERACTOR] 1
[SOLUTION → INTERACTOR] BUILD_DC 37
[INTERACTOR → SOLUTION] 7
[INTERACTOR → SOLUTION] 0 1 4 3 1
[SOLUTION → INTERACTOR] 0
[INTERACTOR → SOLUTION] 7
[INTERACTOR → SOLUTION] 0 1 4 3 1
[SOLUTION → INTERACTOR] 0
[INTERACTOR → SOLUTION] 3
[INTERACTOR → SOLUTION] 0 1 4 3 1
[SOLUTION → INTERACTOR] 0
[INTERACTOR → SOLUTION] 10
[INTERACTOR → SOLUTION] 0 1 4 3 1
[SOLUTION → INTERACTOR] 0
[INTERACTOR → SOLUTION] 7
[INTERACTOR → SOLUTION] 0 1 4 3 1
[SOLUTION → INTERACTOR] 0
[INTERACTOR → SOLUTION] 4
[INTERACTOR → SOLUTION] 1 1 7 3 1
[SOLUTION → INTERACTOR] 2
[SOLUTION → INTERACTOR] BUILD_CABLE 23 24
[SOLUTION → INTERACTOR] CONVERT 2 0
[INTERACTOR → SOLUTION] 4
[INTERACTOR → SOLUTION] 2 0 7 3 1
[SOLUTION → INTERACTOR] 2
[SOLUTION → INTERACTOR] CONVERT 2 1
[SOLUTION → INTERACTOR] BUILD_DC 24
[INTERACTOR → SOLUTION] 11
[INTERACTOR → SOLUTION] 1 0 3 2 1
[SOLUTION → INTERACTOR] 0
[INTERACTOR → SOLUTION] 5
[INTERACTOR → SOLUTION] 1 2 5 2 1
[SOLUTION → INTERACTOR] 1
[SOLUTION → INTERACTOR] BUILD_CABLE 22 34
[INTERACTOR → SOLUTION] 2
[INTERACTOR → SOLUTION] 0 1 6 2 1
[SOLUTION → INTERACTOR] 2
[SOLUTION → INTERACTOR] CONVERT 2 0
[SOLUTION → INTERACTOR] BUILD_CABLE 34 35
[INTERACTOR → SOLUTION] 5
[INTERACTOR → SOLUTION] 0 2 5 2 1
[SOLUTION → INTERACTOR] 0
[INTERACTOR → SOLUTION] 9
[INTERACTOR → SOLUTION] 2 2 5 2 3
[SOLUTION → INTERACTOR] 2
[SOLUTION → INTERACTOR] BUILD_DC 35
[SOLUTION → INTERACTOR] BUILD_CABLE 34 33
[INTERACTOR → SOLUTION] 5
[INTERACTOR → SOLUTION] 0 2 6 1 3
[SOLUTION → INTERACTOR] 2
[SOLUTION → INTERACTOR] CONVERT 2 0
[SOLUTION → INTERACTOR] BUILD_DC 33
[INTERACTOR → SOLUTION] 8
[INTERACTOR → SOLUTION] 0 1 2 4 6
[SOLUTION → INTERACTOR] 2
[SOLUTION → INTERACTOR] UPGRADE_DC 26
[SOLUTION → INTERACTOR] UPGRADE_DC 22
[INTERACTOR → SOLUTION] 7
[INTERACTOR → SOLUTION] 0 1 2 0 0
[SOLUTION → INTERACTOR] 0
[INTERACTOR → SOLUTION] 11
[INTERACTOR → SOLUTION] 0 1 2 0 0
[SOLUTION → INTERACTOR] 0
[INTERACTOR → SOLUTION] 9
[INTERACTOR → SOLUTION] 2 1 2 0 2
[SOLUTION → INTERACTOR] 1
[SOLUTION → INTERACTOR] BUILD_CABLE 21 20
[INTERACTOR → SOLUTION] 4
[INTERACTOR → SOLUTION] 3 0 5 0 2
[SOLUTION → INTERACTOR] 0
[INTERACTOR → SOLUTION] 5
[INTERACTOR → SOLUTION] 3 3 8 0 2
[SOLUTION → INTERACTOR] 4
[SOLUTION → INTERACTOR] CONVERT 2 3
[SOLUTION → INTERACTOR] BUILD_DC 20
[SOLUTION → INTERACTOR] BUILD_CABLE 26 29
[SOLUTION → INTERACTOR] BUILD_CABLE 29 39
[INTERACTOR → SOLUTION] 4
[INTERACTOR → SOLUTION] 2 0 8 0 2
[SOLUTION → INTERACTOR] 2
[SOLUTION → INTERACTOR] CONVERT 2 1
[SOLUTION → INTERACTOR] BUILD_CABLE 39 41
[INTERACTOR → SOLUTION] 8
[INTERACTOR → SOLUTION] 1 0 5 5 6
[SOLUTION → INTERACTOR] 2
[SOLUTION → INTERACTOR] UPGRADE_DC 35
[SOLUTION → INTERACTOR] UPGRADE_DC 8
[INTERACTOR → SOLUTION] 8
[INTERACTOR → SOLUTION] 1 0 5 6 5
[SOLUTION → INTERACTOR] 1
[SOLUTION → INTERACTOR] UPGRADE_DC 15
[INTERACTOR → SOLUTION] 10
[INTERACTOR → SOLUTION] 1 0 5 4 2
[SOLUTION → INTERACTOR] 0
[INTERACTOR → SOLUTION] 7
[INTERACTOR → SOLUTION] 1 0 5 4 2
[SOLUTION → INTERACTOR] 0
[INTERACTOR → SOLUTION] 6
[INTERACTOR → SOLUTION] 8 0 5 4 2
[SOLUTION → INTERACTOR] 2
[SOLUTION → INTERACTOR] CONVERT 0 1
[SOLUTION → INTERACTOR] BUILD_DC 39
[INTERACTOR → SOLUTION] 2
[INTERACTOR → SOLUTION] 4 0 8 3 2
[SOLUTION → INTERACTOR] 2
[SOLUTION → INTERACTOR] CONVERT 2 1
[SOLUTION → INTERACTOR] BUILD_CABLE 41 42
[INTERACTOR → SOLUTION] 3
[INTERACTOR → SOLUTION] 3 1 5 3 2
[SOLUTION → INTERACTOR] 1
[SOLUTION → INTERACTOR] BUILD_DC 42
[INTERACTOR → SOLUTION] 10
[INTERACTOR → SOLUTION] 2 0 4 4 2
[SOLUTION → INTERACTOR] 0
[INTERACTOR → SOLUTION] 3
[INTERACTOR → SOLUTION] 2 2 4 4 2
[SOLUTION → INTERACTOR] 0
[INTERACTOR → SOLUTION] 7
[INTERACTOR → SOLUTION] 2 2 4 4 2
[SOLUTION → INTERACTOR] 0
[INTERACTOR → SOLUTION] 9
[INTERACTOR → SOLUTION] 5 2 4 4 5
[SOLUTION → INTERACTOR] 1
[SOLUTION → INTERACTOR] UPGRADE_DC 17
[INTERACTOR → SOLUTION] 8
[INTERACTOR → SOLUTION] 5 2 4 7 7
[SOLUTION → INTERACTOR] 2
[SOLUTION → INTERACTOR] UPGRADE_DC 6
[SOLUTION → INTERACTOR] UPGRADE_DC 33
[INTERACTOR → SOLUTION] 7
[INTERACTOR → SOLUTION] 5 2 4 3 1
[SOLUTION → INTERACTOR] 0
[INTERACTOR → SOLUTION] 8
[INTERACTOR → SOLUTION] 5 2 4 8 6
[SOLUTION → INTERACTOR] 2
[SOLUTION → INTERACTOR] UPGRADE_DC 39
[SOLUTION → INTERACTOR] UPGRADE_DC 42
[INTERACTOR → SOLUTION] 5
[INTERACTOR → SOLUTION] 5 6 8 4 0
[SOLUTION → INTERACTOR] 0
[INTERACTOR → SOLUTION] 7
[INTERACTOR → SOLUTION] 5 6 8 4 0
[SOLUTION → INTERACTOR] 0
[INTERACTOR → SOLUTION] 80
[INTERACTOR → SOLUTION] 4 10 25 26 14 17 27 28
[INTERACTOR → SOLUTION] 3 5 38 39 29 26 25 40
[INTERACTOR → SOLUTION] 0 9 47 48 41 39 38 49
[INTERACTOR → SOLUTION] 1 4 14 15 0 5 16 17
[INTERACTOR → SOLUTION] 2 5 29 30 18 15 14 26
[INTERACTOR → SOLUTION] 0 4 41 42 31 30 29 39
[INTERACTOR → SOLUTION] 5 0 50 51 43 42 41 48
[INTERACTOR → SOLUTION] 4 11 0 1 2 3 4 5
[INTERACTOR → SOLUTION] 3 12 18 19 6 1 0 15
[INTERACTOR → SOLUTION] 3 3 31 32 20 19 18 30
[INTERACTOR → SOLUTION] 3 9 43 44 33 32 31 42
[INTERACTOR → SOLUTION] 1 8 52 53 45 44 43 51
[INTERACTOR → SOLUTION] 0 2 6 7 8 9 2 1
[INTERACTOR → SOLUTION] 2 11 20 21 10 7 6 19
[INTERACTOR → SOLUTION] 2 10 33 34 22 21 20 32
[INTERACTOR → SOLUTION] 4 6 45 46 35 34 33 44
[INTERACTOR → SOLUTION] 0 3 10 11 12 13 8 7
[INTERACTOR → SOLUTION] 2 8 22 23 24 11 10 21
[INTERACTOR → SOLUTION] 1 6 35 36 37 23 22 34
[INTERACTOR → SOLUTION] C0 2 25 40
[INTERACTOR → SOLUTION] C1 2 35 46
[INTERACTOR → SOLUTION] C2 2 48 50
[INTERACTOR → SOLUTION] C3 2 23 24
[INTERACTOR → SOLUTION] C4 2 2 3
[INTERACTOR → SOLUTION] C31 8 38 49 16 17 51 52 27 28
[SOLUTION → INTERACTOR] START
[SOLUTION → INTERACTOR] BUILD_DC 22
[SOLUTION → INTERACTOR] BUILD_DC 39
[SOLUTION → INTERACTOR] BUILD_CABLE 22 34
[SOLUTION → INTERACTOR] BUILD_CABLE 39 29
[INTERACTOR → SOLUTION] 6
[INTERACTOR → SOLUTION] 0 1 0 0 0
[SOLUTION → INTERACTOR] 0
[INTERACTOR → SOLUTION] 9
[INTERACTOR → SOLUTION] 1 1 0 0 0
[SOLUTION → INTERACTOR] 1
[SOLUTION → INTERACTOR] BUILD_CABLE 34 33
[INTERACTOR → SOLUTION] 10
[INTERACTOR → SOLUTION] 0 0 1 0 0
[SOLUTION → INTERACTOR] 0
[INTERACTOR → SOLUTION] 8
[INTERACTOR → SOLUTION] 0 0 2 0 0
[SOLUTION → INTERACTOR] 0
[INTERACTOR → SOLUTION] 3
[INTERACTOR → SOLUTION] 0 0 2 0 0
[SOLUTION → INTERACTOR] 0
[INTERACTOR → SOLUTION] 8
[INTERACTOR → SOLUTION] 0 0 3 0 0
[SOLUTION → INTERACTOR] 0
[INTERACTOR → SOLUTION] 5
[INTERACTOR → SOLUTION] 0 0 3 1 0
[SOLUTION → INTERACTOR] 0
[INTERACTOR → SOLUTION] 4
[INTERACTOR → SOLUTION] 1 0 3 1 0
[SOLUTION → INTERACTOR] 0
[INTERACTOR → SOLUTION] 5
[INTERACTOR → SOLUTION] 1 0 3 2 0
[SOLUTION → INTERACTOR] 0
[INTERACTOR → SOLUTION] 9
[INTERACTOR → SOLUTION] 2 0 3 2 0
[SOLUTION → INTERACTOR] 0
[INTERACTOR → SOLUTION] 8
[INTERACTOR → SOLUTION] 2 0 4 2 0
[SOLUTION → INTERACTOR] 0
[INTERACTOR → SOLUTION] 11
[INTERACTOR → SOLUTION] 2 0 4 2 0
[SOLUTION → INTERACTOR] 0
[INTERACTOR → SOLUTION] 10
[INTERACTOR → SOLUTION] 2 0 5 2 0
[SOLUTION → INTERACTOR] 0
[INTERACTOR → SOLUTION] 5
[INTERACTOR → SOLUTION] 2 0 5 3 0
[SOLUTION → INTERACTOR] 0
[INTERACTOR → SOLUTION] 11
[INTERACTOR → SOLUTION] 2 0 5 3 0
[SOLUTION → INTERACTOR] 0
[INTERACTOR → SOLUTION] 4
[INTERACTOR → SOLUTION] 3 0 5 3 0
[SOLUTION → INTERACTOR] 0
[INTERACTOR → SOLUTION] 7
[INTERACTOR → SOLUTION] 3 0 5 3 0
[SOLUTION → INTERACTOR] 0
[INTERACTOR → SOLUTION] 7
[INTERACTOR → SOLUTION] 3 0 5 3 0
[SOLUTION → INTERACTOR] 0
[INTERACTOR → SOLUTION] 5
[INTERACTOR → SOLUTION] 3 0 5 4 0
[SOLUTION → INTERACTOR] 0
[INTERACTOR → SOLUTION] 7
[INTERACTOR → SOLUTION] 3 0 5 4 0
[SOLUTION → INTERACTOR] 0
[INTERACTOR → SOLUTION] 4
[INTERACTOR → SOLUTION] 4 0 5 4 0
[SOLUTION → INTERACTOR] 0
[INTERACTOR → SOLUTION] 5
[INTERACTOR → SOLUTION] 4 0 5 5 0
[SOLUTION → INTERACTOR] 0
[INTERACTOR → SOLUTION] 6
[INTERACTOR → SOLUTION] 4 1 5 5 0
[SOLUTION → INTERACTOR] 1
[SOLUTION → INTERACTOR] BUILD_DC 33
[INTERACTOR → SOLUTION] 6
[INTERACTOR → SOLUTION] 3 1 4 4 1
[SOLUTION → INTERACTOR] 1
[SOLUTION → INTERACTOR] BUILD_CABLE 29 26
[INTERACTOR → SOLUTION] 7
[INTERACTOR → SOLUTION] 2 0 4 4 1
[SOLUTION → INTERACTOR] 0
[INTERACTOR → SOLUTION] 6
[INTERACTOR → SOLUTION] 2 1 4 4 2
[SOLUTION → INTERACTOR] 1
[SOLUTION → INTERACTOR] BUILD_DC 26
[INTERACTOR → SOLUTION] 8
[INTERACTOR → SOLUTION] 1 0 4 3 2
[SOLUTION → INTERACTOR] 0
[INTERACTOR → SOLUTION] 7
[INTERACTOR → SOLUTION] 1 0 4 3 2
[SOLUTION → INTERACTOR] 0
[INTERACTOR → SOLUTION] 10
[INTERACTOR → SOLUTION] 1 0 6 3 3
[SOLUTION → INTERACTOR] 1
[SOLUTION → INTERACTOR] UPGRADE_DC 22
[INTERACTOR → SOLUTION] 9
[INTERACTOR → SOLUTION] 2 0 6 2 0
[SOLUTION → INTERACTOR] 0
[INTERACTOR → SOLUTION] 6
[INTERACTOR → SOLUTION] 2 2 6 2 1
[SOLUTION → INTERACTOR] 2
[SOLUTION → INTERACTOR] BUILD_CABLE 34 35
[SOLUTION → INTERACTOR] BUILD_DC 35
[INTERACTOR → SOLUTION] 8
[INTERACTOR → SOLUTION] 0 0 7 1 1
[SOLUTION → INTERACTOR] 1
[SOLUTION → INTERACTOR] CONVERT 2 0
[INTERACTOR → SOLUTION] 9
[INTERACTOR → SOLUTION] 2 0 3 2 1
[SOLUTION → INTERACTOR] 0
[INTERACTOR → SOLUTION] 7
[INTERACTOR → SOLUTION] 2 0 3 2 1
[SOLUTION → INTERACTOR] 0
[INTERACTOR → SOLUTION] 12
[INTERACTOR → SOLUTION] 2 0 3 2 1
[SOLUTION → INTERACTOR] 0
[INTERACTOR → SOLUTION] 4
[INTERACTOR → SOLUTION] 3 0 3 2 1
[SOLUTION → INTERACTOR] 0
[INTERACTOR → SOLUTION] 5
[INTERACTOR → SOLUTION] 3 0 4 4 1
[SOLUTION → INTERACTOR] 0
[INTERACTOR → SOLUTION] 8
[INTERACTOR → SOLUTION] 3 0 6 4 1
[SOLUTION → INTERACTOR] 0
[INTERACTOR → SOLUTION] 3
[INTERACTOR → SOLUTION] 3 0 6 4 1
[SOLUTION → INTERACTOR] 0
[INTERACTOR → SOLUTION] 3
[INTERACTOR → SOLUTION] 3 0 6 4 1
[SOLUTION → INTERACTOR] 0
[INTERACTOR → SOLUTION] 8
[INTERACTOR → SOLUTION] 3 0 8 4 1
[SOLUTION → INTERACTOR] 2
[SOLUTION → INTERACTOR] CONVERT 2 1
[SOLUTION → INTERACTOR] BUILD_CABLE 29 30
[INTERACTOR → SOLUTION] 10
[INTERACTOR → SOLUTION] 2 0 7 4 2
[SOLUTION → INTERACTOR] 2
[SOLUTION → INTERACTOR] CONVERT 2 1
[SOLUTION → INTERACTOR] BUILD_DC 30
[INTERACTOR → SOLUTION] 7
[INTERACTOR → SOLUTION] 1 0 2 3 2
[SOLUTION → INTERACTOR] 0
[INTERACTOR → SOLUTION] 9
[INTERACTOR → SOLUTION] 2 0 2 4 2
[SOLUTION → INTERACTOR] 0
[INTERACTOR → SOLUTION] 9
[INTERACTOR → SOLUTION] 3 0 2 5 2
[SOLUTION → INTERACTOR] 0
[INTERACTOR → SOLUTION] 5
[INTERACTOR → SOLUTION] 3 0 4 7 2
[SOLUTION → INTERACTOR] 0
[INTERACTOR → SOLUTION] 8
[INTERACTOR → SOLUTION] 3 0 6 7 2
[SOLUTION → INTERACTOR] 0
[INTERACTOR → SOLUTION] 10
[INTERACTOR → SOLUTION] 3 0 9 7 3
[SOLUTION → INTERACTOR] 3
[SOLUTION → INTERACTOR] CONVERT 2 1
[SOLUTION → INTERACTOR] UPGRADE_DC 33
[SOLUTION → INTERACTOR] BUILD_CABLE 26 14
[INTERACTOR → SOLUTION] 6
[INTERACTOR → SOLUTION] 2 3 5 5 3
[SOLUTION → INTERACTOR] 3
[SOLUTION → INTERACTOR] UPGRADE_DC 39
[SOLUTION → INTERACTOR] BUILD_CABLE 14 17
[SOLUTION → INTERACTOR] BUILD_DC 17
[INTERACTOR → SOLUTION] 5
[INTERACTOR → SOLUTION] 0 1 6 5 0
[SOLUTION → INTERACTOR] 2
[SOLUTION → INTERACTOR] CONVERT 2 0
[SOLUTION → INTERACTOR] BUILD_CABLE 14 15
[INTERACTOR → SOLUTION] 7
[INTERACTOR → SOLUTION] 0 0 3 5 0
[SOLUTION → INTERACTOR] 0
[INTERACTOR → SOLUTION] 4
[INTERACTOR → SOLUTION] 3 1 3 5 0
[SOLUTION → INTERACTOR] 1
[SOLUTION → INTERACTOR] BUILD_DC 15
[INTERACTOR → SOLUTION] 10
[INTERACTOR → SOLUTION] 2 0 6 4 2
[SOLUTION → INTERACTOR] 2
[SOLUTION → INTERACTOR] CONVERT 2 1
[SOLUTION → INTERACTOR] BUILD_CABLE 39 38
[INTERACTOR → SOLUTION] 4
[INTERACTOR → SOLUTION] 4 2 3 4 2
[SOLUTION → INTERACTOR] 2
[SOLUTION → INTERACTOR] BUILD_CABLE 38 49
[SOLUTION → INTERACTOR] BUILD_DC 49
[INTERACTOR → SOLUTION] 4
[INTERACTOR → SOLUTION] 5 2 2 3 2
[SOLUTION → INTERACTOR] 2
[SOLUTION → INTERACTOR] BUILD_CABLE 17 27
[SOLUTION → INTERACTOR] BUILD_CABLE 27 28
[INTERACTOR → SOLUTION] 8
[INTERACTOR → SOLUTION] 3 0 4 3 2
[SOLUTION → INTERACTOR] 0
[INTERACTOR → SOLUTION] 6
[INTERACTOR → SOLUTION] 3 3 4 3 5
[SOLUTION → INTERACTOR] 4
[SOLUTION → INTERACTOR] BUILD_DC 28
[SOLUTION → INTERACTOR] UPGRADE_DC 26
[SOLUTION → INTERACTOR] BUILD_CABLE 33 44
[SOLUTION → INTERACTOR] BUILD_CABLE 44 45
[INTERACTOR → SOLUTION] 10
[INTERACTOR → SOLUTION] 0 0 7 0 6
[SOLUTION → INTERACTOR] 2
[SOLUTION → INTERACTOR] CONVERT 2 0
[SOLUTION → INTERACTOR] CONVERT 4 3
[INTERACTOR → SOLUTION] 6
[INTERACTOR → SOLUTION] 1 3 4 1 6
[SOLUTION → INTERACTOR] 2
[SOLUTION → INTERACTOR] BUILD_DC 45
[SOLUTION → INTERACTOR] CONVERT 4 3
[INTERACTOR → SOLUTION] 5
[INTERACTOR → SOLUTION] 0 2 7 5 3
[SOLUTION → INTERACTOR] 3
[SOLUTION → INTERACTOR] CONVERT 2 0
[SOLUTION → INTERACTOR] UPGRADE_DC 35
[SOLUTION → INTERACTOR] BUILD_CABLE 44 43
[INTERACTOR → SOLUTION] 6
[INTERACTOR → SOLUTION] 0 5 4 3 5
[SOLUTION → INTERACTOR] 3
[SOLUTION → INTERACTOR] CONVERT 1 0
[SOLUTION → INTERACTOR] BUILD_DC 43
[SOLUTION → INTERACTOR] UPGRADE_DC 45
[INTERACTOR → SOLUTION] 5
[INTERACTOR → SOLUTION] 0 2 7 4 2
[SOLUTION → INTERACTOR] 2
[SOLUTION → INTERACTOR] CONVERT 2 0
[SOLUTION → INTERACTOR] BUILD_CABLE 43 51
[INTERACTOR → SOLUTION] 5
[INTERACTOR → SOLUTION] 0 1 8 8 2
[SOLUTION → INTERACTOR] 2
[SOLUTION → INTERACTOR] CONVERT 2 0
[SOLUTION → INTERACTOR] BUILD_CABLE 51 52
[INTERACTOR → SOLUTION] 3
[INTERACTOR → SOLUTION] 0 0 5 9 2
[SOLUTION → INTERACTOR] 0
[INTERACTOR → SOLUTION] 9
[INTERACTOR → SOLUTION] 3 0 5 12 2
[SOLUTION → INTERACTOR] 0
[INTERACTOR → SOLUTION] 6
[INTERACTOR → SOLUTION] 3 4 5 12 8
[SOLUTION → INTERACTOR] 5
[SOLUTION → INTERACTOR] BUILD_DC 52
[SOLUTION → INTERACTOR] UPGRADE_DC 30
[SOLUTION → INTERACTOR] UPGRADE_DC 43
[SOLUTION → INTERACTOR] BUILD_CABLE 22 21
[SOLUTION → INTERACTOR] BUILD_CABLE 21 10
[INTERACTOR → SOLUTION] 11
[INTERACTOR → SOLUTION] 0 1 4 7 2
[SOLUTION → INTERACTOR] 0
[INTERACTOR → SOLUTION] 11
[INTERACTOR → SOLUTION] 0 1 4 7 2
[SOLUTION → INTERACTOR] 0
[INTERACTOR → SOLUTION] 10
[INTERACTOR → SOLUTION] 0 1 8 7 6
[SOLUTION → INTERACTOR] 4
[SOLUTION → INTERACTOR] CONVERT 2 0
[SOLUTION → INTERACTOR] BUILD_DC 10
[SOLUTION → INTERACTOR] UPGRADE_DC 10
[SOLUTION → INTERACTOR] UPGRADE_DC 15
[INTERACTOR → SOLUTION] 6
[INTERACTOR → SOLUTION] 0 4 4 2 6
[SOLUTION → INTERACTOR] 1
[SOLUTION → INTERACTOR] UPGRADE_DC 17
[INTERACTOR → SOLUTION] 4
[INTERACTOR → SOLUTION] 4 8 4 0 3
[SOLUTION → INTERACTOR] 1
[SOLUTION → INTERACTOR] CONVERT 1 3
[INTERACTOR → SOLUTION] 4
[INTERACTOR → SOLUTION] 8 10 4 1 3
[SOLUTION → INTERACTOR] 0
[INTERACTOR → SOLUTION] 7
[INTERACTOR → SOLUTION] 8 10 4 1 3
[SOLUTION → INTERACTOR] 0
[INTERACTOR → SOLUTION] 7
[INTERACTOR → SOLUTION] 8 10 4 1 3
[SOLUTION → INTERACTOR] 0
[INTERACTOR → SOLUTION] 8
[INTERACTOR → SOLUTION] 8 15 8 1 3
[SOLUTION → INTERACTOR] 3
[SOLUTION → INTERACTOR] CONVERT 1 3
[SOLUTION → INTERACTOR] UPGRADE_DC 52
[SOLUTION → INTERACTOR] CONVERT 0 3
[INTERACTOR → SOLUTION] 6
[INTERACTOR → SOLUTION] 5 17 8 1 6
[SOLUTION → INTERACTOR] 3
[SOLUTION → INTERACTOR] CONVERT 1 3
[SOLUTION → INTERACTOR] CONVERT 1 3
[SOLUTION → INTERACTOR] UPGRADE_DC 49
[INTERACTOR → SOLUTION] 8
[INTERACTOR → SOLUTION] 5 19 12 1 3
[SOLUTION → INTERACTOR] 4
[SOLUTION → INTERACTOR] CONVERT 1 3
[SOLUTION → INTERACTOR] CONVERT 1 3
[SOLUTION → INTERACTOR] CONVERT 1 4
[SOLUTION → INTERACTOR] UPGRADE_DC 28
[INTERACTOR → SOLUTION] 4
[INTERACTOR → SOLUTION] 9 17 12 1 1
[SOLUTION → INTERACTOR] 2
[SOLUTION → INTERACTOR] CONVERT 1 4
[SOLUTION → INTERACTOR] CONVERT 1 3
[INTERACTOR → SOLUTION] 6
[INTERACTOR → SOLUTION] 9 17 12 2 8
[SOLUTION → INTERACTOR] 3
[SOLUTION → INTERACTOR] CONVERT 1 3
[SOLUTION → INTERACTOR] CONVERT 1 3
[SOLUTION → INTERACTOR] UPGRADE_DC 22
[INTERACTOR → SOLUTION] 9
[INTERACTOR → SOLUTION] 13 13 12 5 4
[SOLUTION → INTERACTOR] 1
[SOLUTION → INTERACTOR] UPGRADE_DC 33
[INTERACTOR → SOLUTION] 91
[INTERACTOR → SOLUTION] 3 9 25 26 14 17 27 28
[INTERACTOR → SOLUTION] 0 4 38 39 29 26 25 40
[INTERACTOR → SOLUTION] 4 5 47 48 41 39 38 49
[INTERACTOR → SOLUTION] 2 5 14 15 0 5 16 17
[INTERACTOR → SOLUTION] 1 10 29 30 18 15 14 26
[INTERACTOR → SOLUTION] 2 10 41 42 31 30 29 39
[INTERACTOR → SOLUTION] 5 0 50 51 43 42 41 48
[INTERACTOR → SOLUTION] 2 4 0 1 2 3 4 5
[INTERACTOR → SOLUTION] 0 11 18 19 6 1 0 15
[INTERACTOR → SOLUTION] 1 3 31 32 20 19 18 30
[INTERACTOR → SOLUTION] 3 12 43 44 33 32 31 42
[INTERACTOR → SOLUTION] 0 6 52 53 45 44 43 51
[INTERACTOR → SOLUTION] 0 11 6 7 8 9 2 1
[INTERACTOR → SOLUTION] 3 2 20 21 10 7 6 19
[INTERACTOR → SOLUTION] 4 9 33 34 22 21 20 32
[INTERACTOR → SOLUTION] 4 8 45 46 35 34 33 44
[INTERACTOR → SOLUTION] 1 8 10 11 12 13 8 7
[INTERACTOR → SOLUTION] 3 6 22 23 24 11 10 21
[INTERACTOR → SOLUTION] 2 3 35 36 37 23 22 34
[INTERACTOR → SOLUTION] C0 2 27 28
[INTERACTOR → SOLUTION] C1 2 50 51
[INTERACTOR → SOLUTION] C2 2 52 53
[INTERACTOR → SOLUTION] C3 2 36 37
[INTERACTOR → SOLUTION] C4 2 2 9
[INTERACTOR → SOLUTION] C31 8 47 49 8 13 11 12 23 24
[SOLUTION → INTERACTOR] START
[SOLUTION → INTERACTOR] BUILD_DC 15
[SOLUTION → INTERACTOR] BUILD_DC 26
[SOLUTION → INTERACTOR] BUILD_CABLE 15 14
[SOLUTION → INTERACTOR] BUILD_CABLE 26 14
[INTERACTOR → SOLUTION] 12
[INTERACTOR → SOLUTION] 0 0 0 0 0
[SOLUTION → INTERACTOR] 0
[INTERACTOR → SOLUTION] 7
[INTERACTOR → SOLUTION] 0 0 0 0 0
[SOLUTION → INTERACTOR] 0
[INTERACTOR → SOLUTION] 6
[INTERACTOR → SOLUTION] 0 0 0 0 0
[SOLUTION → INTERACTOR] 0
[INTERACTOR → SOLUTION] 8
[INTERACTOR → SOLUTION] 0 0 0 0 0
[SOLUTION → INTERACTOR] 0
[INTERACTOR → SOLUTION] 8
[INTERACTOR → SOLUTION] 0 0 0 0 0
[SOLUTION → INTERACTOR] 0
[INTERACTOR → SOLUTION] 8
[INTERACTOR → SOLUTION] 0 0 0 0 0
[SOLUTION → INTERACTOR] 0
[INTERACTOR → SOLUTION] 9
[INTERACTOR → SOLUTION] 0 0 0 1 0
[SOLUTION → INTERACTOR] 0
[INTERACTOR → SOLUTION] 8
[INTERACTOR → SOLUTION] 0 0 0 1 0
[SOLUTION → INTERACTOR] 0
[INTERACTOR → SOLUTION] 9
[INTERACTOR → SOLUTION] 0 0 0 2 0
[SOLUTION → INTERACTOR] 0
[INTERACTOR → SOLUTION] 3
[INTERACTOR → SOLUTION] 0 0 0 2 0
[SOLUTION → INTERACTOR] 0
[INTERACTOR → SOLUTION] 6
[INTERACTOR → SOLUTION] 0 0 0 2 0
[SOLUTION → INTERACTOR] 0
[INTERACTOR → SOLUTION] 9
[INTERACTOR → SOLUTION] 0 0 0 3 0
[SOLUTION → INTERACTOR] 0
[INTERACTOR → SOLUTION] 7
[INTERACTOR → SOLUTION] 0 0 0 3 0
[SOLUTION → INTERACTOR] 0
[INTERACTOR → SOLUTION] 10
[INTERACTOR → SOLUTION] 0 2 0 3 0
[SOLUTION → INTERACTOR] 0
[INTERACTOR → SOLUTION] 7
[INTERACTOR → SOLUTION] 0 2 0 3 0
[SOLUTION → INTERACTOR] 0
[INTERACTOR → SOLUTION] 6
[INTERACTOR → SOLUTION] 0 2 0 3 0
[SOLUTION → INTERACTOR] 0
[INTERACTOR → SOLUTION] 8
[INTERACTOR → SOLUTION] 0 2 0 3 0
[SOLUTION → INTERACTOR] 0
[INTERACTOR → SOLUTION] 9
[INTERACTOR → SOLUTION] 0 2 0 4 0
[SOLUTION → INTERACTOR] 0
[INTERACTOR → SOLUTION] 11
[INTERACTOR → SOLUTION] 1 2 0 4 0
[SOLUTION → INTERACTOR] 1
[SOLUTION → INTERACTOR] BUILD_CABLE 14 17
[INTERACTOR → SOLUTION] 4
[INTERACTOR → SOLUTION] 1 1 0 4 0
[SOLUTION → INTERACTOR] 1
[SOLUTION → INTERACTOR] BUILD_CABLE 26 29
[INTERACTOR → SOLUTION] 3
[INTERACTOR → SOLUTION] 0 0 0 4 0
[SOLUTION → INTERACTOR] 0
[INTERACTOR → SOLUTION] 7
[INTERACTOR → SOLUTION] 0 0 0 4 0
[SOLUTION → INTERACTOR] 0
[INTERACTOR → SOLUTION] 5
[INTERACTOR → SOLUTION] 0 0 1 4 0
[SOLUTION → INTERACTOR] 0
[INTERACTOR → SOLUTION] 10
[INTERACTOR → SOLUTION] 0 2 1 4 0
[SOLUTION → INTERACTOR] 0
[INTERACTOR → SOLUTION] 7
[INTERACTOR → SOLUTION] 0 2 1 4 0
[SOLUTION → INTERACTOR] 0
[INTERACTOR → SOLUTION] 5
[INTERACTOR → SOLUTION] 0 2 2 4 0
[SOLUTION → INTERACTOR] 0
[INTERACTOR → SOLUTION] 5
[INTERACTOR → SOLUTION] 0 2 3 4 0
[SOLUTION → INTERACTOR] 0
[INTERACTOR → SOLUTION] 3
[INTERACTOR → SOLUTION] 0 2 3 4 0
[SOLUTION → INTERACTOR] 0
[INTERACTOR → SOLUTION] 5
[INTERACTOR → SOLUTION] 0 2 4 4 0
[SOLUTION → INTERACTOR] 0
[INTERACTOR → SOLUTION] 9
[INTERACTOR → SOLUTION] 0 2 4 5 0
[SOLUTION → INTERACTOR] 0
[INTERACTOR → SOLUTION] 7
[INTERACTOR → SOLUTION] 0 2 4 5 0
[SOLUTION → INTERACTOR] 0
[INTERACTOR → SOLUTION] 4
[INTERACTOR → SOLUTION] 1 2 4 5 0
[SOLUTION → INTERACTOR] 1
[SOLUTION → INTERACTOR] BUILD_DC 17
[INTERACTOR → SOLUTION] 8
[INTERACTOR → SOLUTION] 0 1 3 4 0
[SOLUTION → INTERACTOR] 0
[INTERACTOR → SOLUTION] 5
[INTERACTOR → SOLUTION] 0 1 5 4 0
[SOLUTION → INTERACTOR] 0
[INTERACTOR → SOLUTION] 7
[INTERACTOR → SOLUTION] 0 1 5 4 0
[SOLUTION → INTERACTOR] 0
[INTERACTOR → SOLUTION] 5
[INTERACTOR → SOLUTION] 0 1 7 4 0
[SOLUTION → INTERACTOR] 2
[SOLUTION → INTERACTOR] CONVERT 2 0
[SOLUTION → INTERACTOR] BUILD_CABLE 29 39
[INTERACTOR → SOLUTION] 11
[INTERACTOR → SOLUTION] 1 0 3 4 0
[SOLUTION → INTERACTOR] 0
[INTERACTOR → SOLUTION] 6
[INTERACTOR → SOLUTION] 1 0 3 4 0
[SOLUTION → INTERACTOR] 0
[INTERACTOR → SOLUTION] 6
[INTERACTOR → SOLUTION] 1 0 3 4 0
[SOLUTION → INTERACTOR] 0
[INTERACTOR → SOLUTION] 7
[INTERACTOR → SOLUTION] 1 0 3 4 0
[SOLUTION → INTERACTOR] 0
[INTERACTOR → SOLUTION] 5
[INTERACTOR → SOLUTION] 1 0 5 4 0
[SOLUTION → INTERACTOR] 0
[INTERACTOR → SOLUTION] 4
[INTERACTOR → SOLUTION] 2 0 5 4 0
[SOLUTION → INTERACTOR] 0
[INTERACTOR → SOLUTION] 6
[INTERACTOR → SOLUTION] 2 0 5 4 0
[SOLUTION → INTERACTOR] 0
[INTERACTOR → SOLUTION] 10
[INTERACTOR → SOLUTION] 2 2 5 4 0
[SOLUTION → INTERACTOR] 2
[SOLUTION → INTERACTOR] BUILD_DC 39
[SOLUTION → INTERACTOR] BUILD_CABLE 29 30
[INTERACTOR → SOLUTION] 7
[INTERACTOR → SOLUTION] 0 0 4 3 0
[SOLUTION → INTERACTOR] 0
[INTERACTOR → SOLUTION] 8
[INTERACTOR → SOLUTION] 0 0 4 3 0
[SOLUTION → INTERACTOR] 0
[INTERACTOR → SOLUTION] 11
[INTERACTOR → SOLUTION] 1 0 4 3 0
[SOLUTION → INTERACTOR] 0
[INTERACTOR → SOLUTION] 7
[INTERACTOR → SOLUTION] 1 0 4 3 0
[SOLUTION → INTERACTOR] 0
[INTERACTOR → SOLUTION] 9
[INTERACTOR → SOLUTION] 1 0 4 5 0
[SOLUTION → INTERACTOR] 0
[INTERACTOR → SOLUTION] 10
[INTERACTOR → SOLUTION] 1 2 5 5 0
[SOLUTION → INTERACTOR] 1
[SOLUTION → INTERACTOR] BUILD_DC 30
[INTERACTOR → SOLUTION] 2
[INTERACTOR → SOLUTION] 0 1 4 4 0
[SOLUTION → INTERACTOR] 0
[INTERACTOR → SOLUTION] 7
[INTERACTOR → SOLUTION] 0 1 4 4 0
[SOLUTION → INTERACTOR] 0
[INTERACTOR → SOLUTION] 7
[INTERACTOR → SOLUTION] 0 1 4 4 0
[SOLUTION → INTERACTOR] 0
[INTERACTOR → SOLUTION] 6
[INTERACTOR → SOLUTION] 0 1 4 4 0
[SOLUTION → INTERACTOR] 0
[INTERACTOR → SOLUTION] 10
[INTERACTOR → SOLUTION] 0 4 6 4 0
[SOLUTION → INTERACTOR] 0
[INTERACTOR → SOLUTION] 6
[INTERACTOR → SOLUTION] 0 4 6 4 0
[SOLUTION → INTERACTOR] 0
[INTERACTOR → SOLUTION] 7
[INTERACTOR → SOLUTION] 0 4 6 4 0
[SOLUTION → INTERACTOR] 0
[INTERACTOR → SOLUTION] 6
[INTERACTOR → SOLUTION] 0 4 6 4 0
[SOLUTION → INTERACTOR] 0
[INTERACTOR → SOLUTION] 12
[INTERACTOR → SOLUTION] 0 4 6 4 0
[SOLUTION → INTERACTOR] 0
[INTERACTOR → SOLUTION] 7
[INTERACTOR → SOLUTION] 0 4 6 4 0
[SOLUTION → INTERACTOR] 0
[INTERACTOR → SOLUTION] 7
[INTERACTOR → SOLUTION] 0 4 6 4 0
[SOLUTION → INTERACTOR] 0
[INTERACTOR → SOLUTION] 7
[INTERACTOR → SOLUTION] 0 4 6 4 0
[SOLUTION → INTERACTOR] 0
[INTERACTOR → SOLUTION] 8
[INTERACTOR → SOLUTION] 0 4 6 4 0
[SOLUTION → INTERACTOR] 0
[INTERACTOR → SOLUTION] 9
[INTERACTOR → SOLUTION] 0 4 6 6 0
[SOLUTION → INTERACTOR] 0
[INTERACTOR → SOLUTION] 6
[INTERACTOR → SOLUTION] 0 4 6 6 0
[SOLUTION → INTERACTOR] 0
[INTERACTOR → SOLUTION] 6
[INTERACTOR → SOLUTION] 0 4 6 6 0
[SOLUTION → INTERACTOR] 0
[INTERACTOR → SOLUTION] 6
[INTERACTOR → SOLUTION] 0 4 6 6 0
[SOLUTION → INTERACTOR] 0
[INTERACTOR → SOLUTION] 4
[INTERACTOR → SOLUTION] 2 4 6 6 0
[SOLUTION → INTERACTOR] 2
[SOLUTION → INTERACTOR] BUILD_CABLE 39 38
[SOLUTION → INTERACTOR] BUILD_CABLE 38 49
[INTERACTOR → SOLUTION] 6
[INTERACTOR → SOLUTION] 0 2 6 6 0
[SOLUTION → INTERACTOR] 0
[INTERACTOR → SOLUTION] 4
[INTERACTOR → SOLUTION] 2 2 6 6 0
[SOLUTION → INTERACTOR] 2
[SOLUTION → INTERACTOR] BUILD_DC 49
[SOLUTION → INTERACTOR] BUILD_CABLE 15 0
[INTERACTOR → SOLUTION] 8
[INTERACTOR → SOLUTION] 0 0 5 5 0
[SOLUTION → INTERACTOR] 0
[INTERACTOR → SOLUTION] 11
[INTERACTOR → SOLUTION] 1 0 5 5 0
[SOLUTION → INTERACTOR] 0
[INTERACTOR → SOLUTION] 9
[INTERACTOR → SOLUTION] 1 0 5 7 0
[SOLUTION → INTERACTOR] 0
[INTERACTOR → SOLUTION] 8
[INTERACTOR → SOLUTION] 1 0 5 7 0
[SOLUTION → INTERACTOR] 0
[INTERACTOR → SOLUTION] 7
[INTERACTOR → SOLUTION] 1 0 5 7 0
[SOLUTION → INTERACTOR] 0
[INTERACTOR → SOLUTION] 6
[INTERACTOR → SOLUTION] 1 0 5 7 0
[SOLUTION → INTERACTOR] 0
[INTERACTOR → SOLUTION] 2
[INTERACTOR → SOLUTION] 1 0 5 7 0
[SOLUTION → INTERACTOR] 0
[INTERACTOR → SOLUTION] 7
[INTERACTOR → SOLUTION] 1 0 5 7 0
[SOLUTION → INTERACTOR] 0
[INTERACTOR → SOLUTION] 6
[INTERACTOR → SOLUTION] 1 0 5 7 0
[SOLUTION → INTERACTOR] 0
[INTERACTOR → SOLUTION] 2
[INTERACTOR → SOLUTION] 1 0 5 7 0
[SOLUTION → INTERACTOR] 0
[INTERACTOR → SOLUTION] 8
[INTERACTOR → SOLUTION] 1 0 5 7 0
[SOLUTION → INTERACTOR] 0
[INTERACTOR → SOLUTION] 4
[INTERACTOR → SOLUTION] 3 0 5 7 0
[SOLUTION → INTERACTOR] 0
[INTERACTOR → SOLUTION] 10
[INTERACTOR → SOLUTION] 3 3 7 7 0
[SOLUTION → INTERACTOR] 0
[INTERACTOR → SOLUTION] 5
[INTERACTOR → SOLUTION] 3 3 9 7 2
[SOLUTION → INTERACTOR] 0
[INTERACTOR → SOLUTION] 2
[INTERACTOR → SOLUTION] 3 3 9 7 2
[SOLUTION → INTERACTOR] 0
[INTERACTOR → SOLUTION] 3
[INTERACTOR → SOLUTION] 3 4 9 7 2
[SOLUTION → INTERACTOR] 0
[INTERACTOR → SOLUTION] 6
[INTERACTOR → SOLUTION] 3 4 9 7 2
[SOLUTION → INTERACTOR] 0
[INTERACTOR → SOLUTION] 5
[INTERACTOR → SOLUTION] 3 4 11 7 4
[SOLUTION → INTERACTOR] 1
[SOLUTION → INTERACTOR] UPGRADE_DC 26
[INTERACTOR → SOLUTION] 6
[INTERACTOR → SOLUTION] 3 4 11 5 1
[SOLUTION → INTERACTOR] 0
[INTERACTOR → SOLUTION] 3
[INTERACTOR → SOLUTION] 3 5 11 5 1
[SOLUTION → INTERACTOR] 0
[INTERACTOR → SOLUTION] 3
[INTERACTOR → SOLUTION] 3 6 11 5 1
[SOLUTION → INTERACTOR] 0
[INTERACTOR → SOLUTION] SCORE: 85
