[INTERACTOR → SOLUTION] 5
[INTERACTOR → SOLUTION] 105
[INTERACTOR → SOLUTION] 3 3 25 26 14 17 27 28
[INTERACTOR → SOLUTION] 4 2 38 39 29 26 25 40
[INTERACTOR → SOLUTION] 2 5 47 48 41 39 38 49
[INTERACTOR → SOLUTION] 5 0 14 15 0 5 16 17
[INTERACTOR → SOLUTION] 3 11 29 30 18 15 14 26
[INTERACTOR → SOLUTION] 4 4 41 42 31 30 29 39
[INTERACTOR → SOLUTION] 0 6 50 51 43 42 41 48
[INTERACTOR → SOLUTION] 1 5 0 1 2 3 4 5
[INTERACTOR → SOLUTION] 4 3 18 19 6 1 0 15
[INTERACTOR → SOLUTION] 1 9 31 32 20 19 18 30
[INTERACTOR → SOLUTION] 3 12 43 44 33 32 31 42
[INTERACTOR → SOLUTION] 3 10 52 53 45 44 43 51
[INTERACTOR → SOLUTION] 4 11 6 7 8 9 2 1
[INTERACTOR → SOLUTION] 2 6 20 21 10 7 6 19
[INTERACTOR → SOLUTION] 0 4 33 34 22 21 20 32
[INTERACTOR → SOLUTION] 1 9 45 46 35 34 33 44
[INTERACTOR → SOLUTION] 3 10 10 11 12 13 8 7
[INTERACTOR → SOLUTION] 1 8 22 23 24 11 10 21
[INTERACTOR → SOLUTION] 0 8 35 36 37 23 22 34
[INTERACTOR → SOLUTION] C0 2 48 50
[INTERACTOR → SOLUTION] C1 2 45 46
[INTERACTOR → SOLUTION] C2 2 38 49
[INTERACTOR → SOLUTION] C3 2 5 16
[INTERACTOR → SOLUTION] C4 2 12 13
[INTERACTOR → SOLUTION] C31 8 17 27 52 53 25 40 23 24
[SOLUTION → INTERACTOR] START
[SOLUTION → INTERACTOR] BUILD_DC 10
[SOLUTION → INTERACTOR] BUILD_DC 43
[SOLUTION → INTERACTOR] BUILD_CABLE 10 21
[SOLUTION → INTERACTOR] BUILD_CABLE 43 42
[INTERACTOR → SOLUTION] 2
[INTERACTOR → SOLUTION] 0 0 0 0 0
[SOLUTION → INTERACTOR] 0
[INTERACTOR → SOLUTION] 4
[INTERACTOR → SOLUTION] 0 0 0 0 0
[SOLUTION → INTERACTOR] 0
[INTERACTOR → SOLUTION] 2
[INTERACTOR → SOLUTION] 0 0 0 0 0
[SOLUTION → INTERACTOR] 0
[INTERACTOR → SOLUTION] 6
[INTERACTOR → SOLUTION] 1 0 1 0 0
[SOLUTION → INTERACTOR] 0
[INTERACTOR → SOLUTION] 4
[INTERACTOR → SOLUTION] 1 0 1 0 0
[SOLUTION → INTERACTOR] 0
[INTERACTOR → SOLUTION] 4
[INTERACTOR → SOLUTION] 1 0 1 0 0
[SOLUTION → INTERACTOR] 0
[INTERACTOR → SOLUTION] 4
[INTERACTOR → SOLUTION] 1 0 1 0 0
[SOLUTION → INTERACTOR] 0
[INTERACTOR → SOLUTION] 6
[INTERACTOR → SOLUTION] 2 0 2 0 0
[SOLUTION → INTERACTOR] 0
[INTERACTOR → SOLUTION] 9
[INTERACTOR → SOLUTION] 2 0 2 0 0
[SOLUTION → INTERACTOR] 0
[INTERACTOR → SOLUTION] 6
[INTERACTOR → SOLUTION] 3 0 3 0 0
[SOLUTION → INTERACTOR] 0
[INTERACTOR → SOLUTION] 6
[INTERACTOR → SOLUTION] 4 0 4 0 0
[SOLUTION → INTERACTOR] 0
[INTERACTOR → SOLUTION] 8
[INTERACTOR → SOLUTION] 4 1 4 0 0
[SOLUTION → INTERACTOR] 1
[SOLUTION → INTERACTOR] BUILD_CABLE 21 22
[INTERACTOR → SOLUTION] 7
[INTERACTOR → SOLUTION] 3 0 4 0 0
[SOLUTION → INTERACTOR] 0
[INTERACTOR → SOLUTION] 5
[INTERACTOR → SOLUTION] 3 0 4 0 0
[SOLUTION → INTERACTOR] 0
[INTERACTOR → SOLUTION] 11
[INTERACTOR → SOLUTION] 3 0 4 0 0
[SOLUTION → INTERACTOR] 0
[INTERACTOR → SOLUTION] 10
[INTERACTOR → SOLUTION] 3 0 4 2 0
[SOLUTION → INTERACTOR] 0
[INTERACTOR → SOLUTION] 9
[INTERACTOR → SOLUTION] 3 0 4 2 0
[SOLUTION → INTERACTOR] 0
[INTERACTOR → SOLUTION] 10
[INTERACTOR → SOLUTION] 3 0 4 4 0
[SOLUTION → INTERACTOR] 0
[INTERACTOR → SOLUTION] 6
[INTERACTOR → SOLUTION] 4 0 5 4 0
[SOLUTION → INTERACTOR] 0
[INTERACTOR → SOLUTION] 6
[INTERACTOR → SOLUTION] 5 0 6 4 0
[SOLUTION → INTERACTOR] 0
[INTERACTOR → SOLUTION] 3
[INTERACTOR → SOLUTION] 5 0 6 4 0
[SOLUTION → INTERACTOR] 0
[INTERACTOR → SOLUTION] 4
[INTERACTOR → SOLUTION] 5 0 6 4 0
[SOLUTION → INTERACTOR] 0
[INTERACTOR → SOLUTION] 7
[INTERACTOR → SOLUTION] 5 0 6 4 0
[SOLUTION → INTERACTOR] 0
[INTERACTOR → SOLUTION] 8
[INTERACTOR → SOLUTION] 5 1 6 4 0
[SOLUTION → INTERACTOR] 1
[SOLUTION → INTERACTOR] BUILD_DC 22
[INTERACTOR → SOLUTION] 11
[INTERACTOR → SOLUTION] 4 0 5 3 0
[SOLUTION → INTERACTOR] 0
[INTERACTOR → SOLUTION] 8
[INTERACTOR → SOLUTION] 5 2 5 3 0
[SOLUTION → INTERACTOR] 2
[SOLUTION → INTERACTOR] BUILD_CABLE 21 20
[SOLUTION → INTERACTOR] BUILD_DC 20
[INTERACTOR → SOLUTION] 8
[INTERACTOR → SOLUTION] 4 2 4 2 0
[SOLUTION → INTERACTOR] 2
[SOLUTION → INTERACTOR] BUILD_CABLE 42 41
[SOLUTION → INTERACTOR] BUILD_DC 41
[INTERACTOR → SOLUTION] 6
[INTERACTOR → SOLUTION] 4 0 5 1 0
[SOLUTION → INTERACTOR] 0
[INTERACTOR → SOLUTION] 9
[INTERACTOR → SOLUTION] 4 1 5 1 0
[SOLUTION → INTERACTOR] 1
[SOLUTION → INTERACTOR] BUILD_CABLE 42 31
[INTERACTOR → SOLUTION] 8
[INTERACTOR → SOLUTION] 4 2 5 1 0
[SOLUTION → INTERACTOR] 2
[SOLUTION → INTERACTOR] BUILD_DC 31
[SOLUTION → INTERACTOR] BUILD_CABLE 10 11
[INTERACTOR → SOLUTION] 10
[INTERACTOR → SOLUTION] 2 0 4 2 0
[SOLUTION → INTERACTOR] 0
[INTERACTOR → SOLUTION] 6
[INTERACTOR → SOLUTION] 4 0 6 2 0
[SOLUTION → INTERACTOR] 0
[INTERACTOR → SOLUTION] 6
[INTERACTOR → SOLUTION] 6 0 8 2 0
[SOLUTION → INTERACTOR] 2
[SOLUTION → INTERACTOR] CONVERT 2 1
[SOLUTION → INTERACTOR] BUILD_CABLE 11 24
[INTERACTOR → SOLUTION] 9
[INTERACTOR → SOLUTION] 5 2 4 2 0
[SOLUTION → INTERACTOR] 2
[SOLUTION → INTERACTOR] BUILD_DC 24
[SOLUTION → INTERACTOR] BUILD_CABLE 43 51
[INTERACTOR → SOLUTION] 7
[INTERACTOR → SOLUTION] 3 0 3 1 0
[SOLUTION → INTERACTOR] 0
[INTERACTOR → SOLUTION] 3
[INTERACTOR → SOLUTION] 3 0 3 1 0
[SOLUTION → INTERACTOR] 0
[INTERACTOR → SOLUTION] 5
[INTERACTOR → SOLUTION] 3 0 4 1 0
[SOLUTION → INTERACTOR] 0
[INTERACTOR → SOLUTION] 8
[INTERACTOR → SOLUTION] 4 3 4 1 0
[SOLUTION → INTERACTOR] 3
[SOLUTION → INTERACTOR] BUILD_CABLE 51 52
[SOLUTION → INTERACTOR] BUILD_DC 52
[SOLUTION → INTERACTOR] BUILD_CABLE 51 50
[INTERACTOR → SOLUTION] 7
[INTERACTOR → SOLUTION] 1 0 3 0 0
[SOLUTION → INTERACTOR] 0
[INTERACTOR → SOLUTION] 9
[INTERACTOR → SOLUTION] 1 2 3 0 0
[SOLUTION → INTERACTOR] 1
[SOLUTION → INTERACTOR] BUILD_CABLE 10 7
[INTERACTOR → SOLUTION] 8
[INTERACTOR → SOLUTION] 1 4 3 0 0
[SOLUTION → INTERACTOR] 1
[SOLUTION → INTERACTOR] BUILD_CABLE 7 6
[INTERACTOR → SOLUTION] 10
[INTERACTOR → SOLUTION] 0 3 3 3 0
[SOLUTION → INTERACTOR] 0
[INTERACTOR → SOLUTION] 3
[INTERACTOR → SOLUTION] 0 3 3 3 0
[SOLUTION → INTERACTOR] 0
[INTERACTOR → SOLUTION] 8
[INTERACTOR → SOLUTION] 1 6 3 3 0
[SOLUTION → INTERACTOR] 1
[SOLUTION → INTERACTOR] BUILD_DC 6
[INTERACTOR → SOLUTION] 5
[INTERACTOR → SOLUTION] 0 5 3 2 0
[SOLUTION → INTERACTOR] 0
[INTERACTOR → SOLUTION] 7
[INTERACTOR → SOLUTION] 0 5 3 2 0
[SOLUTION → INTERACTOR] 0
[INTERACTOR → SOLUTION] 3
[INTERACTOR → SOLUTION] 0 5 3 2 1
[SOLUTION → INTERACTOR] 0
[INTERACTOR → SOLUTION] 9
[INTERACTOR → SOLUTION] 0 7 3 2 1
[SOLUTION → INTERACTOR] 2
[SOLUTION → INTERACTOR] CONVERT 1 0
[SOLUTION → INTERACTOR] BUILD_DC 50
[INTERACTOR → SOLUTION] 4
[INTERACTOR → SOLUTION] 2 3 2 1 3
[SOLUTION → INTERACTOR] 2
[SOLUTION → INTERACTOR] BUILD_CABLE 7 8
[SOLUTION → INTERACTOR] BUILD_DC 8
[INTERACTOR → SOLUTION] 3
[INTERACTOR → SOLUTION] 0 1 1 0 4
[SOLUTION → INTERACTOR] 0
[INTERACTOR → SOLUTION] 4
[INTERACTOR → SOLUTION] 2 1 1 0 6
[SOLUTION → INTERACTOR] 2
[SOLUTION → INTERACTOR] CONVERT 4 3
[SOLUTION → INTERACTOR] BUILD_CABLE 22 34
[INTERACTOR → SOLUTION] 4
[INTERACTOR → SOLUTION] 3 0 1 1 5
[SOLUTION → INTERACTOR] 0
[INTERACTOR → SOLUTION] 7
[INTERACTOR → SOLUTION] 3 0 1 1 5
[SOLUTION → INTERACTOR] 0
[INTERACTOR → SOLUTION] 6
[INTERACTOR → SOLUTION] 6 0 4 1 5
[SOLUTION → INTERACTOR] 2
[SOLUTION → INTERACTOR] CONVERT 0 1
[SOLUTION → INTERACTOR] BUILD_CABLE 34 35
[INTERACTOR → SOLUTION] 9
[INTERACTOR → SOLUTION] 3 2 4 1 5
[SOLUTION → INTERACTOR] 2
[SOLUTION → INTERACTOR] BUILD_DC 35
[SOLUTION → INTERACTOR] BUILD_CABLE 34 33
[INTERACTOR → SOLUTION] 2
[INTERACTOR → SOLUTION] 1 0 3 0 5
[SOLUTION → INTERACTOR] 0
[INTERACTOR → SOLUTION] 6
[INTERACTOR → SOLUTION] 4 0 6 0 5
[SOLUTION → INTERACTOR] 2
[SOLUTION → INTERACTOR] CONVERT 2 1
[SOLUTION → INTERACTOR] BUILD_CABLE 6 19
[INTERACTOR → SOLUTION] 8
[INTERACTOR → SOLUTION] 5 3 3 0 5
[SOLUTION → INTERACTOR] 4
[SOLUTION → INTERACTOR] CONVERT 0 3
[SOLUTION → INTERACTOR] BUILD_DC 33
[SOLUTION → INTERACTOR] BUILD_CABLE 19 18
[SOLUTION → INTERACTOR] BUILD_CABLE 18 15
[INTERACTOR → SOLUTION] 10
[INTERACTOR → SOLUTION] 0 0 2 4 5
[SOLUTION → INTERACTOR] 1
[SOLUTION → INTERACTOR] UPGRADE_DC 10
[INTERACTOR → SOLUTION] 11
[INTERACTOR → SOLUTION] 0 0 2 2 4
[SOLUTION → INTERACTOR] 1
[SOLUTION → INTERACTOR] UPGRADE_DC 22
[INTERACTOR → SOLUTION] 2
[INTERACTOR → SOLUTION] 0 0 2 0 1
[SOLUTION → INTERACTOR] 0
[INTERACTOR → SOLUTION] 5
[INTERACTOR → SOLUTION] 0 0 3 0 1
[SOLUTION → INTERACTOR] 0
[INTERACTOR → SOLUTION] 9
[INTERACTOR → SOLUTION] 0 4 3 0 1
[SOLUTION → INTERACTOR] 0
[INTERACTOR → SOLUTION] 9
[INTERACTOR → SOLUTION] 0 8 3 0 1
[SOLUTION → INTERACTOR] 2
[SOLUTION → INTERACTOR] CONVERT 1 0
[SOLUTION → INTERACTOR] BUILD_CABLE 15 0
[INTERACTOR → SOLUTION] 11
[INTERACTOR → SOLUTION] 0 4 3 0 3
[SOLUTION → INTERACTOR] 0
[INTERACTOR → SOLUTION] 9
[INTERACTOR → SOLUTION] 0 8 3 0 3
[SOLUTION → INTERACTOR] 2
[SOLUTION → INTERACTOR] CONVERT 1 0
[SOLUTION → INTERACTOR] BUILD_CABLE 15 14
[INTERACTOR → SOLUTION] 6
[INTERACTOR → SOLUTION] 3 4 7 0 3
[SOLUTION → INTERACTOR] 4
[SOLUTION → INTERACTOR] CONVERT 2 3
[SOLUTION → INTERACTOR] BUILD_DC 18
[SOLUTION → INTERACTOR] BUILD_CABLE 14 17
[SOLUTION → INTERACTOR] BUILD_CABLE 17 27
[INTERACTOR → SOLUTION] 11
[INTERACTOR → SOLUTION] 0 1 3 1 5
[SOLUTION → INTERACTOR] 0
[INTERACTOR → SOLUTION] 4
[INTERACTOR → SOLUTION] 4 1 3 1 7
[SOLUTION → INTERACTOR] 2
[SOLUTION → INTERACTOR] BUILD_DC 0
[SOLUTION → INTERACTOR] CONVERT 4 3
[INTERACTOR → SOLUTION] 2
[INTERACTOR → SOLUTION] 3 0 2 1 4
[SOLUTION → INTERACTOR] 0
[INTERACTOR → SOLUTION] 3
[INTERACTOR → SOLUTION] 3 0 2 1 7
[SOLUTION → INTERACTOR] 0
[INTERACTOR → SOLUTION] 7
[INTERACTOR → SOLUTION] 3 0 2 1 7
[SOLUTION → INTERACTOR] 0
[INTERACTOR → SOLUTION] 9
[INTERACTOR → SOLUTION] 3 5 2 1 7
[SOLUTION → INTERACTOR] 4
[SOLUTION → INTERACTOR] BUILD_DC 14
[SOLUTION → INTERACTOR] CONVERT 4 3
[SOLUTION → INTERACTOR] BUILD_DC 27
[SOLUTION → INTERACTOR] BUILD_CABLE 14 26
[INTERACTOR → SOLUTION] 3
[INTERACTOR → SOLUTION] 0 2 0 2 7
[SOLUTION → INTERACTOR] 1
[SOLUTION → INTERACTOR] UPGRADE_DC 20
[INTERACTOR → SOLUTION] 5
[INTERACTOR → SOLUTION] 0 3 1 0 4
[SOLUTION → INTERACTOR] 0
[INTERACTOR → SOLUTION] 8
[INTERACTOR → SOLUTION] 3 8 1 0 4
[SOLUTION → INTERACTOR] 4
[SOLUTION → INTERACTOR] CONVERT 1 3
[SOLUTION → INTERACTOR] BUILD_CABLE 26 25
[SOLUTION → INTERACTOR] BUILD_DC 25
[SOLUTION → INTERACTOR] BUILD_CABLE 26 29
[INTERACTOR → SOLUTION] 7
[INTERACTOR → SOLUTION] 0 2 0 0 4
[SOLUTION → INTERACTOR] 0
[INTERACTOR → SOLUTION] 12
[INTERACTOR → SOLUTION] 0 2 0 3 4
[SOLUTION → INTERACTOR] 1
[SOLUTION → INTERACTOR] UPGRADE_DC 41
[INTERACTOR → SOLUTION] 7
[INTERACTOR → SOLUTION] 0 2 0 1 1
[SOLUTION → INTERACTOR] 0
[INTERACTOR → SOLUTION] 10
[INTERACTOR → SOLUTION] 0 2 0 6 1
[SOLUTION → INTERACTOR] 0
[INTERACTOR → SOLUTION] 7
[INTERACTOR → SOLUTION] 0 2 0 6 1
[SOLUTION → INTERACTOR] 0
[INTERACTOR → SOLUTION] 10
[INTERACTOR → SOLUTION] 0 2 0 11 1
[SOLUTION → INTERACTOR] 0
[INTERACTOR → SOLUTION] 7
[INTERACTOR → SOLUTION] 0 2 0 11 1
[SOLUTION → INTERACTOR] 0
[INTERACTOR → SOLUTION] 10
[INTERACTOR → SOLUTION] 0 2 0 16 1
[SOLUTION → INTERACTOR] 0
[INTERACTOR → SOLUTION] 6
[INTERACTOR → SOLUTION] 4 2 5 16 1
[SOLUTION → INTERACTOR] 2
[SOLUTION → INTERACTOR] BUILD_DC 29
[SOLUTION → INTERACTOR] BUILD_CABLE 33 44
[INTERACTOR → SOLUTION] 9
[INTERACTOR → SOLUTION] 2 6 4 15 1
[SOLUTION → INTERACTOR] 2
[SOLUTION → INTERACTOR] BUILD_CABLE 44 45
[SOLUTION → INTERACTOR] BUILD_DC 45
[INTERACTOR → SOLUTION] 9
[INTERACTOR → SOLUTION] 0 11 3 14 1
[SOLUTION → INTERACTOR] 6
[SOLUTION → INTERACTOR] CONVERT 1 0
[SOLUTION → INTERACTOR] BUILD_CABLE 0 1
[SOLUTION → INTERACTOR] CONVERT 1 0
[SOLUTION → INTERACTOR] BUILD_CABLE 1 2
[SOLUTION → INTERACTOR] CONVERT 1 0
[SOLUTION → INTERACTOR] BUILD_DC 2
[INTERACTOR → SOLUTION] 3
[INTERACTOR → SOLUTION] 0 2 2 16 4
[SOLUTION → INTERACTOR] 1
[SOLUTION → INTERACTOR] UPGRADE_DC 43
[INTERACTOR → SOLUTION] 12
[INTERACTOR → SOLUTION] 0 2 2 18 1
[SOLUTION → INTERACTOR] 0
[INTERACTOR → SOLUTION] 6
[INTERACTOR → SOLUTION] 5 2 7 18 1
[SOLUTION → INTERACTOR] 4
[SOLUTION → INTERACTOR] BUILD_CABLE 11 12
[SOLUTION → INTERACTOR] BUILD_DC 12
[SOLUTION → INTERACTOR] CONVERT 2 1
[SOLUTION → INTERACTOR] BUILD_CABLE 22 23
[INTERACTOR → SOLUTION] 5
[INTERACTOR → SOLUTION] 2 2 5 17 1
[SOLUTION → INTERACTOR] 2
[SOLUTION → INTERACTOR] BUILD_CABLE 23 37
[SOLUTION → INTERACTOR] BUILD_DC 37
[INTERACTOR → SOLUTION] 9
[INTERACTOR → SOLUTION] 0 7 4 16 1
[SOLUTION → INTERACTOR] 2
[SOLUTION → INTERACTOR] CONVERT 1 0
[SOLUTION → INTERACTOR] BUILD_CABLE 25 40
[INTERACTOR → SOLUTION] 7
[INTERACTOR → SOLUTION] 0 4 4 16 1
[SOLUTION → INTERACTOR] 0
[INTERACTOR → SOLUTION] 8
[INTERACTOR → SOLUTION] 4 9 4 16 1
[SOLUTION → INTERACTOR] 6
[SOLUTION → INTERACTOR] BUILD_CABLE 40 38
[SOLUTION → INTERACTOR] BUILD_DC 38
[SOLUTION → INTERACTOR] BUILD_CABLE 0 5
[SOLUTION → INTERACTOR] BUILD_CABLE 5 4
[SOLUTION → INTERACTOR] CONVERT 1 0
[SOLUTION → INTERACTOR] BUILD_DC 4
[INTERACTOR → SOLUTION] 5
[INTERACTOR → SOLUTION] 0 5 5 14 1
[SOLUTION → INTERACTOR] 4
[SOLUTION → INTERACTOR] CONVERT 1 0
[SOLUTION → INTERACTOR] BUILD_CABLE 38 49
[SOLUTION → INTERACTOR] CONVERT 2 0
[SOLUTION → INTERACTOR] BUILD_CABLE 49 47
[INTERACTOR → SOLUTION] 9
[INTERACTOR → SOLUTION] 0 8 3 14 1
[SOLUTION → INTERACTOR] 3
[SOLUTION → INTERACTOR] CONVERT 1 0
[SOLUTION → INTERACTOR] BUILD_DC 47
[SOLUTION → INTERACTOR] CONVERT 1 0
[INTERACTOR → SOLUTION] 4
[INTERACTOR → SOLUTION] 6 3 2 13 5
[SOLUTION → INTERACTOR] 1
[SOLUTION → INTERACTOR] UPGRADE_DC 6
[INTERACTOR → SOLUTION] 7
[INTERACTOR → SOLUTION] 6 3 2 11 2
[SOLUTION → INTERACTOR] 0
[INTERACTOR → SOLUTION] 5
[INTERACTOR → SOLUTION] 6 6 6 11 2
[SOLUTION → INTERACTOR] 0
[INTERACTOR → SOLUTION] 7
[INTERACTOR → SOLUTION] 6 6 6 11 2
[SOLUTION → INTERACTOR] 0
[INTERACTOR → SOLUTION] 10
[INTERACTOR → SOLUTION] 6 6 6 19 2
[SOLUTION → INTERACTOR] 0
[INTERACTOR → SOLUTION] 8
[INTERACTOR → SOLUTION] 10 11 6 19 2
[SOLUTION → INTERACTOR] 0
[INTERACTOR → SOLUTION] 9
[INTERACTOR → SOLUTION] 10 18 6 19 2
[SOLUTION → INTERACTOR] 3
[SOLUTION → INTERACTOR] CONVERT 1 4
[SOLUTION → INTERACTOR] CONVERT 1 4
[SOLUTION → INTERACTOR] UPGRADE_DC 35
[INTERACTOR → SOLUTION] 9
[INTERACTOR → SOLUTION] 10 22 6 17 1
[SOLUTION → INTERACTOR] 5
[SOLUTION → INTERACTOR] CONVERT 1 4
[SOLUTION → INTERACTOR] CONVERT 1 4
[SOLUTION → INTERACTOR] CONVERT 1 4
[SOLUTION → INTERACTOR] CONVERT 1 4
[SOLUTION → INTERACTOR] UPGRADE_DC 31
[INTERACTOR → SOLUTION] 9
[INTERACTOR → SOLUTION] 10 23 6 15 2
[SOLUTION → INTERACTOR] 7
[SOLUTION → INTERACTOR] CONVERT 1 4
[SOLUTION → INTERACTOR] CONVERT 1 4
[SOLUTION → INTERACTOR] CONVERT 1 4
[SOLUTION → INTERACTOR] UPGRADE_DC 33
[SOLUTION → INTERACTOR] CONVERT 1 4
[SOLUTION → INTERACTOR] CONVERT 1 4
[SOLUTION → INTERACTOR] UPGRADE_DC 18
[INTERACTOR → SOLUTION] 85
[INTERACTOR → SOLUTION] 1 5 25 26 14 17 27 28
[INTERACTOR → SOLUTION] 4 10 38 39 29 26 25 40
[INTERACTOR → SOLUTION] 0 9 47 48 41 39 38 49
[INTERACTOR → SOLUTION] 0 6 14 15 0 5 16 17
[INTERACTOR → SOLUTION] 1 9 29 30 18 15 14 26
[INTERACTOR → SOLUTION] 4 4 41 42 31 30 29 39
[INTERACTOR → SOLUTION] 5 0 50 51 43 42 41 48
[INTERACTOR → SOLUTION] 3 11 0 1 2 3 4 5
[INTERACTOR → SOLUTION] 0 8 18 19 6 1 0 15
[INTERACTOR → SOLUTION] 0 8 31 32 20 19 18 30
[INTERACTOR → SOLUTION] 4 3 43 44 33 32 31 42
[INTERACTOR → SOLUTION] 3 12 52 53 45 44 43 51
[INTERACTOR → SOLUTION] 3 3 6 7 8 9 2 1
[INTERACTOR → SOLUTION] 3 10 20 21 10 7 6 19
[INTERACTOR → SOLUTION] 0 5 33 34 22 21 20 32
[INTERACTOR → SOLUTION] 3 4 45 46 35 34 33 44
[INTERACTOR → SOLUTION] 3 11 10 11 12 13 8 7
[INTERACTOR → SOLUTION] 2 6 22 23 24 11 10 21
[INTERACTOR → SOLUTION] 4 2 35 36 37 23 22 34
[INTERACTOR → SOLUTION] C0 2 25 28
[INTERACTOR → SOLUTION] C1 2 51 52
[INTERACTOR → SOLUTION] C2 2 2 3
[INTERACTOR → SOLUTION] C3 2 35 46
[INTERACTOR → SOLUTION] C4 2 47 48
[INTERACTOR → SOLUTION] C31 8 4 5 17 27 8 9 11 24
[SOLUTION → INTERACTOR] START
[SOLUTION → INTERACTOR] BUILD_DC 10
[SOLUTION → INTERACTOR] BUILD_DC 14
[SOLUTION → INTERACTOR] BUILD_CABLE 10 21
[SOLUTION → INTERACTOR] BUILD_CABLE 14 15
[INTERACTOR → SOLUTION] 9
[INTERACTOR → SOLUTION] 0 1 0 0 0
[SOLUTION → INTERACTOR] 0
[INTERACTOR → SOLUTION] 6
[INTERACTOR → SOLUTION] 1 1 1 0 0
[SOLUTION → INTERACTOR] 1
[SOLUTION → INTERACTOR] BUILD_CABLE 15 18
[INTERACTOR → SOLUTION] 8
[INTERACTOR → SOLUTION] 0 0 1 0 0
[SOLUTION → INTERACTOR] 0
[INTERACTOR → SOLUTION] 6
[INTERACTOR → SOLUTION] 1 0 2 0 0
[SOLUTION → INTERACTOR] 0
[INTERACTOR → SOLUTION] 8
[INTERACTOR → SOLUTION] 1 0 2 0 0
[SOLUTION → INTERACTOR] 0
[INTERACTOR → SOLUTION] 8
[INTERACTOR → SOLUTION] 1 0 2 0 0
[SOLUTION → INTERACTOR] 0
[INTERACTOR → SOLUTION] 4
[INTERACTOR → SOLUTION] 1 0 2 0 0
[SOLUTION → INTERACTOR] 0
[INTERACTOR → SOLUTION] 9
[INTERACTOR → SOLUTION] 1 1 2 0 0
[SOLUTION → INTERACTOR] 1
[SOLUTION → INTERACTOR] BUILD_CABLE 18 19
[INTERACTOR → SOLUTION] 9
[INTERACTOR → SOLUTION] 0 1 2 0 0
[SOLUTION → INTERACTOR] 0
[INTERACTOR → SOLUTION] 10
[INTERACTOR → SOLUTION] 0 1 2 1 0
[SOLUTION → INTERACTOR] 0
[INTERACTOR → SOLUTION] 4
[INTERACTOR → SOLUTION] 0 1 2 1 0
[SOLUTION → INTERACTOR] 0
[INTERACTOR → SOLUTION] 10
[INTERACTOR → SOLUTION] 0 1 2 2 0
[SOLUTION → INTERACTOR] 0
[INTERACTOR → SOLUTION] 5
[INTERACTOR → SOLUTION] 0 2 2 2 0
[SOLUTION → INTERACTOR] 0
[INTERACTOR → SOLUTION] 8
[INTERACTOR → SOLUTION] 0 2 2 2 0
[SOLUTION → INTERACTOR] 0
[INTERACTOR → SOLUTION] 2
[INTERACTOR → SOLUTION] 0 2 2 2 0
[SOLUTION → INTERACTOR] 0
[INTERACTOR → SOLUTION] 10
[INTERACTOR → SOLUTION] 0 2 2 3 0
[SOLUTION → INTERACTOR] 0
[INTERACTOR → SOLUTION] 4
[INTERACTOR → SOLUTION] 0 2 2 3 0
[SOLUTION → INTERACTOR] 0
[INTERACTOR → SOLUTION] 11
[INTERACTOR → SOLUTION] 0 2 2 4 0
[SOLUTION → INTERACTOR] 0
[INTERACTOR → SOLUTION] 6
[INTERACTOR → SOLUTION] 1 2 3 4 0
[SOLUTION → INTERACTOR] 1
[SOLUTION → INTERACTOR] BUILD_DC 18
[INTERACTOR → SOLUTION] 5
[INTERACTOR → SOLUTION] 0 2 2 3 0
[SOLUTION → INTERACTOR] 0
[INTERACTOR → SOLUTION] 9
[INTERACTOR → SOLUTION] 0 4 2 3 0
[SOLUTION → INTERACTOR] 0
[INTERACTOR → SOLUTION] 4
[INTERACTOR → SOLUTION] 0 4 2 3 0
[SOLUTION → INTERACTOR] 0
[INTERACTOR → SOLUTION] 9
[INTERACTOR → SOLUTION] 0 6 2 3 0
[SOLUTION → INTERACTOR] 0
[INTERACTOR → SOLUTION] 8
[INTERACTOR → SOLUTION] 2 6 2 3 0
[SOLUTION → INTERACTOR] 2
[SOLUTION → INTERACTOR] BUILD_CABLE 15 0
[SOLUTION → INTERACTOR] BUILD_DC 0
[INTERACTOR → SOLUTION] 9
[INTERACTOR → SOLUTION] 0 6 1 2 0
[SOLUTION → INTERACTOR] 0
[INTERACTOR → SOLUTION] 2
[INTERACTOR → SOLUTION] 0 6 1 2 0
[SOLUTION → INTERACTOR] 0
[INTERACTOR → SOLUTION] 5
[INTERACTOR → SOLUTION] 0 7 1 2 0
[SOLUTION → INTERACTOR] 2
[SOLUTION → INTERACTOR] CONVERT 1 0
[SOLUTION → INTERACTOR] BUILD_CABLE 19 20
[INTERACTOR → SOLUTION] 3
[INTERACTOR → SOLUTION] 0 2 1 2 0
[SOLUTION → INTERACTOR] 0
[INTERACTOR → SOLUTION] 8
[INTERACTOR → SOLUTION] 3 2 1 2 0
[SOLUTION → INTERACTOR] 2
[SOLUTION → INTERACTOR] BUILD_DC 20
[SOLUTION → INTERACTOR] BUILD_CABLE 19 6
[INTERACTOR → SOLUTION] 5
[INTERACTOR → SOLUTION] 2 1 0 1 0
[SOLUTION → INTERACTOR] 1
[SOLUTION → INTERACTOR] BUILD_CABLE 21 22
[INTERACTOR → SOLUTION] 5
[INTERACTOR → SOLUTION] 2 1 0 1 0
[SOLUTION → INTERACTOR] 1
[SOLUTION → INTERACTOR] BUILD_CABLE 22 34
[INTERACTOR → SOLUTION] 4
[INTERACTOR → SOLUTION] 1 0 0 1 0
[SOLUTION → INTERACTOR] 0
[INTERACTOR → SOLUTION] 8
[INTERACTOR → SOLUTION] 5 0 0 1 0
[SOLUTION → INTERACTOR] 0
[INTERACTOR → SOLUTION] 9
[INTERACTOR → SOLUTION] 5 2 0 1 0
[SOLUTION → INTERACTOR] 2
[SOLUTION → INTERACTOR] BUILD_CABLE 34 33
[SOLUTION → INTERACTOR] BUILD_CABLE 10 11
[INTERACTOR → SOLUTION] 12
[INTERACTOR → SOLUTION] 3 0 0 1 0
[SOLUTION → INTERACTOR] 0
[INTERACTOR → SOLUTION] 7
[INTERACTOR → SOLUTION] 3 0 0 1 0
[SOLUTION → INTERACTOR] 0
[INTERACTOR → SOLUTION] 3
[INTERACTOR → SOLUTION] 3 0 0 1 0
[SOLUTION → INTERACTOR] 0
[INTERACTOR → SOLUTION] 7
[INTERACTOR → SOLUTION] 3 0 0 1 0
[SOLUTION → INTERACTOR] 0
[INTERACTOR → SOLUTION] 9
[INTERACTOR → SOLUTION] 3 2 0 1 0
[SOLUTION → INTERACTOR] 2
[SOLUTION → INTERACTOR] BUILD_CABLE 11 24
[SOLUTION → INTERACTOR] BUILD_CABLE 6 7
[INTERACTOR → SOLUTION] 8
[INTERACTOR → SOLUTION] 5 0 0 1 0
[SOLUTION → INTERACTOR] 0
[INTERACTOR → SOLUTION] 6
[INTERACTOR → SOLUTION] 7 0 1 1 0
[SOLUTION → INTERACTOR] 2
[SOLUTION → INTERACTOR] CONVERT 0 1
[SOLUTION → INTERACTOR] BUILD_DC 6
[INTERACTOR → SOLUTION] 7
[INTERACTOR → SOLUTION] 2 0 0 0 0
[SOLUTION → INTERACTOR] 0
[INTERACTOR → SOLUTION] 5
[INTERACTOR → SOLUTION] 3 1 0 0 0
[SOLUTION → INTERACTOR] 1
[SOLUTION → INTERACTOR] BUILD_CABLE 7 8
[INTERACTOR → SOLUTION] 8
[INTERACTOR → SOLUTION] 7 0 0 0 0
[SOLUTION → INTERACTOR] 2
[SOLUTION → INTERACTOR] CONVERT 0 1
[SOLUTION → INTERACTOR] BUILD_CABLE 8 9
[INTERACTOR → SOLUTION] 9
[INTERACTOR → SOLUTION] 2 2 0 0 0
[SOLUTION → INTERACTOR] 2
[SOLUTION → INTERACTOR] BUILD_CABLE 14 17
[SOLUTION → INTERACTOR] BUILD_CABLE 17 27
[INTERACTOR → SOLUTION] 4
[INTERACTOR → SOLUTION] 0 0 0 0 0
[SOLUTION → INTERACTOR] 0
[INTERACTOR → SOLUTION] 5
[INTERACTOR → SOLUTION] 1 1 0 0 0
[SOLUTION → INTERACTOR] 1
[SOLUTION → INTERACTOR] BUILD_CABLE 0 5
[INTERACTOR → SOLUTION] 2
[INTERACTOR → SOLUTION] 0 0 0 0 0
[SOLUTION → INTERACTOR] 0
[INTERACTOR → SOLUTION] 7
[INTERACTOR → SOLUTION] 0 0 0 0 0
[SOLUTION → INTERACTOR] 0
[INTERACTOR → SOLUTION] 8
[INTERACTOR → SOLUTION] 5 0 0 0 0
[SOLUTION → INTERACTOR] 0
[INTERACTOR → SOLUTION] 9
[INTERACTOR → SOLUTION] 5 2 0 0 0
[SOLUTION → INTERACTOR] 2
[SOLUTION → INTERACTOR] BUILD_CABLE 5 4
[SOLUTION → INTERACTOR] BUILD_CABLE 22 23
[INTERACTOR → SOLUTION] 7
[INTERACTOR → SOLUTION] 3 0 0 0 0
[SOLUTION → INTERACTOR] 0
[INTERACTOR → SOLUTION] 11
[INTERACTOR → SOLUTION] 3 0 0 2 0
[SOLUTION → INTERACTOR] 0
[INTERACTOR → SOLUTION] 7
[INTERACTOR → SOLUTION] 3 0 0 2 0
[SOLUTION → INTERACTOR] 0
[INTERACTOR → SOLUTION] 6
[INTERACTOR → SOLUTION] 5 0 1 2 0
[SOLUTION → INTERACTOR] 0
[INTERACTOR → SOLUTION] 9
[INTERACTOR → SOLUTION] 5 2 1 2 0
[SOLUTION → INTERACTOR] 2
[SOLUTION → INTERACTOR] BUILD_DC 22
[SOLUTION → INTERACTOR] BUILD_CABLE 33 44
[INTERACTOR → SOLUTION] 7
[INTERACTOR → SOLUTION] 3 0 0 1 0
[SOLUTION → INTERACTOR] 0
[INTERACTOR → SOLUTION] 7
[INTERACTOR → SOLUTION] 3 0 0 1 0
[SOLUTION → INTERACTOR] 0
[INTERACTOR → SOLUTION] 8
[INTERACTOR → SOLUTION] 8 0 0 1 0
[SOLUTION → INTERACTOR] 2
[SOLUTION → INTERACTOR] CONVERT 0 1
[SOLUTION → INTERACTOR] BUILD_CABLE 5 16
[INTERACTOR → SOLUTION] 11
[INTERACTOR → SOLUTION] 3 0 0 3 0
[SOLUTION → INTERACTOR] 0
[INTERACTOR → SOLUTION] 10
[INTERACTOR → SOLUTION] 3 0 0 6 0
[SOLUTION → INTERACTOR] 0
[INTERACTOR → SOLUTION] 12
[INTERACTOR → SOLUTION] 3 0 0 6 0
[SOLUTION → INTERACTOR] 0
[INTERACTOR → SOLUTION] 8
[INTERACTOR → SOLUTION] 8 0 0 6 0
[SOLUTION → INTERACTOR] 2
[SOLUTION → INTERACTOR] CONVERT 0 1
[SOLUTION → INTERACTOR] BUILD_CABLE 14 26
[INTERACTOR → SOLUTION] 8
[INTERACTOR → SOLUTION] 8 0 0 6 0
[SOLUTION → INTERACTOR] 2
[SOLUTION → INTERACTOR] CONVERT 0 1
[SOLUTION → INTERACTOR] BUILD_CABLE 26 29
[INTERACTOR → SOLUTION] 9
[INTERACTOR → SOLUTION] 3 2 0 6 0
[SOLUTION → INTERACTOR] 2
[SOLUTION → INTERACTOR] BUILD_CABLE 29 39
[SOLUTION → INTERACTOR] BUILD_CABLE 26 25
[INTERACTOR → SOLUTION] 9
[INTERACTOR → SOLUTION] 1 2 0 6 0
[SOLUTION → INTERACTOR] 1
[SOLUTION → INTERACTOR] BUILD_CABLE 39 38
[INTERACTOR → SOLUTION] 8
[INTERACTOR → SOLUTION] 5 1 0 6 0
[SOLUTION → INTERACTOR] 1
[SOLUTION → INTERACTOR] BUILD_CABLE 39 41
[INTERACTOR → SOLUTION] 5
[INTERACTOR → SOLUTION] 6 1 0 6 0
[SOLUTION → INTERACTOR] 1
[SOLUTION → INTERACTOR] BUILD_CABLE 18 30
[INTERACTOR → SOLUTION] 6
[INTERACTOR → SOLUTION] 7 0 2 6 0
[SOLUTION → INTERACTOR] 2
[SOLUTION → INTERACTOR] CONVERT 0 1
[SOLUTION → INTERACTOR] BUILD_DC 29
[INTERACTOR → SOLUTION] 4
[INTERACTOR → SOLUTION] 2 0 1 5 1
[SOLUTION → INTERACTOR] 0
[INTERACTOR → SOLUTION] 5
[INTERACTOR → SOLUTION] 4 1 1 5 1
[SOLUTION → INTERACTOR] 1
[SOLUTION → INTERACTOR] BUILD_DC 33
[INTERACTOR → SOLUTION] 5
[INTERACTOR → SOLUTION] 6 1 0 4 1
[SOLUTION → INTERACTOR] 1
[SOLUTION → INTERACTOR] BUILD_CABLE 30 31
[INTERACTOR → SOLUTION] 7
[INTERACTOR → SOLUTION] 5 0 0 4 1
[SOLUTION → INTERACTOR] 0
[INTERACTOR → SOLUTION] 10
[INTERACTOR → SOLUTION] 5 0 0 7 2
[SOLUTION → INTERACTOR] 0
[INTERACTOR → SOLUTION] 5
[INTERACTOR → SOLUTION] 8 1 0 7 2
[SOLUTION → INTERACTOR] 2
[SOLUTION → INTERACTOR] CONVERT 0 2
[SOLUTION → INTERACTOR] BUILD_DC 31
[INTERACTOR → SOLUTION] 5
[INTERACTOR → SOLUTION] 6 1 0 6 2
[SOLUTION → INTERACTOR] 0
[INTERACTOR → SOLUTION] 8
[INTERACTOR → SOLUTION] 12 1 0 6 2
[SOLUTION → INTERACTOR] 5
[SOLUTION → INTERACTOR] CONVERT 0 2
[SOLUTION → INTERACTOR] BUILD_DC 25
[SOLUTION → INTERACTOR] CONVERT 0 1
[SOLUTION → INTERACTOR] CONVERT 0 2
[SOLUTION → INTERACTOR] BUILD_DC 38
[INTERACTOR → SOLUTION] 7
[INTERACTOR → SOLUTION] 2 0 0 4 2
[SOLUTION → INTERACTOR] 0
[INTERACTOR → SOLUTION] 10
[INTERACTOR → SOLUTION] 2 0 0 7 5
[SOLUTION → INTERACTOR] 1
[SOLUTION → INTERACTOR] UPGRADE_DC 18
[INTERACTOR → SOLUTION] 7
[INTERACTOR → SOLUTION] 2 0 0 5 2
[SOLUTION → INTERACTOR] 0
[INTERACTOR → SOLUTION] 7
[INTERACTOR → SOLUTION] 2 0 0 5 2
[SOLUTION → INTERACTOR] 0
[INTERACTOR → SOLUTION] 9
[INTERACTOR → SOLUTION] 3 4 0 5 2
[SOLUTION → INTERACTOR] 0
[INTERACTOR → SOLUTION] 6
[INTERACTOR → SOLUTION] 5 4 2 5 2
[SOLUTION → INTERACTOR] 2
[SOLUTION → INTERACTOR] BUILD_DC 41
[SOLUTION → INTERACTOR] BUILD_DC 16
[INTERACTOR → SOLUTION] 5
[INTERACTOR → SOLUTION] 6 4 0 3 2
[SOLUTION → INTERACTOR] 2
[SOLUTION → INTERACTOR] CONVERT 0 2
[SOLUTION → INTERACTOR] BUILD_DC 24
[INTERACTOR → SOLUTION] 8
[INTERACTOR → SOLUTION] 11 3 0 2 2
[SOLUTION → INTERACTOR] 5
[SOLUTION → INTERACTOR] CONVERT 0 2
[SOLUTION → INTERACTOR] BUILD_DC 8
[SOLUTION → INTERACTOR] CONVERT 0 2
[SOLUTION → INTERACTOR] BUILD_DC 27
[SOLUTION → INTERACTOR] CONVERT 0 2
[INTERACTOR → SOLUTION] 103
[INTERACTOR → SOLUTION] 3 10 25 26 14 17 27 28
[INTERACTOR → SOLUTION] 4 4 38 39 29 26 25 40
[INTERACTOR → SOLUTION] 1 5 47 48 41 39 38 49
[INTERACTOR → SOLUTION] 2 5 14 15 0 5 16 17
[INTERACTOR → SOLUTION] 0 6 29 30 18 15 14 26
[INTERACTOR → SOLUTION] 2 9 41 42 31 30 29 39
[INTERACTOR → SOLUTION] 4 11 50 51 43 42 41 48
[INTERACTOR → SOLUTION] 0 4 0 1 2 3 4 5
[INTERACTOR → SOLUTION] 3 2 18 19 6 1 0 15
[INTERACTOR → SOLUTION] 3 10 31 32 20 19 18 30
[INTERACTOR → SOLUTION] 4 11 43 44 33 32 31 42
[INTERACTOR → SOLUTION] 5 0 52 53 45 44 43 51
[INTERACTOR → SOLUTION] 3 12 6 7 8 9 2 1
[INTERACTOR → SOLUTION] 2 9 20 21 10 7 6 19
[INTERACTOR → SOLUTION] 0 8 33 34 22 21 20 32
[INTERACTOR → SOLUTION] 3 3 45 46 35 34 33 44
[INTERACTOR → SOLUTION] 0 8 10 11 12 13 8 7
[INTERACTOR → SOLUTION] 4 3 22 23 24 11 10 21
[INTERACTOR → SOLUTION] 0 6 35 36 37 23 22 34
[INTERACTOR → SOLUTION] C0 2 4 5
[INTERACTOR → SOLUTION] C1 2 35 46
[INTERACTOR → SOLUTION] C2 2 2 3
[INTERACTOR → SOLUTION] C3 2 25 28
[INTERACTOR → SOLUTION] C4 2 11 12
[INTERACTOR → SOLUTION] C31 8 51 52 38 40 45 53 23 37
[SOLUTION → INTERACTOR] START
[SOLUTION → INTERACTOR] BUILD_DC 18
[SOLUTION → INTERACTOR] BUILD_DC 39
[SOLUTION → INTERACTOR] BUILD_CABLE 18 30
[SOLUTION → INTERACTOR] BUILD_CABLE 39 29
[INTERACTOR → SOLUTION] 11
[INTERACTOR → SOLUTION] 0 0 0 0 0
[SOLUTION → INTERACTOR] 0
[INTERACTOR → SOLUTION] 4
[INTERACTOR → SOLUTION] 0 0 0 0 1
[SOLUTION → INTERACTOR] 0
[INTERACTOR → SOLUTION] 6
[INTERACTOR → SOLUTION] 1 0 0 0 1
[SOLUTION → INTERACTOR] 0
[INTERACTOR → SOLUTION] 9
[INTERACTOR → SOLUTION] 1 0 1 0 1
[SOLUTION → INTERACTOR] 0
[INTERACTOR → SOLUTION] 12
[INTERACTOR → SOLUTION] 1 0 1 0 1
[SOLUTION → INTERACTOR] 0
[INTERACTOR → SOLUTION] 10
[INTERACTOR → SOLUTION] 1 0 1 1 1
[SOLUTION → INTERACTOR] 0
[INTERACTOR → SOLUTION] 10
[INTERACTOR → SOLUTION] 1 0 1 2 1
[SOLUTION → INTERACTOR] 0
[INTERACTOR → SOLUTION] 5
[INTERACTOR → SOLUTION] 1 1 1 2 1
[SOLUTION → INTERACTOR] 1
[SOLUTION → INTERACTOR] BUILD_CABLE 29 26
[INTERACTOR → SOLUTION] 4
[INTERACTOR → SOLUTION] 0 0 1 2 2
[SOLUTION → INTERACTOR] 0
[INTERACTOR → SOLUTION] 7
[INTERACTOR → SOLUTION] 0 0 1 2 2
[SOLUTION → INTERACTOR] 0
[INTERACTOR → SOLUTION] 6
[INTERACTOR → SOLUTION] 1 0 1 2 2
[SOLUTION → INTERACTOR] 0
[INTERACTOR → SOLUTION] 3
[INTERACTOR → SOLUTION] 1 0 1 2 2
[SOLUTION → INTERACTOR] 0
[INTERACTOR → SOLUTION] 4
[INTERACTOR → SOLUTION] 1 0 1 2 3
[SOLUTION → INTERACTOR] 1
[SOLUTION → INTERACTOR] UPGRADE_DC 39
[INTERACTOR → SOLUTION] 7
[INTERACTOR → SOLUTION] 1 0 1 0 0
[SOLUTION → INTERACTOR] 0
[INTERACTOR → SOLUTION] 6
[INTERACTOR → SOLUTION] 2 0 1 0 0
[SOLUTION → INTERACTOR] 0
[INTERACTOR → SOLUTION] 6
[INTERACTOR → SOLUTION] 3 0 1 0 0
[SOLUTION → INTERACTOR] 0
[INTERACTOR → SOLUTION] 5
[INTERACTOR → SOLUTION] 3 2 1 0 0
[SOLUTION → INTERACTOR] 2
[SOLUTION → INTERACTOR] BUILD_CABLE 26 14
[SOLUTION → INTERACTOR] BUILD_CABLE 30 31
[INTERACTOR → SOLUTION] 6
[INTERACTOR → SOLUTION] 2 0 1 0 0
[SOLUTION → INTERACTOR] 0
[INTERACTOR → SOLUTION] 9
[INTERACTOR → SOLUTION] 2 0 3 0 0
[SOLUTION → INTERACTOR] 0
[INTERACTOR → SOLUTION] 8
[INTERACTOR → SOLUTION] 2 0 3 0 0
[SOLUTION → INTERACTOR] 0
[INTERACTOR → SOLUTION] 6
[INTERACTOR → SOLUTION] 3 0 3 0 0
[SOLUTION → INTERACTOR] 0
[INTERACTOR → SOLUTION] 8
[INTERACTOR → SOLUTION] 3 0 3 0 0
[SOLUTION → INTERACTOR] 0
[INTERACTOR → SOLUTION] 9
[INTERACTOR → SOLUTION] 3 0 5 0 0
[SOLUTION → INTERACTOR] 0
[INTERACTOR → SOLUTION] 8
[INTERACTOR → SOLUTION] 3 0 5 0 0
[SOLUTION → INTERACTOR] 0
[INTERACTOR → SOLUTION] 6
[INTERACTOR → SOLUTION] 4 0 5 0 0
[SOLUTION → INTERACTOR] 0
[INTERACTOR → SOLUTION] 3
[INTERACTOR → SOLUTION] 4 0 5 0 0
[SOLUTION → INTERACTOR] 0
[INTERACTOR → SOLUTION] 8
[INTERACTOR → SOLUTION] 4 0 5 0 0
[SOLUTION → INTERACTOR] 0
[INTERACTOR → SOLUTION] 7
[INTERACTOR → SOLUTION] 4 0 5 0 0
[SOLUTION → INTERACTOR] 0
[INTERACTOR → SOLUTION] 9
[INTERACTOR → SOLUTION] 4 0 7 0 0
[SOLUTION → INTERACTOR] 2
[SOLUTION → INTERACTOR] CONVERT 2 1
[SOLUTION → INTERACTOR] BUILD_CABLE 31 32
[INTERACTOR → SOLUTION] 6
[INTERACTOR → SOLUTION] 4 0 3 0 0
[SOLUTION → INTERACTOR] 0
[INTERACTOR → SOLUTION] 11
[INTERACTOR → SOLUTION] 4 0 3 0 0
[SOLUTION → INTERACTOR] 0
[INTERACTOR → SOLUTION] 7
[INTERACTOR → SOLUTION] 4 0 3 0 0
[SOLUTION → INTERACTOR] 0
[INTERACTOR → SOLUTION] 4
[INTERACTOR → SOLUTION] 4 0 3 0 2
[SOLUTION → INTERACTOR] 0
[INTERACTOR → SOLUTION] 8
[INTERACTOR → SOLUTION] 4 0 3 0 2
[SOLUTION → INTERACTOR] 0
[INTERACTOR → SOLUTION] 12
[INTERACTOR → SOLUTION] 4 0 3 0 2
[SOLUTION → INTERACTOR] 0
[INTERACTOR → SOLUTION] 11
[INTERACTOR → SOLUTION] 4 0 3 0 2
[SOLUTION → INTERACTOR] 0
[INTERACTOR → SOLUTION] 7
[INTERACTOR → SOLUTION] 4 0 3 0 2
[SOLUTION → INTERACTOR] 0
[INTERACTOR → SOLUTION] 7
[INTERACTOR → SOLUTION] 4 0 3 0 2
[SOLUTION → INTERACTOR] 0
[INTERACTOR → SOLUTION] 5
[INTERACTOR → SOLUTION] 4 2 3 0 2
[SOLUTION → INTERACTOR] 2
[SOLUTION → INTERACTOR] BUILD_CABLE 32 20
[SOLUTION → INTERACTOR] BUILD_CABLE 20 21
[INTERACTOR → SOLUTION] 7
[INTERACTOR → SOLUTION] 2 0 3 0 2
[SOLUTION → INTERACTOR] 0
[INTERACTOR → SOLUTION] 7
[INTERACTOR → SOLUTION] 2 0 3 0 2
[SOLUTION → INTERACTOR] 0
[INTERACTOR → SOLUTION] 4
[INTERACTOR → SOLUTION] 2 0 3 0 4
[SOLUTION → INTERACTOR] 0
[INTERACTOR → SOLUTION] 11
[INTERACTOR → SOLUTION] 2 0 3 0 4
[SOLUTION → INTERACTOR] 0
[INTERACTOR → SOLUTION] 8
[INTERACTOR → SOLUTION] 2 0 3 0 4
[SOLUTION → INTERACTOR] 0
[INTERACTOR → SOLUTION] 9
[INTERACTOR → SOLUTION] 2 0 5 0 4
[SOLUTION → INTERACTOR] 0
[INTERACTOR → SOLUTION] 3
[INTERACTOR → SOLUTION] 2 0 5 0 4
[SOLUTION → INTERACTOR] 0
[INTERACTOR → SOLUTION] 8
[INTERACTOR → SOLUTION] 2 0 5 0 4
[SOLUTION → INTERACTOR] 0
[INTERACTOR → SOLUTION] 6
[INTERACTOR → SOLUTION] 3 0 5 0 4
[SOLUTION → INTERACTOR] 0
[INTERACTOR → SOLUTION] 5
[INTERACTOR → SOLUTION] 3 2 5 0 4
[SOLUTION → INTERACTOR] 2
[SOLUTION → INTERACTOR] BUILD_CABLE 21 22
[SOLUTION → INTERACTOR] BUILD_CABLE 22 23
[INTERACTOR → SOLUTION] 8
[INTERACTOR → SOLUTION] 1 0 5 0 4
[SOLUTION → INTERACTOR] 0
[INTERACTOR → SOLUTION] 6
[INTERACTOR → SOLUTION] 2 0 5 0 4
[SOLUTION → INTERACTOR] 0
[INTERACTOR → SOLUTION] 9
[INTERACTOR → SOLUTION] 2 0 7 0 4
[SOLUTION → INTERACTOR] 2
[SOLUTION → INTERACTOR] CONVERT 2 1
[SOLUTION → INTERACTOR] BUILD_CABLE 23 37
[INTERACTOR → SOLUTION] 12
[INTERACTOR → SOLUTION] 1 0 3 0 4
[SOLUTION → INTERACTOR] 0
[INTERACTOR → SOLUTION] 9
[INTERACTOR → SOLUTION] 1 0 5 0 4
[SOLUTION → INTERACTOR] 0
[INTERACTOR → SOLUTION] 10
[INTERACTOR → SOLUTION] 1 0 5 1 4
[SOLUTION → INTERACTOR] 0
[INTERACTOR → SOLUTION] 7
[INTERACTOR → SOLUTION] 1 0 5 1 4
[SOLUTION → INTERACTOR] 0
[INTERACTOR → SOLUTION] 6
[INTERACTOR → SOLUTION] 2 0 5 1 4
[SOLUTION → INTERACTOR] 0
[INTERACTOR → SOLUTION] 8
[INTERACTOR → SOLUTION] 2 0 5 1 4
[SOLUTION → INTERACTOR] 0
[INTERACTOR → SOLUTION] 6
[INTERACTOR → SOLUTION] 3 0 5 1 4
[SOLUTION → INTERACTOR] 0
[INTERACTOR → SOLUTION] 3
[INTERACTOR → SOLUTION] 3 0 5 1 4
[SOLUTION → INTERACTOR] 0
[INTERACTOR → SOLUTION] 6
[INTERACTOR → SOLUTION] 4 0 5 1 4
[SOLUTION → INTERACTOR] 0
[INTERACTOR → SOLUTION] 9
[INTERACTOR → SOLUTION] 4 0 7 1 4
[SOLUTION → INTERACTOR] 2
[SOLUTION → INTERACTOR] CONVERT 2 1
[SOLUTION → INTERACTOR] BUILD_DC 14
[INTERACTOR → SOLUTION] 8
[INTERACTOR → SOLUTION] 3 0 2 0 4
[SOLUTION → INTERACTOR] 0
[INTERACTOR → SOLUTION] 5
[INTERACTOR → SOLUTION] 3 2 3 0 4
[SOLUTION → INTERACTOR] 2
[SOLUTION → INTERACTOR] BUILD_CABLE 22 34
[SOLUTION → INTERACTOR] BUILD_CABLE 21 10
[INTERACTOR → SOLUTION] 7
[INTERACTOR → SOLUTION] 1 0 3 0 4
[SOLUTION → INTERACTOR] 0
[INTERACTOR → SOLUTION] 9
[INTERACTOR → SOLUTION] 1 0 5 0 4
[SOLUTION → INTERACTOR] 0
[INTERACTOR → SOLUTION] 9
[INTERACTOR → SOLUTION] 1 0 7 0 4
[SOLUTION → INTERACTOR] 2
[SOLUTION → INTERACTOR] CONVERT 2 1
[SOLUTION → INTERACTOR] BUILD_CABLE 10 7
[INTERACTOR → SOLUTION] 6
[INTERACTOR → SOLUTION] 2 0 3 0 4
[SOLUTION → INTERACTOR] 0
[INTERACTOR → SOLUTION] 8
[INTERACTOR → SOLUTION] 2 0 3 0 4
[SOLUTION → INTERACTOR] 0
[INTERACTOR → SOLUTION] 5
[INTERACTOR → SOLUTION] 2 2 4 0 4
[SOLUTION → INTERACTOR] 2
[SOLUTION → INTERACTOR] BUILD_CABLE 32 33
[SOLUTION → INTERACTOR] BUILD_CABLE 31 42
[INTERACTOR → SOLUTION] 6
[INTERACTOR → SOLUTION] 2 0 4 0 4
[SOLUTION → INTERACTOR] 0
[INTERACTOR → SOLUTION] 12
[INTERACTOR → SOLUTION] 2 0 4 0 4
[SOLUTION → INTERACTOR] 0
[INTERACTOR → SOLUTION] 6
[INTERACTOR → SOLUTION] 4 0 4 0 4
[SOLUTION → INTERACTOR] 0
[INTERACTOR → SOLUTION] 10
[INTERACTOR → SOLUTION] 4 0 4 2 4
[SOLUTION → INTERACTOR] 0
[INTERACTOR → SOLUTION] 9
[INTERACTOR → SOLUTION] 4 0 6 2 4
[SOLUTION → INTERACTOR] 0
[INTERACTOR → SOLUTION] 5
[INTERACTOR → SOLUTION] 4 2 7 2 4
[SOLUTION → INTERACTOR] 2
[SOLUTION → INTERACTOR] BUILD_DC 20
[SOLUTION → INTERACTOR] BUILD_DC 22
[INTERACTOR → SOLUTION] 6
[INTERACTOR → SOLUTION] 5 0 5 0 4
[SOLUTION → INTERACTOR] 0
[INTERACTOR → SOLUTION] 7
[INTERACTOR → SOLUTION] 5 0 5 0 4
[SOLUTION → INTERACTOR] 0
[INTERACTOR → SOLUTION] 5
[INTERACTOR → SOLUTION] 5 2 6 0 4
[SOLUTION → INTERACTOR] 2
[SOLUTION → INTERACTOR] BUILD_CABLE 10 11
[SOLUTION → INTERACTOR] BUILD_CABLE 34 35
[INTERACTOR → SOLUTION] 7
[INTERACTOR → SOLUTION] 3 0 6 0 4
[SOLUTION → INTERACTOR] 0
[INTERACTOR → SOLUTION] 8
[INTERACTOR → SOLUTION] 5 0 6 0 4
[SOLUTION → INTERACTOR] 0
[INTERACTOR → SOLUTION] 9
[INTERACTOR → SOLUTION] 5 0 9 0 4
[SOLUTION → INTERACTOR] 2
[SOLUTION → INTERACTOR] CONVERT 2 1
[SOLUTION → INTERACTOR] BUILD_CABLE 26 25
[INTERACTOR → SOLUTION] 8
[INTERACTOR → SOLUTION] 6 0 5 0 4
[SOLUTION → INTERACTOR] 0
[INTERACTOR → SOLUTION] 9
[INTERACTOR → SOLUTION] 6 0 8 0 4
[SOLUTION → INTERACTOR] 2
[SOLUTION → INTERACTOR] CONVERT 2 1
[SOLUTION → INTERACTOR] BUILD_CABLE 25 40
[INTERACTOR → SOLUTION] 5
[INTERACTOR → SOLUTION] 5 2 5 0 4
[SOLUTION → INTERACTOR] 2
[SOLUTION → INTERACTOR] BUILD_CABLE 7 6
[SOLUTION → INTERACTOR] BUILD_CABLE 7 8
[INTERACTOR → SOLUTION] 7
[INTERACTOR → SOLUTION] 3 0 5 0 4
[SOLUTION → INTERACTOR] 0
[INTERACTOR → SOLUTION] 5
[INTERACTOR → SOLUTION] 3 2 6 0 4
[SOLUTION → INTERACTOR] 2
[SOLUTION → INTERACTOR] BUILD_CABLE 33 44
[SOLUTION → INTERACTOR] BUILD_CABLE 44 45
[INTERACTOR → SOLUTION] 5
[INTERACTOR → SOLUTION] 1 2 7 0 4
[SOLUTION → INTERACTOR] 2
[SOLUTION → INTERACTOR] CONVERT 2 3
[SOLUTION → INTERACTOR] BUILD_DC 10
[INTERACTOR → SOLUTION] 6
[INTERACTOR → SOLUTION] 3 1 2 0 4
[SOLUTION → INTERACTOR] 1
[SOLUTION → INTERACTOR] BUILD_CABLE 45 53
[INTERACTOR → SOLUTION] 6
[INTERACTOR → SOLUTION] 5 0 2 0 4
[SOLUTION → INTERACTOR] 0
[INTERACTOR → SOLUTION] 8
[INTERACTOR → SOLUTION] 8 0 2 0 4
[SOLUTION → INTERACTOR] 2
[SOLUTION → INTERACTOR] CONVERT 0 1
[SOLUTION → INTERACTOR] BUILD_CABLE 53 52
[INTERACTOR → SOLUTION] 9
[INTERACTOR → SOLUTION] 3 0 6 0 4
[SOLUTION → INTERACTOR] 0
[INTERACTOR → SOLUTION] 7
[INTERACTOR → SOLUTION] 3 0 6 0 4
[SOLUTION → INTERACTOR] 0
[INTERACTOR → SOLUTION] 6
[INTERACTOR → SOLUTION] 6 0 6 0 4
[SOLUTION → INTERACTOR] 0
[INTERACTOR → SOLUTION] 7
[INTERACTOR → SOLUTION] 6 0 6 0 4
[SOLUTION → INTERACTOR] 0
[INTERACTOR → SOLUTION] 12
[INTERACTOR → SOLUTION] 6 0 6 0 4
[SOLUTION → INTERACTOR] 0
[INTERACTOR → SOLUTION] 6
[INTERACTOR → SOLUTION] 9 0 6 0 4
[SOLUTION → INTERACTOR] 1
[SOLUTION → INTERACTOR] CONVERT 0 1
[INTERACTOR → SOLUTION] 10
[INTERACTOR → SOLUTION] 5 1 6 3 4
[SOLUTION → INTERACTOR] 1
[SOLUTION → INTERACTOR] BUILD_DC 31
[INTERACTOR → SOLUTION] 10
[INTERACTOR → SOLUTION] 4 0 5 6 4
[SOLUTION → INTERACTOR] 1
[SOLUTION → INTERACTOR] UPGRADE_DC 14
[INTERACTOR → SOLUTION] 12
[INTERACTOR → SOLUTION] 4 0 5 4 1
[SOLUTION → INTERACTOR] 0
[INTERACTOR → SOLUTION] 3
[INTERACTOR → SOLUTION] 4 0 5 4 3
[SOLUTION → INTERACTOR] 1
[SOLUTION → INTERACTOR] UPGRADE_DC 20
[INTERACTOR → SOLUTION] 6
[INTERACTOR → SOLUTION] 8 0 5 2 0
[SOLUTION → INTERACTOR] 2
[SOLUTION → INTERACTOR] CONVERT 0 1
[SOLUTION → INTERACTOR] BUILD_DC 33
[INTERACTOR → SOLUTION] 9
[INTERACTOR → SOLUTION] 3 0 10 1 0
[SOLUTION → INTERACTOR] 2
[SOLUTION → INTERACTOR] CONVERT 2 1
[SOLUTION → INTERACTOR] BUILD_DC 35
[INTERACTOR → SOLUTION] 96
[INTERACTOR → SOLUTION] 1 6 25 26 14 17 27 28
[INTERACTOR → SOLUTION] 2 8 38 39 29 26 25 40
[INTERACTOR → SOLUTION] 1 5 47 48 41 39 38 49
[INTERACTOR → SOLUTION] 4 4 14 15 0 5 16 17
[INTERACTOR → SOLUTION] 3 3 29 30 18 15 14 26
[INTERACTOR → SOLUTION] 1 6 41 42 31 30 29 39
[INTERACTOR → SOLUTION] 2 4 50 51 43 42 41 48
[INTERACTOR → SOLUTION] 3 12 0 1 2 3 4 5
[INTERACTOR → SOLUTION] 5 0 18 19 6 1 0 15
[INTERACTOR → SOLUTION] 2 5 31 32 20 19 18 30
[INTERACTOR → SOLUTION] 4 2 43 44 33 32 31 42
[INTERACTOR → SOLUTION] 3 11 52 53 45 44 43 51
[INTERACTOR → SOLUTION] 4 11 6 7 8 9 2 1
[INTERACTOR → SOLUTION] 4 10 20 21 10 7 6 19
[INTERACTOR → SOLUTION] 4 3 33 34 22 21 20 32
[INTERACTOR → SOLUTION] 0 9 45 46 35 34 33 44
[INTERACTOR → SOLUTION] 0 9 10 11 12 13 8 7
[INTERACTOR → SOLUTION] 2 8 22 23 24 11 10 21
[INTERACTOR → SOLUTION] 3 10 35 36 37 23 22 34
[INTERACTOR → SOLUTION] C0 2 3 4
[INTERACTOR → SOLUTION] C1 2 23 37
[INTERACTOR → SOLUTION] C2 2 17 27
[INTERACTOR → SOLUTION] C3 2 48 50
[INTERACTOR → SOLUTION] C4 2 38 49
[INTERACTOR → SOLUTION] C31 8 45 46 2 9 11 12 25 28
[SOLUTION → INTERACTOR] START
[SOLUTION → INTERACTOR] BUILD_DC 26
[SOLUTION → INTERACTOR] BUILD_DC 34
[SOLUTION → INTERACTOR] BUILD_CABLE 26 29
[SOLUTION → INTERACTOR] BUILD_CABLE 34 22
[INTERACTOR → SOLUTION] 8
[INTERACTOR → SOLUTION] 0 0 1 0 0
[SOLUTION → INTERACTOR] 0
[INTERACTOR → SOLUTION] 5
[INTERACTOR → SOLUTION] 0 0 1 0 0
[SOLUTION → INTERACTOR] 0
[INTERACTOR → SOLUTION] 5
[INTERACTOR → SOLUTION] 0 0 1 0 0
[SOLUTION → INTERACTOR] 0
[INTERACTOR → SOLUTION] 5
[INTERACTOR → SOLUTION] 0 0 1 0 0
[SOLUTION → INTERACTOR] 0
[INTERACTOR → SOLUTION] 9
[INTERACTOR → SOLUTION] 1 0 1 0 0
[SOLUTION → INTERACTOR] 0
[INTERACTOR → SOLUTION] 4
[INTERACTOR → SOLUTION] 1 0 1 0 0
[SOLUTION → INTERACTOR] 0
[INTERACTOR → SOLUTION] 8
[INTERACTOR → SOLUTION] 1 0 2 0 0
[SOLUTION → INTERACTOR] 0
[INTERACTOR → SOLUTION] 11
[INTERACTOR → SOLUTION] 1 0 2 0 0
[SOLUTION → INTERACTOR] 0
[INTERACTOR → SOLUTION] 4
[INTERACTOR → SOLUTION] 1 0 2 0 0
[SOLUTION → INTERACTOR] 0
[INTERACTOR → SOLUTION] 11
[INTERACTOR → SOLUTION] 1 0 2 0 0
[SOLUTION → INTERACTOR] 0
[INTERACTOR → SOLUTION] 10
[INTERACTOR → SOLUTION] 1 0 2 1 0
[SOLUTION → INTERACTOR] 0
[INTERACTOR → SOLUTION] 11
[INTERACTOR → SOLUTION] 1 0 2 1 0
[SOLUTION → INTERACTOR] 0
[INTERACTOR → SOLUTION] 10
[INTERACTOR → SOLUTION] 1 0 2 2 0
[SOLUTION → INTERACTOR] 0
[INTERACTOR → SOLUTION] 4
[INTERACTOR → SOLUTION] 1 0 2 2 0
[SOLUTION → INTERACTOR] 0
[INTERACTOR → SOLUTION] 5
[INTERACTOR → SOLUTION] 1 0 2 2 0
[SOLUTION → INTERACTOR] 0
[INTERACTOR → SOLUTION] 6
[INTERACTOR → SOLUTION] 1 1 2 2 0
[SOLUTION → INTERACTOR] 1
[SOLUTION → INTERACTOR] BUILD_CABLE 29 39
[INTERACTOR → SOLUTION] 10
[INTERACTOR → SOLUTION] 0 0 2 3 0
[SOLUTION → INTERACTOR] 0
[INTERACTOR → SOLUTION] 9
[INTERACTOR → SOLUTION] 1 0 2 3 0
[SOLUTION → INTERACTOR] 0
[INTERACTOR → SOLUTION] 11
[INTERACTOR → SOLUTION] 1 0 2 3 0
[SOLUTION → INTERACTOR] 0
[INTERACTOR → SOLUTION] 8
[INTERACTOR → SOLUTION] 1 0 3 3 0
[SOLUTION → INTERACTOR] 0
[INTERACTOR → SOLUTION] 5
[INTERACTOR → SOLUTION] 1 0 3 3 0
[SOLUTION → INTERACTOR] 0
[INTERACTOR → SOLUTION] 11
[INTERACTOR → SOLUTION] 1 0 3 3 0
[SOLUTION → INTERACTOR] 0
[INTERACTOR → SOLUTION] 12
[INTERACTOR → SOLUTION] 1 0 3 3 0
[SOLUTION → INTERACTOR] 0
[INTERACTOR → SOLUTION] 7
[INTERACTOR → SOLUTION] 1 0 3 3 0
[SOLUTION → INTERACTOR] 0
[INTERACTOR → SOLUTION] 8
[INTERACTOR → SOLUTION] 1 0 4 3 0
[SOLUTION → INTERACTOR] 0
[INTERACTOR → SOLUTION] 2
[INTERACTOR → SOLUTION] 1 0 4 3 0
[SOLUTION → INTERACTOR] 0
[INTERACTOR → SOLUTION] 8
[INTERACTOR → SOLUTION] 1 0 5 3 0
[SOLUTION → INTERACTOR] 0
[INTERACTOR → SOLUTION] 5
[INTERACTOR → SOLUTION] 1 0 5 3 0
[SOLUTION → INTERACTOR] 0
[INTERACTOR → SOLUTION] 3
[INTERACTOR → SOLUTION] 1 0 5 4 1
[SOLUTION → INTERACTOR] 0
[INTERACTOR → SOLUTION] 7
[INTERACTOR → SOLUTION] 1 0 5 4 1
[SOLUTION → INTERACTOR] 0
[INTERACTOR → SOLUTION] 3
[INTERACTOR → SOLUTION] 1 0 5 5 2
[SOLUTION → INTERACTOR] 0
[INTERACTOR → SOLUTION] 3
[INTERACTOR → SOLUTION] 1 0 5 6 3
[SOLUTION → INTERACTOR] 1
[SOLUTION → INTERACTOR] UPGRADE_DC 26
[INTERACTOR → SOLUTION] 3
[INTERACTOR → SOLUTION] 1 0 5 6 1
[SOLUTION → INTERACTOR] 0
[INTERACTOR → SOLUTION] 8
[INTERACTOR → SOLUTION] 1 0 7 6 1
[SOLUTION → INTERACTOR] 2
[SOLUTION → INTERACTOR] CONVERT 2 1
[SOLUTION → INTERACTOR] BUILD_DC 39
[INTERACTOR → SOLUTION] 4
[INTERACTOR → SOLUTION] 0 0 2 5 1
[SOLUTION → INTERACTOR] 0
[INTERACTOR → SOLUTION] 6
[INTERACTOR → SOLUTION] 0 3 2 5 1
[SOLUTION → INTERACTOR] 0
[INTERACTOR → SOLUTION] 6
[INTERACTOR → SOLUTION] 0 6 2 5 1
[SOLUTION → INTERACTOR] 0
[INTERACTOR → SOLUTION] 2
[INTERACTOR → SOLUTION] 0 6 2 5 1
[SOLUTION → INTERACTOR] 0
[INTERACTOR → SOLUTION] 4
[INTERACTOR → SOLUTION] 0 6 2 5 1
[SOLUTION → INTERACTOR] 0
[INTERACTOR → SOLUTION] 5
[INTERACTOR → SOLUTION] 0 7 2 5 1
[SOLUTION → INTERACTOR] 2
[SOLUTION → INTERACTOR] CONVERT 1 0
[SOLUTION → INTERACTOR] BUILD_CABLE 29 30
[INTERACTOR → SOLUTION] 8
[INTERACTOR → SOLUTION] 0 2 5 5 1
[SOLUTION → INTERACTOR] 0
[INTERACTOR → SOLUTION] 5
[INTERACTOR → SOLUTION] 0 3 5 5 1
[SOLUTION → INTERACTOR] 0
[INTERACTOR → SOLUTION] 7
[INTERACTOR → SOLUTION] 0 3 5 5 1
[SOLUTION → INTERACTOR] 0
[INTERACTOR → SOLUTION] 10
[INTERACTOR → SOLUTION] 0 3 5 6 1
[SOLUTION → INTERACTOR] 0
[INTERACTOR → SOLUTION] 3
[INTERACTOR → SOLUTION] 0 3 5 8 2
[SOLUTION → INTERACTOR] 0
[INTERACTOR → SOLUTION] 5
[INTERACTOR → SOLUTION] 0 4 5 8 2
[SOLUTION → INTERACTOR] 0
[INTERACTOR → SOLUTION] 5
[INTERACTOR → SOLUTION] 0 5 5 8 2
[SOLUTION → INTERACTOR] 0
[INTERACTOR → SOLUTION] 7
[INTERACTOR → SOLUTION] 0 5 5 8 2
[SOLUTION → INTERACTOR] 0
[INTERACTOR → SOLUTION] 7
[INTERACTOR → SOLUTION] 0 5 5 8 2
[SOLUTION → INTERACTOR] 0
[INTERACTOR → SOLUTION] 5
[INTERACTOR → SOLUTION] 0 6 5 8 2
[SOLUTION → INTERACTOR] 0
[INTERACTOR → SOLUTION] 11
[INTERACTOR → SOLUTION] 0 6 5 8 2
[SOLUTION → INTERACTOR] 0
[INTERACTOR → SOLUTION] 10
[INTERACTOR → SOLUTION] 0 6 5 9 2
[SOLUTION → INTERACTOR] 0
[INTERACTOR → SOLUTION] 8
[INTERACTOR → SOLUTION] 0 6 8 9 2
[SOLUTION → INTERACTOR] 2
[SOLUTION → INTERACTOR] CONVERT 2 0
[SOLUTION → INTERACTOR] BUILD_DC 30
[INTERACTOR → SOLUTION] 6
[INTERACTOR → SOLUTION] 0 9 3 8 2
[SOLUTION → INTERACTOR] 2
[SOLUTION → INTERACTOR] CONVERT 1 0
[SOLUTION → INTERACTOR] BUILD_CABLE 22 21
[INTERACTOR → SOLUTION] 6
[INTERACTOR → SOLUTION] 0 8 3 8 2
[SOLUTION → INTERACTOR] 2
[SOLUTION → INTERACTOR] CONVERT 1 0
[SOLUTION → INTERACTOR] BUILD_DC 21
[INTERACTOR → SOLUTION] 2
[INTERACTOR → SOLUTION] 0 3 2 7 2
[SOLUTION → INTERACTOR] 0
[INTERACTOR → SOLUTION] 7
[INTERACTOR → SOLUTION] 0 3 2 7 2
[SOLUTION → INTERACTOR] 0
[INTERACTOR → SOLUTION] 9
[INTERACTOR → SOLUTION] 1 3 2 7 2
[SOLUTION → INTERACTOR] 1
[SOLUTION → INTERACTOR] BUILD_CABLE 21 10
[INTERACTOR → SOLUTION] 11
[INTERACTOR → SOLUTION] 0 2 2 7 2
[SOLUTION → INTERACTOR] 0
[INTERACTOR → SOLUTION] 9
[INTERACTOR → SOLUTION] 1 2 2 7 2
[SOLUTION → INTERACTOR] 1
[SOLUTION → INTERACTOR] BUILD_CABLE 10 11
[INTERACTOR → SOLUTION] 7
[INTERACTOR → SOLUTION] 0 1 2 7 2
[SOLUTION → INTERACTOR] 0
[INTERACTOR → SOLUTION] 7
[INTERACTOR → SOLUTION] 0 1 2 7 2
[SOLUTION → INTERACTOR] 0
[INTERACTOR → SOLUTION] 11
[INTERACTOR → SOLUTION] 0 1 2 7 2
[SOLUTION → INTERACTOR] 0
[INTERACTOR → SOLUTION] 4
[INTERACTOR → SOLUTION] 0 1 2 7 2
[SOLUTION → INTERACTOR] 0
[INTERACTOR → SOLUTION] 4
[INTERACTOR → SOLUTION] 0 1 2 7 2
[SOLUTION → INTERACTOR] 0
[INTERACTOR → SOLUTION] 2
[INTERACTOR → SOLUTION] 0 1 2 7 2
[SOLUTION → INTERACTOR] 0
[INTERACTOR → SOLUTION] 3
[INTERACTOR → SOLUTION] 0 1 2 10 4
[SOLUTION → INTERACTOR] 1
[SOLUTION → INTERACTOR] UPGRADE_DC 39
[INTERACTOR → SOLUTION] 11
[INTERACTOR → SOLUTION] 0 1 2 8 1
[SOLUTION → INTERACTOR] 0
[INTERACTOR → SOLUTION] 12
[INTERACTOR → SOLUTION] 0 1 2 8 1
[SOLUTION → INTERACTOR] 0
[INTERACTOR → SOLUTION] 12
[INTERACTOR → SOLUTION] 0 1 2 8 1
[SOLUTION → INTERACTOR] 0
[INTERACTOR → SOLUTION] 3
[INTERACTOR → SOLUTION] 0 1 2 11 3
[SOLUTION → INTERACTOR] 1
[SOLUTION → INTERACTOR] UPGRADE_DC 30
[INTERACTOR → SOLUTION] 11
[INTERACTOR → SOLUTION] 0 1 2 9 0
[SOLUTION → INTERACTOR] 0
[INTERACTOR → SOLUTION] 11
[INTERACTOR → SOLUTION] 0 1 2 9 0
[SOLUTION → INTERACTOR] 0
[INTERACTOR → SOLUTION] 9
[INTERACTOR → SOLUTION] 1 1 2 9 0
[SOLUTION → INTERACTOR] 1
[SOLUTION → INTERACTOR] BUILD_DC 11
[INTERACTOR → SOLUTION] 7
[INTERACTOR → SOLUTION] 0 0 1 8 0
[SOLUTION → INTERACTOR] 0
[INTERACTOR → SOLUTION] 5
[INTERACTOR → SOLUTION] 0 2 3 8 0
[SOLUTION → INTERACTOR] 0
[INTERACTOR → SOLUTION] 7
[INTERACTOR → SOLUTION] 0 2 3 8 0
[SOLUTION → INTERACTOR] 0
[INTERACTOR → SOLUTION] 6
[INTERACTOR → SOLUTION] 0 8 3 8 0
[SOLUTION → INTERACTOR] 2
[SOLUTION → INTERACTOR] CONVERT 1 0
[SOLUTION → INTERACTOR] BUILD_CABLE 10 7
[INTERACTOR → SOLUTION] 7
[INTERACTOR → SOLUTION] 0 4 3 8 0
[SOLUTION → INTERACTOR] 0
[INTERACTOR → SOLUTION] 2
[INTERACTOR → SOLUTION] 0 4 3 8 0
[SOLUTION → INTERACTOR] 0
[INTERACTOR → SOLUTION] 5
[INTERACTOR → SOLUTION] 0 6 5 8 0
[SOLUTION → INTERACTOR] 2
[SOLUTION → INTERACTOR] CONVERT 1 0
[SOLUTION → INTERACTOR] BUILD_DC 7
[INTERACTOR → SOLUTION] 8
[INTERACTOR → SOLUTION] 0 2 10 7 0
[SOLUTION → INTERACTOR] 4
[SOLUTION → INTERACTOR] CONVERT 2 0
[SOLUTION → INTERACTOR] BUILD_CABLE 22 23
[SOLUTION → INTERACTOR] CONVERT 2 0
[SOLUTION → INTERACTOR] BUILD_DC 23
[INTERACTOR → SOLUTION] 8
[INTERACTOR → SOLUTION] 0 0 10 6 0
[SOLUTION → INTERACTOR] 3
[SOLUTION → INTERACTOR] CONVERT 2 0
[SOLUTION → INTERACTOR] CONVERT 2 1
[SOLUTION → INTERACTOR] BUILD_CABLE 26 25
[INTERACTOR → SOLUTION] 7
[INTERACTOR → SOLUTION] 0 0 4 6 0
[SOLUTION → INTERACTOR] 0
[INTERACTOR → SOLUTION] 8
[INTERACTOR → SOLUTION] 0 0 11 6 0
[SOLUTION → INTERACTOR] 3
[SOLUTION → INTERACTOR] CONVERT 2 0
[SOLUTION → INTERACTOR] CONVERT 2 1
[SOLUTION → INTERACTOR] BUILD_CABLE 25 28
[INTERACTOR → SOLUTION] 10
[INTERACTOR → SOLUTION] 0 0 5 8 2
[SOLUTION → INTERACTOR] 0
[INTERACTOR → SOLUTION] 6
[INTERACTOR → SOLUTION] 0 6 5 8 2
[SOLUTION → INTERACTOR] 2
[SOLUTION → INTERACTOR] CONVERT 1 0
[SOLUTION → INTERACTOR] BUILD_DC 28
[INTERACTOR → SOLUTION] 4
[INTERACTOR → SOLUTION] 0 3 4 7 2
[SOLUTION → INTERACTOR] 0
[INTERACTOR → SOLUTION] 5
[INTERACTOR → SOLUTION] 0 5 6 7 2
[SOLUTION → INTERACTOR] 1
[SOLUTION → INTERACTOR] CONVERT 1 0
[INTERACTOR → SOLUTION] 9
[INTERACTOR → SOLUTION] 4 3 6 7 2
[SOLUTION → INTERACTOR] 0
[INTERACTOR → SOLUTION] 5
[INTERACTOR → SOLUTION] 4 5 8 7 2
[SOLUTION → INTERACTOR] 0
[INTERACTOR → SOLUTION] 8
[INTERACTOR → SOLUTION] 4 5 15 7 2
[SOLUTION → INTERACTOR] 2
[SOLUTION → INTERACTOR] CONVERT 2 4
[SOLUTION → INTERACTOR] UPGRADE_DC 21
[INTERACTOR → SOLUTION] 4
[INTERACTOR → SOLUTION] 4 5 12 5 0
[SOLUTION → INTERACTOR] 0
[INTERACTOR → SOLUTION] 7
[INTERACTOR → SOLUTION] 4 5 12 5 0
[SOLUTION → INTERACTOR] 0
[INTERACTOR → SOLUTION] 7
[INTERACTOR → SOLUTION] 4 5 12 5 0
[SOLUTION → INTERACTOR] 0
[INTERACTOR → SOLUTION] 8
[INTERACTOR → SOLUTION] 4 5 20 5 0
[SOLUTION → INTERACTOR] 2
[SOLUTION → INTERACTOR] CONVERT 2 4
[SOLUTION → INTERACTOR] CONVERT 2 4
[INTERACTOR → SOLUTION] 101
[INTERACTOR → SOLUTION] 2 9 25 26 14 17 27 28
[INTERACTOR → SOLUTION] 1 6 38 39 29 26 25 40
[INTERACTOR → SOLUTION] 2 4 47 48 41 39 38 49
[INTERACTOR → SOLUTION] 3 10 14 15 0 5 16 17
[INTERACTOR → SOLUTION] 0 8 29 30 18 15 14 26
[INTERACTOR → SOLUTION] 2 8 41 42 31 30 29 39
[INTERACTOR → SOLUTION] 3 11 50 51 43 42 41 48
[INTERACTOR → SOLUTION] 2 6 0 1 2 3 4 5
[INTERACTOR → SOLUTION] 4 3 18 19 6 1 0 15
[INTERACTOR → SOLUTION] 4 2 31 32 20 19 18 30
[INTERACTOR → SOLUTION] 4 11 43 44 33 32 31 42
[INTERACTOR → SOLUTION] 3 12 52 53 45 44 43 51
[INTERACTOR → SOLUTION] 3 10 6 7 8 9 2 1
[INTERACTOR → SOLUTION] 2 5 20 21 10 7 6 19
[INTERACTOR → SOLUTION] 5 0 33 34 22 21 20 32
[INTERACTOR → SOLUTION] 1 9 45 46 35 34 33 44
[INTERACTOR → SOLUTION] 1 5 10 11 12 13 8 7
[INTERACTOR → SOLUTION] 0 4 22 23 24 11 10 21
[INTERACTOR → SOLUTION] 3 3 35 36 37 23 22 34
[INTERACTOR → SOLUTION] C0 2 35 36
[INTERACTOR → SOLUTION] C1 2 2 3
[INTERACTOR → SOLUTION] C2 2 25 40
[INTERACTOR → SOLUTION] C3 2 11 12
[INTERACTOR → SOLUTION] C4 2 8 9
[INTERACTOR → SOLUTION] C31 8 4 5 23 24 47 49 51 52
[SOLUTION → INTERACTOR] START
[SOLUTION → INTERACTOR] BUILD_DC 7
[SOLUTION → INTERACTOR] BUILD_DC 14
[SOLUTION → INTERACTOR] BUILD_CABLE 7 10
[SOLUTION → INTERACTOR] BUILD_CABLE 14 26
[INTERACTOR → SOLUTION] 11
[INTERACTOR → SOLUTION] 0 0 0 0 0
[SOLUTION → INTERACTOR] 0
[INTERACTOR → SOLUTION] 7
[INTERACTOR → SOLUTION] 0 0 0 0 0
[SOLUTION → INTERACTOR] 0
[INTERACTOR → SOLUTION] 4
[INTERACTOR → SOLUTION] 0 0 0 0 0
[SOLUTION → INTERACTOR] 0
[INTERACTOR → SOLUTION] 3
[INTERACTOR → SOLUTION] 0 0 0 0 0
[SOLUTION → INTERACTOR] 0
[INTERACTOR → SOLUTION] 7
[INTERACTOR → SOLUTION] 0 0 0 0 0
[SOLUTION → INTERACTOR] 0
[INTERACTOR → SOLUTION] 8
[INTERACTOR → SOLUTION] 1 0 0 0 0
[SOLUTION → INTERACTOR] 0
[INTERACTOR → SOLUTION] 7
[INTERACTOR → SOLUTION] 1 0 0 0 0
[SOLUTION → INTERACTOR] 0
[INTERACTOR → SOLUTION] 8
[INTERACTOR → SOLUTION] 2 0 0 0 0
[SOLUTION → INTERACTOR] 0
[INTERACTOR → SOLUTION] 6
[INTERACTOR → SOLUTION] 2 0 0 0 0
[SOLUTION → INTERACTOR] 0
[INTERACTOR → SOLUTION] 11
[INTERACTOR → SOLUTION] 2 0 0 0 0
[SOLUTION → INTERACTOR] 0
[INTERACTOR → SOLUTION] 3
[INTERACTOR → SOLUTION] 2 0 0 0 0
[SOLUTION → INTERACTOR] 0
[INTERACTOR → SOLUTION] 8
[INTERACTOR → SOLUTION] 3 0 0 0 0
[SOLUTION → INTERACTOR] 0
[INTERACTOR → SOLUTION] 3
[INTERACTOR → SOLUTION] 3 0 0 0 0
[SOLUTION → INTERACTOR] 0
[INTERACTOR → SOLUTION] 7
[INTERACTOR → SOLUTION] 3 0 0 0 0
[SOLUTION → INTERACTOR] 0
[INTERACTOR → SOLUTION] 6
[INTERACTOR → SOLUTION] 3 0 0 0 0
[SOLUTION → INTERACTOR] 0
[INTERACTOR → SOLUTION] 6
[INTERACTOR → SOLUTION] 3 0 0 0 0
[SOLUTION → INTERACTOR] 0
[INTERACTOR → SOLUTION] 8
[INTERACTOR → SOLUTION] 4 0 0 0 0
[SOLUTION → INTERACTOR] 0
[INTERACTOR → SOLUTION] 5
[INTERACTOR → SOLUTION] 4 1 1 0 0
[SOLUTION → INTERACTOR] 1
[SOLUTION → INTERACTOR] BUILD_CABLE 26 29
[INTERACTOR → SOLUTION] 3
[INTERACTOR → SOLUTION] 3 0 1 0 0
[SOLUTION → INTERACTOR] 0
[INTERACTOR → SOLUTION] 7
[INTERACTOR → SOLUTION] 3 0 1 0 0
[SOLUTION → INTERACTOR] 0
[INTERACTOR → SOLUTION] 9
[INTERACTOR → SOLUTION] 3 0 2 0 0
[SOLUTION → INTERACTOR] 0
[INTERACTOR → SOLUTION] 7
[INTERACTOR → SOLUTION] 3 0 2 0 0
[SOLUTION → INTERACTOR] 0
[INTERACTOR → SOLUTION] 7
[INTERACTOR → SOLUTION] 3 0 2 0 0
[SOLUTION → INTERACTOR] 0
[INTERACTOR → SOLUTION] 5
[INTERACTOR → SOLUTION] 3 1 3 0 0
[SOLUTION → INTERACTOR] 1
[SOLUTION → INTERACTOR] BUILD_CABLE 29 39
[INTERACTOR → SOLUTION] 8
[INTERACTOR → SOLUTION] 3 0 3 0 0
[SOLUTION → INTERACTOR] 0
[INTERACTOR → SOLUTION] 9
[INTERACTOR → SOLUTION] 3 0 4 0 0
[SOLUTION → INTERACTOR] 0
[INTERACTOR → SOLUTION] 7
[INTERACTOR → SOLUTION] 3 0 4 0 0
[SOLUTION → INTERACTOR] 0
[INTERACTOR → SOLUTION] 6
[INTERACTOR → SOLUTION] 3 0 4 0 0
[SOLUTION → INTERACTOR] 0
[INTERACTOR → SOLUTION] 8
[INTERACTOR → SOLUTION] 4 0 4 0 0
[SOLUTION → INTERACTOR] 0
[INTERACTOR → SOLUTION] 7
[INTERACTOR → SOLUTION] 4 0 4 0 0
[SOLUTION → INTERACTOR] 0
[INTERACTOR → SOLUTION] 7
[INTERACTOR → SOLUTION] 4 0 4 0 0
[SOLUTION → INTERACTOR] 0
[INTERACTOR → SOLUTION] 5
[INTERACTOR → SOLUTION] 4 1 5 0 0
[SOLUTION → INTERACTOR] 1
[SOLUTION → INTERACTOR] BUILD_CABLE 29 30
[INTERACTOR → SOLUTION] 9
[INTERACTOR → SOLUTION] 3 0 6 0 0
[SOLUTION → INTERACTOR] 0
[INTERACTOR → SOLUTION] 4
[INTERACTOR → SOLUTION] 3 0 6 0 0
[SOLUTION → INTERACTOR] 0
[INTERACTOR → SOLUTION] 8
[INTERACTOR → SOLUTION] 4 0 6 0 0
[SOLUTION → INTERACTOR] 0
[INTERACTOR → SOLUTION] 5
[INTERACTOR → SOLUTION] 4 1 7 0 0
[SOLUTION → INTERACTOR] 2
[SOLUTION → INTERACTOR] CONVERT 2 3
[SOLUTION → INTERACTOR] BUILD_DC 29
[INTERACTOR → SOLUTION] 2
[INTERACTOR → SOLUTION] 3 0 2 0 0
[SOLUTION → INTERACTOR] 0
[INTERACTOR → SOLUTION] 11
[INTERACTOR → SOLUTION] 3 0 2 0 0
[SOLUTION → INTERACTOR] 0
[INTERACTOR → SOLUTION] 7
[INTERACTOR → SOLUTION] 3 0 2 0 0
[SOLUTION → INTERACTOR] 0
[INTERACTOR → SOLUTION] 4
[INTERACTOR → SOLUTION] 3 0 2 0 0
[SOLUTION → INTERACTOR] 0
[INTERACTOR → SOLUTION] 5
[INTERACTOR → SOLUTION] 3 1 3 0 0
[SOLUTION → INTERACTOR] 1
[SOLUTION → INTERACTOR] BUILD_CABLE 39 41
[INTERACTOR → SOLUTION] 12
[INTERACTOR → SOLUTION] 2 0 3 0 0
[SOLUTION → INTERACTOR] 0
[INTERACTOR → SOLUTION] 7
[INTERACTOR → SOLUTION] 2 0 3 0 0
[SOLUTION → INTERACTOR] 0
[INTERACTOR → SOLUTION] 9
[INTERACTOR → SOLUTION] 2 0 4 0 0
[SOLUTION → INTERACTOR] 0
[INTERACTOR → SOLUTION] 4
[INTERACTOR → SOLUTION] 2 0 4 0 0
[SOLUTION → INTERACTOR] 0
[INTERACTOR → SOLUTION] 8
[INTERACTOR → SOLUTION] 4 0 5 0 0
[SOLUTION → INTERACTOR] 0
[INTERACTOR → SOLUTION] 9
[INTERACTOR → SOLUTION] 4 0 6 0 0
[SOLUTION → INTERACTOR] 0
[INTERACTOR → SOLUTION] 3
[INTERACTOR → SOLUTION] 4 0 6 0 0
[SOLUTION → INTERACTOR] 0
[INTERACTOR → SOLUTION] 5
[INTERACTOR → SOLUTION] 4 1 7 0 0
[SOLUTION → INTERACTOR] 2
[SOLUTION → INTERACTOR] CONVERT 2 3
[SOLUTION → INTERACTOR] BUILD_DC 41
[INTERACTOR → SOLUTION] 10
[INTERACTOR → SOLUTION] 3 0 2 2 0
[SOLUTION → INTERACTOR] 0
[INTERACTOR → SOLUTION] 2
[INTERACTOR → SOLUTION] 3 0 2 2 0
[SOLUTION → INTERACTOR] 0
[INTERACTOR → SOLUTION] 11
[INTERACTOR → SOLUTION] 3 0 2 3 0
[SOLUTION → INTERACTOR] 0
[INTERACTOR → SOLUTION] 9
[INTERACTOR → SOLUTION] 3 0 3 3 0
[SOLUTION → INTERACTOR] 0
[INTERACTOR → SOLUTION] 5
[INTERACTOR → SOLUTION] 3 1 4 3 0
[SOLUTION → INTERACTOR] 1
[SOLUTION → INTERACTOR] BUILD_CABLE 26 25
[INTERACTOR → SOLUTION] 11
[INTERACTOR → SOLUTION] 2 0 4 4 0
[SOLUTION → INTERACTOR] 0
[INTERACTOR → SOLUTION] 8
[INTERACTOR → SOLUTION] 4 0 6 4 0
[SOLUTION → INTERACTOR] 0
[INTERACTOR → SOLUTION] 8
[INTERACTOR → SOLUTION] 6 0 8 4 0
[SOLUTION → INTERACTOR] 2
[SOLUTION → INTERACTOR] CONVERT 2 1
[SOLUTION → INTERACTOR] BUILD_DC 25
[INTERACTOR → SOLUTION] 4
[INTERACTOR → SOLUTION] 5 0 4 3 0
[SOLUTION → INTERACTOR] 0
[INTERACTOR → SOLUTION] 5
[INTERACTOR → SOLUTION] 5 1 5 3 0
[SOLUTION → INTERACTOR] 3
[SOLUTION → INTERACTOR] BUILD_CABLE 30 18
[SOLUTION → INTERACTOR] CONVERT 2 1
[SOLUTION → INTERACTOR] BUILD_DC 18
[INTERACTOR → SOLUTION] 8
[INTERACTOR → SOLUTION] 6 0 4 2 0
[SOLUTION → INTERACTOR] 0
[INTERACTOR → SOLUTION] 8
[INTERACTOR → SOLUTION] 9 0 6 2 0
[SOLUTION → INTERACTOR] 4
[SOLUTION → INTERACTOR] CONVERT 0 1
[SOLUTION → INTERACTOR] BUILD_CABLE 30 31
[SOLUTION → INTERACTOR] CONVERT 2 1
[SOLUTION → INTERACTOR] BUILD_DC 31
[INTERACTOR → SOLUTION] 9
[INTERACTOR → SOLUTION] 3 0 5 1 0
[SOLUTION → INTERACTOR] 2
[SOLUTION → INTERACTOR] CONVERT 2 1
[SOLUTION → INTERACTOR] BUILD_CABLE 39 38
[INTERACTOR → SOLUTION] 10
[INTERACTOR → SOLUTION] 2 0 3 3 0
[SOLUTION → INTERACTOR] 0
[INTERACTOR → SOLUTION] 2
[INTERACTOR → SOLUTION] 2 0 3 3 2
[SOLUTION → INTERACTOR] 0
[INTERACTOR → SOLUTION] 3
[INTERACTOR → SOLUTION] 2 0 3 3 3
[SOLUTION → INTERACTOR] 1
[SOLUTION → INTERACTOR] UPGRADE_DC 29
[INTERACTOR → SOLUTION] 10
[INTERACTOR → SOLUTION] 2 0 3 3 0
[SOLUTION → INTERACTOR] 0
[INTERACTOR → SOLUTION] 12
[INTERACTOR → SOLUTION] 2 0 3 3 0
[SOLUTION → INTERACTOR] 0
[INTERACTOR → SOLUTION] 9
[INTERACTOR → SOLUTION] 2 0 5 3 0
[SOLUTION → INTERACTOR] 2
[SOLUTION → INTERACTOR] CONVERT 2 1
[SOLUTION → INTERACTOR] BUILD_DC 38
[INTERACTOR → SOLUTION] 6
[INTERACTOR → SOLUTION] 1 4 2 2 0
[SOLUTION → INTERACTOR] 1
[SOLUTION → INTERACTOR] BUILD_CABLE 10 11
[INTERACTOR → SOLUTION] 11
[INTERACTOR → SOLUTION] 0 3 2 3 1
[SOLUTION → INTERACTOR] 0
[INTERACTOR → SOLUTION] 9
[INTERACTOR → SOLUTION] 0 3 4 3 1
[SOLUTION → INTERACTOR] 0
[INTERACTOR → SOLUTION] 7
[INTERACTOR → SOLUTION] 0 3 4 3 1
[SOLUTION → INTERACTOR] 0
[INTERACTOR → SOLUTION] 7
[INTERACTOR → SOLUTION] 0 3 4 3 1
[SOLUTION → INTERACTOR] 0
[INTERACTOR → SOLUTION] 8
[INTERACTOR → SOLUTION] 4 3 8 3 1
[SOLUTION → INTERACTOR] 5
[SOLUTION → INTERACTOR] BUILD_DC 11
[SOLUTION → INTERACTOR] BUILD_CABLE 11 24
[SOLUTION → INTERACTOR] BUILD_CABLE 24 23
[SOLUTION → INTERACTOR] CONVERT 2 1
[SOLUTION → INTERACTOR] BUILD_DC 23
[INTERACTOR → SOLUTION] 8
[INTERACTOR → SOLUTION] 4 0 8 1 1
[SOLUTION → INTERACTOR] 4
[SOLUTION → INTERACTOR] CONVERT 2 1
[SOLUTION → INTERACTOR] BUILD_CABLE 10 21
[SOLUTION → INTERACTOR] CONVERT 2 1
[SOLUTION → INTERACTOR] BUILD_DC 21
[INTERACTOR → SOLUTION] 8
[INTERACTOR → SOLUTION] 6 0 7 0 1
[SOLUTION → INTERACTOR] 5
[SOLUTION → INTERACTOR] CONVERT 0 1
[SOLUTION → INTERACTOR] CONVERT 2 3
[SOLUTION → INTERACTOR] BUILD_CABLE 38 49
[SOLUTION → INTERACTOR] CONVERT 2 1
[SOLUTION → INTERACTOR] BUILD_CABLE 49 47
[INTERACTOR → SOLUTION] 11
[INTERACTOR → SOLUTION] 1 0 3 2 2
[SOLUTION → INTERACTOR] 0
[INTERACTOR → SOLUTION] 4
[INTERACTOR → SOLUTION] 4 0 5 2 2
[SOLUTION → INTERACTOR] 2
[SOLUTION → INTERACTOR] CONVERT 2 1
[SOLUTION → INTERACTOR] BUILD_DC 47
[INTERACTOR → SOLUTION] 8
[INTERACTOR → SOLUTION] 7 0 6 1 2
[SOLUTION → INTERACTOR] 4
[SOLUTION → INTERACTOR] CONVERT 0 1
[SOLUTION → INTERACTOR] BUILD_CABLE 14 15
[SOLUTION → INTERACTOR] CONVERT 2 1
[SOLUTION → INTERACTOR] BUILD_CABLE 15 0
[INTERACTOR → SOLUTION] 11
[INTERACTOR → SOLUTION] 2 0 4 2 3
[SOLUTION → INTERACTOR] 1
[SOLUTION → INTERACTOR] UPGRADE_DC 14
[INTERACTOR → SOLUTION] 7
[INTERACTOR → SOLUTION] 2 0 4 0 0
[SOLUTION → INTERACTOR] 0
[INTERACTOR → SOLUTION] 7
[INTERACTOR → SOLUTION] 2 0 4 0 0
[SOLUTION → INTERACTOR] 0
[INTERACTOR → SOLUTION] 9
[INTERACTOR → SOLUTION] 2 0 7 0 0
[SOLUTION → INTERACTOR] 3
[SOLUTION → INTERACTOR] CONVERT 2 1
[SOLUTION → INTERACTOR] CONVERT 2 3
[SOLUTION → INTERACTOR] BUILD_DC 0
[INTERACTOR → SOLUTION] 10
[INTERACTOR → SOLUTION] 1 0 2 4 0
[SOLUTION → INTERACTOR] 0
[INTERACTOR → SOLUTION] 11
[INTERACTOR → SOLUTION] 1 0 2 5 1
[SOLUTION → INTERACTOR] 0
[INTERACTOR → SOLUTION] 6
[INTERACTOR → SOLUTION] 1 4 3 5 1
[SOLUTION → INTERACTOR] 1
[SOLUTION → INTERACTOR] BUILD_CABLE 0 5
[INTERACTOR → SOLUTION] 10
[INTERACTOR → SOLUTION] 0 3 3 9 1
[SOLUTION → INTERACTOR] 0
[INTERACTOR → SOLUTION] 4
[INTERACTOR → SOLUTION] 3 3 6 9 1
[SOLUTION → INTERACTOR] 4
[SOLUTION → INTERACTOR] BUILD_CABLE 5 4
[SOLUTION → INTERACTOR] BUILD_DC 4
[SOLUTION → INTERACTOR] BUILD_CABLE 31 42
[SOLUTION → INTERACTOR] CONVERT 2 0
[INTERACTOR → SOLUTION] 12
[INTERACTOR → SOLUTION] 1 0 3 8 1
[SOLUTION → INTERACTOR] 0
[INTERACTOR → SOLUTION] 9
[INTERACTOR → SOLUTION] 1 0 6 8 1
[SOLUTION → INTERACTOR] 2
[SOLUTION → INTERACTOR] CONVERT 2 1
[SOLUTION → INTERACTOR] BUILD_CABLE 42 43
[INTERACTOR → SOLUTION] 7
[INTERACTOR → SOLUTION] 0 0 4 8 1
[SOLUTION → INTERACTOR] 0
[INTERACTOR → SOLUTION] 9
[INTERACTOR → SOLUTION] 0 0 7 8 1
[SOLUTION → INTERACTOR] 3
[SOLUTION → INTERACTOR] CONVERT 2 0
[SOLUTION → INTERACTOR] CONVERT 2 1
[SOLUTION → INTERACTOR] BUILD_DC 43
[INTERACTOR → SOLUTION] 2
[INTERACTOR → SOLUTION] 0 0 2 7 3
[SOLUTION → INTERACTOR] 1
[SOLUTION → INTERACTOR] UPGRADE_DC 7
[INTERACTOR → SOLUTION] 2
[INTERACTOR → SOLUTION] 0 0 2 5 2
[SOLUTION → INTERACTOR] 0
[INTERACTOR → SOLUTION] 2
[INTERACTOR → SOLUTION] 0 0 2 5 4
[SOLUTION → INTERACTOR] 1
[SOLUTION → INTERACTOR] UPGRADE_DC 41
[INTERACTOR → SOLUTION] 7
[INTERACTOR → SOLUTION] 0 0 2 3 1
[SOLUTION → INTERACTOR] 0
[INTERACTOR → SOLUTION] 11
[INTERACTOR → SOLUTION] 0 0 2 6 3
[SOLUTION → INTERACTOR] 1
[SOLUTION → INTERACTOR] UPGRADE_DC 0
[INTERACTOR → SOLUTION] 10
[INTERACTOR → SOLUTION] 0 0 2 10 0
[SOLUTION → INTERACTOR] 0
[INTERACTOR → SOLUTION] 10
[INTERACTOR → SOLUTION] 0 0 2 16 0
[SOLUTION → INTERACTOR] 0
[INTERACTOR → SOLUTION] 3
[INTERACTOR → SOLUTION] 0 0 2 17 3
[SOLUTION → INTERACTOR] 1
[SOLUTION → INTERACTOR] UPGRADE_DC 25
[INTERACTOR → SOLUTION] 6
[INTERACTOR → SOLUTION] 0 5 5 15 0
[SOLUTION → INTERACTOR] 1
[SOLUTION → INTERACTOR] CONVERT 2 0
[INTERACTOR → SOLUTION] SCORE: 100
